#
# There is insufficient memory for the Java Runtime Environment to continue.
# Native memory allocation (malloc) failed to allocate 32744 bytes. Error detail: Chunk::new
# Possible reasons:
#   The system is out of physical RAM or swap space
#   This process is running with CompressedOops enabled, and the Java Heap may be blocking the growth of the native heap
# Possible solutions:
#   Reduce memory load on the system
#   Increase physical memory or swap space
#   Check if swap backing store is full
#   Decrease Java heap size (-Xmx/-Xms)
#   Decrease number of Java threads
#   Decrease Java thread stack sizes (-Xss)
#   Set larger code cache with -XX:ReservedCodeCacheSize=
#   JVM is running with Unscaled Compressed Oops mode in which the Java heap is
#     placed in the first 4GB address space. The Java Heap base address is the
#     maximum limit for the native heap growth. Please use -XX:HeapBaseMinAddress
#     to set the Java Heap base and to place the Java Heap above 4GB virtual address.
# This output file may be truncated or incomplete.
#
#  Out of Memory Error (arena.cpp:168), pid=26116, tid=26676
#
# JRE version: OpenJDK Runtime Environment Temurin-21.0.6+7 (21.0.6+7) (build 21.0.6+7-LTS)
# Java VM: OpenJDK 64-Bit Server VM Temurin-21.0.6+7 (21.0.6+7-LTS, mixed mode, sharing, tiered, compressed oops, compressed class ptrs, g1 gc, windows-amd64)
# No core dump will be written. Minidumps are not enabled by default on client versions of Windows
#

---------------  S U M M A R Y ------------

Command Line: -Dfile.encoding=UTF-8 -Dstdout.encoding=UTF-8 -Dstderr.encoding=UTF-8 -XX:+ShowCodeDetailsInExceptionMessages com.wallet.tx.TransactionServiceApplication

Host: 11th Gen Intel(R) Core(TM) i5-11300H @ 3.10GHz, 8 cores, 7G,  Windows 11 , 64 bit Build 26100 (10.0.26100.7920)
Time: Fri Mar 27 21:59:46 2026 India Standard Time elapsed time: 434.340369 seconds (0d 0h 7m 14s)

---------------  T H R E A D  ---------------

Current thread (0x0000016f277e4690):  JavaThread "C2 CompilerThread0" daemon [_thread_in_native, id=26676, stack(0x0000004113700000,0x0000004113800000) (1024K)]


Current CompileTask:
C2:434340 10380       4       org.apache.kafka.clients.consumer.internals.AbstractFetch::prepareFetchRequests (461 bytes)

Stack: [0x0000004113700000,0x0000004113800000]
Native frames: (J=compiled Java code, j=interpreted, Vv=VM code, C=native code)
V  [jvm.dll+0x6cdee9]
V  [jvm.dll+0x8a83d1]
V  [jvm.dll+0x8aa8fe]
V  [jvm.dll+0x8aafe3]
V  [jvm.dll+0x27f706]
V  [jvm.dll+0xc500d]
V  [jvm.dll+0xc5543]
V  [jvm.dll+0xc5135]
V  [jvm.dll+0x6aa647]
V  [jvm.dll+0x8cbb8]
V  [jvm.dll+0x66dbfe]
V  [jvm.dll+0x302619]
V  [jvm.dll+0x2fda78]
V  [jvm.dll+0x2fe1ba]
V  [jvm.dll+0x24914f]
V  [jvm.dll+0x246ec4]
V  [jvm.dll+0x1c75ee]
V  [jvm.dll+0x25685a]
V  [jvm.dll+0x254dfa]
V  [jvm.dll+0x3f0256]
V  [jvm.dll+0x851f8b]
V  [jvm.dll+0x6cc5ed]
C  [ucrtbase.dll+0x37b0]
C  [KERNEL32.DLL+0x2e8d7]
C  [ntdll.dll+0x8c48c]


---------------  P R O C E S S  ---------------

Threads class SMR info:
_java_thread_list=0x0000016f72967680, length=44, elements={
0x0000016f277c5d80, 0x0000016f277c9350, 0x0000016f277cf030, 0x0000016f277cfd50,
0x0000016f277d03e0, 0x0000016f277ce310, 0x0000016f277e4690, 0x0000016f277d8ff0,
0x0000016f277ccf60, 0x0000016f277cd5f0, 0x0000016f6fa4e7e0, 0x0000016f6fa4ee70,
0x0000016f6fa4cda0, 0x0000016f6fa4c710, 0x0000016f6fa4b9f0, 0x0000016f6fa4fb90,
0x0000016f6fa4d430, 0x0000016f6fa53010, 0x0000016f6fa51c60, 0x0000016f6fa522f0,
0x0000016f6fa52980, 0x0000016f277ce9a0, 0x0000016f277cf6c0, 0x0000016f70e39af0,
0x0000016f70e37390, 0x0000016f70e38740, 0x0000016f70e3a180, 0x0000016f70e36d00,
0x0000016f70e3a810, 0x0000016f70e380b0, 0x0000016f70e3aea0, 0x0000016f70e37a20,
0x0000016f70e3bbc0, 0x0000016f70e3b530, 0x0000016f70e3c250, 0x0000016f70e3c8e0,
0x0000016f70e39460, 0x0000016f70e3cf70, 0x0000016f70e3d600, 0x0000016f70e3dc90,
0x0000016f70e3e320, 0x0000016f73fef1c0, 0x0000016f73ff0570, 0x0000016f73ff2cd0
}

Java Threads: ( => current thread )
  0x0000016f277c5d80 JavaThread "Reference Handler"          daemon [_thread_blocked, id=20568, stack(0x0000004113100000,0x0000004113200000) (1024K)]
  0x0000016f277c9350 JavaThread "Finalizer"                  daemon [_thread_blocked, id=22192, stack(0x0000004113200000,0x0000004113300000) (1024K)]
  0x0000016f277cf030 JavaThread "Signal Dispatcher"          daemon [_thread_blocked, id=26256, stack(0x0000004113300000,0x0000004113400000) (1024K)]
  0x0000016f277cfd50 JavaThread "Attach Listener"            daemon [_thread_blocked, id=25648, stack(0x0000004113400000,0x0000004113500000) (1024K)]
  0x0000016f277d03e0 JavaThread "Service Thread"             daemon [_thread_blocked, id=19912, stack(0x0000004113500000,0x0000004113600000) (1024K)]
  0x0000016f277ce310 JavaThread "Monitor Deflation Thread"   daemon [_thread_blocked, id=27172, stack(0x0000004113600000,0x0000004113700000) (1024K)]
=>0x0000016f277e4690 JavaThread "C2 CompilerThread0"         daemon [_thread_in_native, id=26676, stack(0x0000004113700000,0x0000004113800000) (1024K)]
  0x0000016f277d8ff0 JavaThread "C1 CompilerThread0"         daemon [_thread_blocked, id=24544, stack(0x0000004113800000,0x0000004113900000) (1024K)]
  0x0000016f277ccf60 JavaThread "Notification Thread"        daemon [_thread_blocked, id=23048, stack(0x0000004113900000,0x0000004113a00000) (1024K)]
  0x0000016f277cd5f0 JavaThread "Common-Cleaner"             daemon [_thread_blocked, id=21960, stack(0x0000004113a00000,0x0000004113b00000) (1024K)]
  0x0000016f6fa4e7e0 JavaThread "Catalina-utility-1"                [_thread_blocked, id=17452, stack(0x0000004114500000,0x0000004114600000) (1024K)]
  0x0000016f6fa4ee70 JavaThread "Catalina-utility-2"                [_thread_blocked, id=22368, stack(0x0000004114600000,0x0000004114700000) (1024K)]
  0x0000016f6fa4cda0 JavaThread "container-0"                       [_thread_blocked, id=13924, stack(0x0000004114700000,0x0000004114800000) (1024K)]
  0x0000016f6fa4c710 JavaThread "PostgreSQL-JDBC-Cleaner"    daemon [_thread_blocked, id=14900, stack(0x0000004114900000,0x0000004114a00000) (1024K)]
  0x0000016f6fa4b9f0 JavaThread "HikariPool-1 housekeeper"   daemon [_thread_blocked, id=20488, stack(0x0000004114a00000,0x0000004114b00000) (1024K)]
  0x0000016f6fa4fb90 JavaThread "spring.cloud.inetutils"     daemon [_thread_blocked, id=6212, stack(0x0000004114c00000,0x0000004114d00000) (1024K)]
  0x0000016f6fa4d430 JavaThread "AsyncResolver-bootstrap-0"  daemon [_thread_blocked, id=10172, stack(0x0000004114b00000,0x0000004114c00000) (1024K)]
  0x0000016f6fa53010 JavaThread "DiscoveryClient-0"          daemon [_thread_blocked, id=18732, stack(0x0000004114000000,0x0000004114100000) (1024K)]
  0x0000016f6fa51c60 JavaThread "DiscoveryClient-1"          daemon [_thread_blocked, id=21828, stack(0x0000004114d00000,0x0000004114e00000) (1024K)]
  0x0000016f6fa522f0 JavaThread "DiscoveryClient-InstanceInfoReplicator-0" daemon [_thread_blocked, id=16068, stack(0x0000004114e00000,0x0000004114f00000) (1024K)]
  0x0000016f6fa52980 JavaThread "http-nio-8084-exec-1"       daemon [_thread_blocked, id=22708, stack(0x0000004114f00000,0x0000004115000000) (1024K)]
  0x0000016f277ce9a0 JavaThread "http-nio-8084-exec-2"       daemon [_thread_blocked, id=1840, stack(0x0000004115000000,0x0000004115100000) (1024K)]
  0x0000016f277cf6c0 JavaThread "http-nio-8084-exec-3"       daemon [_thread_blocked, id=20224, stack(0x0000004115100000,0x0000004115200000) (1024K)]
  0x0000016f70e39af0 JavaThread "http-nio-8084-exec-4"       daemon [_thread_blocked, id=14172, stack(0x0000004115200000,0x0000004115300000) (1024K)]
  0x0000016f70e37390 JavaThread "http-nio-8084-exec-5"       daemon [_thread_blocked, id=28976, stack(0x0000004115300000,0x0000004115400000) (1024K)]
  0x0000016f70e38740 JavaThread "http-nio-8084-exec-6"       daemon [_thread_blocked, id=30696, stack(0x0000004115400000,0x0000004115500000) (1024K)]
  0x0000016f70e3a180 JavaThread "http-nio-8084-exec-7"       daemon [_thread_blocked, id=15260, stack(0x0000004115500000,0x0000004115600000) (1024K)]
  0x0000016f70e36d00 JavaThread "http-nio-8084-exec-8"       daemon [_thread_blocked, id=23084, stack(0x0000004115600000,0x0000004115700000) (1024K)]
  0x0000016f70e3a810 JavaThread "http-nio-8084-exec-9"       daemon [_thread_blocked, id=19396, stack(0x0000004115700000,0x0000004115800000) (1024K)]
  0x0000016f70e380b0 JavaThread "http-nio-8084-exec-10"      daemon [_thread_blocked, id=20364, stack(0x0000004115800000,0x0000004115900000) (1024K)]
  0x0000016f70e3aea0 JavaThread "http-nio-8084-Poller"       daemon [_thread_in_native, id=29932, stack(0x0000004115900000,0x0000004115a00000) (1024K)]
  0x0000016f70e37a20 JavaThread "http-nio-8084-Acceptor"     daemon [_thread_in_native, id=15304, stack(0x0000004115a00000,0x0000004115b00000) (1024K)]
  0x0000016f70e3bbc0 JavaThread "micrometer-kafka-metrics"   daemon [_thread_blocked, id=13392, stack(0x0000004115b00000,0x0000004115c00000) (1024K)]
  0x0000016f70e3b530 JavaThread "ThreadPoolTaskScheduler-1"         [_thread_blocked, id=14872, stack(0x0000004115c00000,0x0000004115d00000) (1024K)]
  0x0000016f70e3c250 JavaThread "org.springframework.kafka.KafkaListenerEndpointContainer#0-0-C-1"        [_thread_in_native, id=20988, stack(0x0000004115d00000,0x0000004115e00000) (1024K)]
  0x0000016f70e3c8e0 JavaThread "micrometer-kafka-metrics"   daemon [_thread_blocked, id=16612, stack(0x0000004115e00000,0x0000004115f00000) (1024K)]
  0x0000016f70e39460 JavaThread "ThreadPoolTaskScheduler-1"         [_thread_blocked, id=13552, stack(0x0000004115f00000,0x0000004116000000) (1024K)]
  0x0000016f70e3cf70 JavaThread "org.springframework.kafka.KafkaListenerEndpointContainer#1-0-C-1"        [_thread_in_native, id=12032, stack(0x0000004116000000,0x0000004116100000) (1024K)]
  0x0000016f70e3d600 JavaThread "DestroyJavaVM"                     [_thread_blocked, id=15120, stack(0x0000004112900000,0x0000004112a00000) (1024K)]
  0x0000016f70e3dc90 JavaThread "kafka-coordinator-heartbeat-thread | transaction-group" daemon [_thread_blocked, id=25612, stack(0x0000004116100000,0x0000004116200000) (1024K)]
  0x0000016f70e3e320 JavaThread "kafka-coordinator-heartbeat-thread | transaction-group" daemon [_thread_blocked, id=29040, stack(0x0000004116200000,0x0000004116300000) (1024K)]
  0x0000016f73fef1c0 JavaThread "DiscoveryClient-HeartbeatExecutor-0" daemon [_thread_blocked, id=13044, stack(0x0000004116400000,0x0000004116500000) (1024K)]
  0x0000016f73ff0570 JavaThread "DiscoveryClient-CacheRefreshExecutor-0" daemon [_thread_blocked, id=21428, stack(0x0000004116500000,0x0000004116600000) (1024K)]
  0x0000016f73ff2cd0 JavaThread "AsyncResolver-bootstrap-executor-0" daemon [_thread_blocked, id=25772, stack(0x0000004112800000,0x0000004112900000) (1024K)]
Total: 44

Other Threads:
  0x0000016f277a1d20 VMThread "VM Thread"                           [id=28400, stack(0x0000004113000000,0x0000004113100000) (1024K)]
  0x0000016f2778dce0 WatcherThread "VM Periodic Task Thread"        [id=12756, stack(0x0000004112f00000,0x0000004113000000) (1024K)]
  0x0000016f0fa1c980 WorkerThread "GC Thread#0"                     [id=2016, stack(0x0000004112a00000,0x0000004112b00000) (1024K)]
  0x0000016f6db40060 WorkerThread "GC Thread#1"                     [id=15084, stack(0x0000004113c00000,0x0000004113d00000) (1024K)]
  0x0000016f6dc02f70 WorkerThread "GC Thread#2"                     [id=4976, stack(0x0000004113d00000,0x0000004113e00000) (1024K)]
  0x0000016f6db10d60 WorkerThread "GC Thread#3"                     [id=1816, stack(0x0000004113e00000,0x0000004113f00000) (1024K)]
  0x0000016f6d5b06e0 WorkerThread "GC Thread#4"                     [id=532, stack(0x0000004113f00000,0x0000004114000000) (1024K)]
  0x0000016f6de00790 WorkerThread "GC Thread#5"                     [id=27868, stack(0x0000004114100000,0x0000004114200000) (1024K)]
  0x0000016f6e6cf360 WorkerThread "GC Thread#6"                     [id=26680, stack(0x0000004114200000,0x0000004114300000) (1024K)]
  0x0000016f6e6cf700 WorkerThread "GC Thread#7"                     [id=26448, stack(0x0000004114300000,0x0000004114400000) (1024K)]
  0x0000016f0fa2df30 ConcurrentGCThread "G1 Main Marker"            [id=27036, stack(0x0000004112b00000,0x0000004112c00000) (1024K)]
  0x0000016f0fa2f0e0 WorkerThread "G1 Conc#0"                       [id=14964, stack(0x0000004112c00000,0x0000004112d00000) (1024K)]
  0x0000016f6e5c4400 WorkerThread "G1 Conc#1"                       [id=7348, stack(0x0000004114400000,0x0000004114500000) (1024K)]
  0x0000016f2765c5f0 ConcurrentGCThread "G1 Refine#0"               [id=30052, stack(0x0000004112d00000,0x0000004112e00000) (1024K)]
  0x0000016f2765de20 ConcurrentGCThread "G1 Service"                [id=19100, stack(0x0000004112e00000,0x0000004112f00000) (1024K)]
Total: 15

Threads with active compile tasks:
C2 CompilerThread0  434409 10380       4       org.apache.kafka.clients.consumer.internals.AbstractFetch::prepareFetchRequests (461 bytes)
Total: 1

VM state: not at safepoint (normal execution)

VM Mutex/Monitor currently owned by a thread: None

Heap address: 0x0000000083e00000, size: 1986 MB, Compressed Oops mode: 32-bit

CDS archive(s) mapped at: [0x0000016f28000000-0x0000016f28c80000-0x0000016f28c80000), size 13107200, SharedBaseAddress: 0x0000016f28000000, ArchiveRelocationMode: 1.
Compressed class space mapped at: 0x0000016f29000000-0x0000016f69000000, reserved size: 1073741824
Narrow klass base: 0x0000016f28000000, Narrow klass shift: 0, Narrow klass range: 0x100000000

GC Precious Log:
 CardTable entry size: 512
 Card Set container configuration: InlinePtr #cards 5 size 8 Array Of Cards #cards 12 size 40 Howl #buckets 4 coarsen threshold 1843 Howl Bitmap #cards 512 size 80 coarsen threshold 460 Card regions per heap region 1 cards per card region 2048
 CPUs: 8 total, 8 available
 Memory: 7937M
 Large Page Support: Disabled
 NUMA Support: Disabled
 Compressed Oops: Enabled (32-bit)
 Heap Region Size: 1M
 Heap Min Capacity: 8M
 Heap Initial Capacity: 126M
 Heap Max Capacity: 1986M
 Pre-touch: Disabled
 Parallel Workers: 8
 Concurrent Workers: 2
 Concurrent Refinement Workers: 8
 Periodic GC: Disabled

Heap:
 garbage-first heap   total 103424K, used 87629K [0x0000000083e00000, 0x0000000100000000)
  region size 1024K, 34 young (34816K), 3 survivors (3072K)
 Metaspace       used 98879K, committed 99904K, reserved 1179648K
  class space    used 13223K, committed 13696K, reserved 1048576K

Heap Regions: E=young(eden), S=young(survivor), O=old, HS=humongous(starts), HC=humongous(continues), CS=collection set, F=free, TAMS=top-at-mark-start, PB=parsable bottom
|   0|0x0000000083e00000, 0x0000000083f00000, 0x0000000083f00000|100%|HS|  |TAMS 0x0000000083e00000| PB 0x0000000083e00000| Complete 
|   1|0x0000000083f00000, 0x0000000084000000, 0x0000000084000000|100%|HS|  |TAMS 0x0000000083f00000| PB 0x0000000083f00000| Complete 
|   2|0x0000000084000000, 0x0000000084100000, 0x0000000084100000|100%| O|  |TAMS 0x0000000084000000| PB 0x0000000084000000| Untracked 
|   3|0x0000000084100000, 0x0000000084200000, 0x0000000084200000|100%| O|  |TAMS 0x0000000084100000| PB 0x0000000084100000| Untracked 
|   4|0x0000000084200000, 0x0000000084300000, 0x0000000084300000|100%| O|  |TAMS 0x0000000084200000| PB 0x0000000084200000| Untracked 
|   5|0x0000000084300000, 0x0000000084400000, 0x0000000084400000|100%| O|  |TAMS 0x0000000084300000| PB 0x0000000084300000| Untracked 
|   6|0x0000000084400000, 0x0000000084500000, 0x0000000084500000|100%| O|  |TAMS 0x0000000084400000| PB 0x0000000084400000| Untracked 
|   7|0x0000000084500000, 0x0000000084600000, 0x0000000084600000|100%| O|  |TAMS 0x0000000084500000| PB 0x0000000084500000| Untracked 
|   8|0x0000000084600000, 0x0000000084700000, 0x0000000084700000|100%| O|  |TAMS 0x0000000084600000| PB 0x0000000084600000| Untracked 
|   9|0x0000000084700000, 0x0000000084800000, 0x0000000084800000|100%| O|  |TAMS 0x0000000084700000| PB 0x0000000084700000| Untracked 
|  10|0x0000000084800000, 0x0000000084900000, 0x0000000084900000|100%| O|  |TAMS 0x0000000084800000| PB 0x0000000084800000| Untracked 
|  11|0x0000000084900000, 0x0000000084a00000, 0x0000000084a00000|100%| O|Cm|TAMS 0x0000000084900000| PB 0x0000000084900000| Complete 
|  12|0x0000000084a00000, 0x0000000084b00000, 0x0000000084b00000|100%| O|  |TAMS 0x0000000084a00000| PB 0x0000000084a00000| Untracked 
|  13|0x0000000084b00000, 0x0000000084c00000, 0x0000000084c00000|100%| O|  |TAMS 0x0000000084b00000| PB 0x0000000084b00000| Untracked 
|  14|0x0000000084c00000, 0x0000000084d00000, 0x0000000084d00000|100%| O|  |TAMS 0x0000000084c00000| PB 0x0000000084c00000| Untracked 
|  15|0x0000000084d00000, 0x0000000084e00000, 0x0000000084e00000|100%| O|  |TAMS 0x0000000084d00000| PB 0x0000000084d00000| Untracked 
|  16|0x0000000084e00000, 0x0000000084f00000, 0x0000000084f00000|100%| O|  |TAMS 0x0000000084e00000| PB 0x0000000084e00000| Untracked 
|  17|0x0000000084f00000, 0x0000000085000000, 0x0000000085000000|100%| O|  |TAMS 0x0000000084f00000| PB 0x0000000084f00000| Untracked 
|  18|0x0000000085000000, 0x0000000085100000, 0x0000000085100000|100%| O|  |TAMS 0x0000000085000000| PB 0x0000000085000000| Untracked 
|  19|0x0000000085100000, 0x0000000085200000, 0x0000000085200000|100%| O|  |TAMS 0x0000000085100000| PB 0x0000000085100000| Untracked 
|  20|0x0000000085200000, 0x0000000085300000, 0x0000000085300000|100%| O|  |TAMS 0x0000000085200000| PB 0x0000000085200000| Untracked 
|  21|0x0000000085300000, 0x0000000085400000, 0x0000000085400000|100%| O|  |TAMS 0x0000000085300000| PB 0x0000000085300000| Untracked 
|  22|0x0000000085400000, 0x0000000085500000, 0x0000000085500000|100%| O|  |TAMS 0x0000000085400000| PB 0x0000000085400000| Untracked 
|  23|0x0000000085500000, 0x0000000085600000, 0x0000000085600000|100%| O|  |TAMS 0x0000000085500000| PB 0x0000000085500000| Untracked 
|  24|0x0000000085600000, 0x0000000085700000, 0x0000000085700000|100%| O|  |TAMS 0x0000000085600000| PB 0x0000000085600000| Untracked 
|  25|0x0000000085700000, 0x0000000085800000, 0x0000000085800000|100%| O|  |TAMS 0x0000000085700000| PB 0x0000000085700000| Untracked 
|  26|0x0000000085800000, 0x0000000085900000, 0x0000000085900000|100%| O|  |TAMS 0x0000000085800000| PB 0x0000000085800000| Untracked 
|  27|0x0000000085900000, 0x0000000085a00000, 0x0000000085a00000|100%| O|  |TAMS 0x0000000085900000| PB 0x0000000085900000| Untracked 
|  28|0x0000000085a00000, 0x0000000085b00000, 0x0000000085b00000|100%| O|  |TAMS 0x0000000085a00000| PB 0x0000000085a00000| Untracked 
|  29|0x0000000085b00000, 0x0000000085c00000, 0x0000000085c00000|100%| O|  |TAMS 0x0000000085b00000| PB 0x0000000085b00000| Untracked 
|  30|0x0000000085c00000, 0x0000000085d00000, 0x0000000085d00000|100%| O|  |TAMS 0x0000000085c00000| PB 0x0000000085c00000| Untracked 
|  31|0x0000000085d00000, 0x0000000085e00000, 0x0000000085e00000|100%| O|  |TAMS 0x0000000085d00000| PB 0x0000000085d00000| Untracked 
|  32|0x0000000085e00000, 0x0000000085f00000, 0x0000000085f00000|100%| O|  |TAMS 0x0000000085e00000| PB 0x0000000085e00000| Untracked 
|  33|0x0000000085f00000, 0x0000000086000000, 0x0000000086000000|100%| O|  |TAMS 0x0000000085f00000| PB 0x0000000085f00000| Untracked 
|  34|0x0000000086000000, 0x0000000086100000, 0x0000000086100000|100%| O|  |TAMS 0x0000000086000000| PB 0x0000000086000000| Untracked 
|  35|0x0000000086100000, 0x0000000086200000, 0x0000000086200000|100%| O|  |TAMS 0x0000000086100000| PB 0x0000000086100000| Untracked 
|  36|0x0000000086200000, 0x0000000086300000, 0x0000000086300000|100%| O|  |TAMS 0x0000000086200000| PB 0x0000000086200000| Untracked 
|  37|0x0000000086300000, 0x0000000086400000, 0x0000000086400000|100%| O|  |TAMS 0x0000000086300000| PB 0x0000000086300000| Untracked 
|  38|0x0000000086400000, 0x0000000086500000, 0x0000000086500000|100%| O|  |TAMS 0x0000000086400000| PB 0x0000000086400000| Untracked 
|  39|0x0000000086500000, 0x0000000086600000, 0x0000000086600000|100%| O|  |TAMS 0x0000000086500000| PB 0x0000000086500000| Untracked 
|  40|0x0000000086600000, 0x0000000086700000, 0x0000000086700000|100%| O|  |TAMS 0x0000000086600000| PB 0x0000000086600000| Untracked 
|  41|0x0000000086700000, 0x0000000086800000, 0x0000000086800000|100%| O|  |TAMS 0x0000000086700000| PB 0x0000000086700000| Untracked 
|  42|0x0000000086800000, 0x0000000086900000, 0x0000000086900000|100%| O|Cm|TAMS 0x0000000086800000| PB 0x0000000086800000| Complete 
|  43|0x0000000086900000, 0x0000000086a00000, 0x0000000086a00000|100%| O|  |TAMS 0x0000000086900000| PB 0x0000000086900000| Untracked 
|  44|0x0000000086a00000, 0x0000000086b00000, 0x0000000086b00000|100%| O|  |TAMS 0x0000000086a00000| PB 0x0000000086a00000| Untracked 
|  45|0x0000000086b00000, 0x0000000086c00000, 0x0000000086c00000|100%| O|  |TAMS 0x0000000086b00000| PB 0x0000000086b00000| Untracked 
|  46|0x0000000086c00000, 0x0000000086d00000, 0x0000000086d00000|100%| O|  |TAMS 0x0000000086c00000| PB 0x0000000086c00000| Untracked 
|  47|0x0000000086d00000, 0x0000000086e00000, 0x0000000086e00000|100%| O|Cm|TAMS 0x0000000086d00000| PB 0x0000000086d00000| Complete 
|  48|0x0000000086e00000, 0x0000000086f00000, 0x0000000086f00000|100%| O|  |TAMS 0x0000000086e00000| PB 0x0000000086e00000| Untracked 
|  49|0x0000000086f00000, 0x0000000086f00000, 0x0000000087000000|  0%| F|  |TAMS 0x0000000086f00000| PB 0x0000000086f00000| Untracked 
|  50|0x0000000087000000, 0x0000000087000000, 0x0000000087100000|  0%| F|  |TAMS 0x0000000087000000| PB 0x0000000087000000| Untracked 
|  51|0x0000000087100000, 0x0000000087100000, 0x0000000087200000|  0%| F|  |TAMS 0x0000000087100000| PB 0x0000000087100000| Untracked 
|  52|0x0000000087200000, 0x0000000087300000, 0x0000000087300000|100%| O|  |TAMS 0x0000000087200000| PB 0x0000000087200000| Untracked 
|  53|0x0000000087300000, 0x0000000087400000, 0x0000000087400000|100%| O|  |TAMS 0x0000000087300000| PB 0x0000000087300000| Untracked 
|  54|0x0000000087400000, 0x000000008740f6e0, 0x0000000087500000|  6%| O|  |TAMS 0x0000000087400000| PB 0x0000000087400000| Untracked 
|  55|0x0000000087500000, 0x0000000087500000, 0x0000000087600000|  0%| F|  |TAMS 0x0000000087500000| PB 0x0000000087500000| Untracked 
|  56|0x0000000087600000, 0x0000000087600000, 0x0000000087700000|  0%| F|  |TAMS 0x0000000087600000| PB 0x0000000087600000| Untracked 
|  57|0x0000000087700000, 0x0000000087700000, 0x0000000087800000|  0%| F|  |TAMS 0x0000000087700000| PB 0x0000000087700000| Untracked 
|  58|0x0000000087800000, 0x0000000087800000, 0x0000000087900000|  0%| F|  |TAMS 0x0000000087800000| PB 0x0000000087800000| Untracked 
|  59|0x0000000087900000, 0x0000000087900000, 0x0000000087a00000|  0%| F|  |TAMS 0x0000000087900000| PB 0x0000000087900000| Untracked 
|  60|0x0000000087a00000, 0x0000000087a00000, 0x0000000087b00000|  0%| F|  |TAMS 0x0000000087a00000| PB 0x0000000087a00000| Untracked 
|  61|0x0000000087b00000, 0x0000000087b83d70, 0x0000000087c00000| 51%| S|CS|TAMS 0x0000000087b00000| PB 0x0000000087b00000| Complete 
|  62|0x0000000087c00000, 0x0000000087d00000, 0x0000000087d00000|100%| S|CS|TAMS 0x0000000087c00000| PB 0x0000000087c00000| Complete 
|  63|0x0000000087d00000, 0x0000000087e00000, 0x0000000087e00000|100%| S|CS|TAMS 0x0000000087d00000| PB 0x0000000087d00000| Complete 
|  64|0x0000000087e00000, 0x0000000087e00000, 0x0000000087f00000|  0%| F|  |TAMS 0x0000000087e00000| PB 0x0000000087e00000| Untracked 
|  65|0x0000000087f00000, 0x0000000087f00000, 0x0000000088000000|  0%| F|  |TAMS 0x0000000087f00000| PB 0x0000000087f00000| Untracked 
|  66|0x0000000088000000, 0x0000000088000000, 0x0000000088100000|  0%| F|  |TAMS 0x0000000088000000| PB 0x0000000088000000| Untracked 
|  67|0x0000000088100000, 0x0000000088100000, 0x0000000088200000|  0%| F|  |TAMS 0x0000000088100000| PB 0x0000000088100000| Untracked 
|  68|0x0000000088200000, 0x0000000088268298, 0x0000000088300000| 40%| E|  |TAMS 0x0000000088200000| PB 0x0000000088200000| Complete 
|  69|0x0000000088300000, 0x0000000088400000, 0x0000000088400000|100%| E|CS|TAMS 0x0000000088300000| PB 0x0000000088300000| Complete 
|  70|0x0000000088400000, 0x0000000088500000, 0x0000000088500000|100%| E|CS|TAMS 0x0000000088400000| PB 0x0000000088400000| Complete 
|  71|0x0000000088500000, 0x0000000088600000, 0x0000000088600000|100%| E|CS|TAMS 0x0000000088500000| PB 0x0000000088500000| Complete 
|  72|0x0000000088600000, 0x0000000088700000, 0x0000000088700000|100%| E|CS|TAMS 0x0000000088600000| PB 0x0000000088600000| Complete 
|  73|0x0000000088700000, 0x0000000088800000, 0x0000000088800000|100%| E|CS|TAMS 0x0000000088700000| PB 0x0000000088700000| Complete 
|  74|0x0000000088800000, 0x0000000088900000, 0x0000000088900000|100%| E|CS|TAMS 0x0000000088800000| PB 0x0000000088800000| Complete 
|  75|0x0000000088900000, 0x0000000088a00000, 0x0000000088a00000|100%| E|CS|TAMS 0x0000000088900000| PB 0x0000000088900000| Complete 
|  76|0x0000000088a00000, 0x0000000088b00000, 0x0000000088b00000|100%| E|CS|TAMS 0x0000000088a00000| PB 0x0000000088a00000| Complete 
|  77|0x0000000088b00000, 0x0000000088c00000, 0x0000000088c00000|100%| E|CS|TAMS 0x0000000088b00000| PB 0x0000000088b00000| Complete 
|  78|0x0000000088c00000, 0x0000000088d00000, 0x0000000088d00000|100%| E|CS|TAMS 0x0000000088c00000| PB 0x0000000088c00000| Complete 
|  79|0x0000000088d00000, 0x0000000088e00000, 0x0000000088e00000|100%| E|CS|TAMS 0x0000000088d00000| PB 0x0000000088d00000| Complete 
|  80|0x0000000088e00000, 0x0000000088f00000, 0x0000000088f00000|100%| E|CS|TAMS 0x0000000088e00000| PB 0x0000000088e00000| Complete 
|  81|0x0000000088f00000, 0x0000000089000000, 0x0000000089000000|100%| E|CS|TAMS 0x0000000088f00000| PB 0x0000000088f00000| Complete 
|  82|0x0000000089000000, 0x0000000089100000, 0x0000000089100000|100%| E|CS|TAMS 0x0000000089000000| PB 0x0000000089000000| Complete 
|  83|0x0000000089100000, 0x0000000089200000, 0x0000000089200000|100%| E|CS|TAMS 0x0000000089100000| PB 0x0000000089100000| Complete 
|  84|0x0000000089200000, 0x0000000089300000, 0x0000000089300000|100%| E|CS|TAMS 0x0000000089200000| PB 0x0000000089200000| Complete 
|  85|0x0000000089300000, 0x0000000089400000, 0x0000000089400000|100%| E|CS|TAMS 0x0000000089300000| PB 0x0000000089300000| Complete 
|  86|0x0000000089400000, 0x0000000089500000, 0x0000000089500000|100%| E|CS|TAMS 0x0000000089400000| PB 0x0000000089400000| Complete 
|  87|0x0000000089500000, 0x0000000089600000, 0x0000000089600000|100%| E|CS|TAMS 0x0000000089500000| PB 0x0000000089500000| Complete 
|  88|0x0000000089600000, 0x0000000089700000, 0x0000000089700000|100%| E|CS|TAMS 0x0000000089600000| PB 0x0000000089600000| Complete 
|  89|0x0000000089700000, 0x0000000089800000, 0x0000000089800000|100%| E|CS|TAMS 0x0000000089700000| PB 0x0000000089700000| Complete 
|  90|0x0000000089800000, 0x0000000089900000, 0x0000000089900000|100%| E|CS|TAMS 0x0000000089800000| PB 0x0000000089800000| Complete 
|  91|0x0000000089900000, 0x0000000089a00000, 0x0000000089a00000|100%| E|CS|TAMS 0x0000000089900000| PB 0x0000000089900000| Complete 
|  92|0x0000000089a00000, 0x0000000089b00000, 0x0000000089b00000|100%| E|CS|TAMS 0x0000000089a00000| PB 0x0000000089a00000| Complete 
|  93|0x0000000089b00000, 0x0000000089c00000, 0x0000000089c00000|100%| E|CS|TAMS 0x0000000089b00000| PB 0x0000000089b00000| Complete 
|  94|0x0000000089c00000, 0x0000000089d00000, 0x0000000089d00000|100%| E|CS|TAMS 0x0000000089c00000| PB 0x0000000089c00000| Complete 
|  95|0x0000000089d00000, 0x0000000089e00000, 0x0000000089e00000|100%| E|CS|TAMS 0x0000000089d00000| PB 0x0000000089d00000| Complete 
|  96|0x0000000089e00000, 0x0000000089f00000, 0x0000000089f00000|100%| E|CS|TAMS 0x0000000089e00000| PB 0x0000000089e00000| Complete 
| 124|0x000000008ba00000, 0x000000008bb00000, 0x000000008bb00000|100%| E|CS|TAMS 0x000000008ba00000| PB 0x000000008ba00000| Complete 
| 125|0x000000008bb00000, 0x000000008bc00000, 0x000000008bc00000|100%| E|CS|TAMS 0x000000008bb00000| PB 0x000000008bb00000| Complete 
|1984|0x00000000ffe00000, 0x00000000fff00000, 0x00000000fff00000|100%| O|  |TAMS 0x00000000ffe00000| PB 0x00000000ffe00000| Untracked 
|1985|0x00000000fff00000, 0x0000000100000000, 0x0000000100000000|100%| O|  |TAMS 0x00000000fff00000| PB 0x00000000fff00000| Untracked 

Card table byte_map: [0x0000016f22a60000,0x0000016f22e50000] _byte_map_base: 0x0000016f22641000

Marking Bits: (CMBitMap*) 0x0000016f0fa1cf90
 Bits: [0x0000016f22e50000, 0x0000016f24d58000)

Polling page: 0x0000016f0d810000

Metaspace:

Usage:
  Non-class:     83.65 MB used.
      Class:     12.91 MB used.
       Both:     96.56 MB used.

Virtual space:
  Non-class space:      128.00 MB reserved,      84.19 MB ( 66%) committed,  2 nodes.
      Class space:        1.00 GB reserved,      13.38 MB (  1%) committed,  1 nodes.
             Both:        1.12 GB reserved,      97.56 MB (  8%) committed. 

Chunk freelists:
   Non-Class:  10.89 MB
       Class:  2.68 MB
        Both:  13.58 MB

MaxMetaspaceSize: unlimited
CompressedClassSpaceSize: 1.00 GB
Initial GC threshold: 21.00 MB
Current GC threshold: 162.00 MB
CDS: on
 - commit_granule_bytes: 65536.
 - commit_granule_words: 8192.
 - virtual_space_node_default_size: 8388608.
 - enlarge_chunks_in_place: 1.
 - use_allocation_guard: 0.


Internal statistics:

num_allocs_failed_limit: 12.
num_arena_births: 1482.
num_arena_deaths: 0.
num_vsnodes_births: 3.
num_vsnodes_deaths: 0.
num_space_committed: 1561.
num_space_uncommitted: 0.
num_chunks_returned_to_freelist: 12.
num_chunks_taken_from_freelist: 5035.
num_chunk_merges: 12.
num_chunk_splits: 3671.
num_chunks_enlarged: 2897.
num_inconsistent_stats: 0.

CodeHeap 'non-profiled nmethods': size=120000Kb used=6896Kb max_used=6896Kb free=113104Kb
 bounds [0x0000016f1ae10000, 0x0000016f1b4d0000, 0x0000016f22340000]
CodeHeap 'profiled nmethods': size=120000Kb used=16627Kb max_used=16627Kb free=103372Kb
 bounds [0x0000016f13340000, 0x0000016f14380000, 0x0000016f1a870000]
CodeHeap 'non-nmethods': size=5760Kb used=2035Kb max_used=2088Kb free=3724Kb
 bounds [0x0000016f1a870000, 0x0000016f1aae0000, 0x0000016f1ae10000]
 total_blobs=9371 nmethods=8565 adapters=709
 compilation: enabled
              stopped_count=0, restarted_count=0
 full_count=0

Compilation events (20 events):
Event: 434.067 Thread 0x0000016f277d8ff0 nmethod 10375 0x0000016f1b221e90 code [0x0000016f1b222020, 0x0000016f1b2220e8]
Event: 434.068 Thread 0x0000016f277d8ff0 10376       1       java.net.URI::getHost (5 bytes)
Event: 434.068 Thread 0x0000016f277d8ff0 nmethod 10376 0x0000016f1b221b90 code [0x0000016f1b221d20, 0x0000016f1b221de8]
Event: 434.069 Thread 0x0000016f277d8ff0 10377   !   3       java.net.Socket::getImpl (115 bytes)
Event: 434.081 Thread 0x0000016f277d8ff0 nmethod 10377 0x0000016f1437ac90 code [0x0000016f1437af80, 0x0000016f1437bff8]
Event: 434.081 Thread 0x0000016f277d8ff0 10378       3       org.apache.hc.core5.http.message.BasicHeader::<init> (8 bytes)
Event: 434.083 Thread 0x0000016f277e4690 10380       4       org.apache.kafka.clients.consumer.internals.AbstractFetch::prepareFetchRequests (461 bytes)
Event: 434.084 Thread 0x0000016f277d8ff0 nmethod 10378 0x0000016f1437c790 code [0x0000016f1437c9a0, 0x0000016f1437cf70]
Event: 434.084 Thread 0x0000016f277d8ff0 10379       3       org.apache.hc.core5.http.message.BasicHeader::<init> (32 bytes)
Event: 434.086 Thread 0x0000016f277d8ff0 nmethod 10379 0x0000016f1437d190 code [0x0000016f1437d380, 0x0000016f1437d8f0]
Event: 434.137 Thread 0x0000016f277d8ff0 10382       3       java.util.concurrent.atomic.AtomicReference::<init> (5 bytes)
Event: 434.138 Thread 0x0000016f277d8ff0 nmethod 10382 0x0000016f1437db10 code [0x0000016f1437dcc0, 0x0000016f1437de28]
Event: 434.150 Thread 0x0000016f277d8ff0 10383       3       org.apache.hc.core5.http.Method::isSame (15 bytes)
Event: 434.151 Thread 0x0000016f277d8ff0 nmethod 10383 0x0000016f1437df10 code [0x0000016f1437e0c0, 0x0000016f1437e280]
Event: 434.186 Thread 0x0000016f277d8ff0 10385       3       com.netflix.discovery.shared.Applications$$Lambda/0x0000016f29c56150::<init> (10 bytes)
Event: 434.187 Thread 0x0000016f277d8ff0 nmethod 10385 0x0000016f1437e390 code [0x0000016f1437e540, 0x0000016f1437e6f8]
Event: 434.187 Thread 0x0000016f277d8ff0 10386       3       com.netflix.discovery.shared.Applications$$Lambda/0x0000016f29c56150::get (8 bytes)
Event: 434.189 Thread 0x0000016f277d8ff0 nmethod 10386 0x0000016f1437e790 code [0x0000016f1437e960, 0x0000016f1437ec38]
Event: 434.189 Thread 0x0000016f277d8ff0 10387       3       com.netflix.discovery.shared.Applications::lambda$shuffleAndFilterInstances$2 (12 bytes)
Event: 434.190 Thread 0x0000016f277d8ff0 nmethod 10387 0x0000016f1437ed90 code [0x0000016f1437ef60, 0x0000016f1437f1c0]

GC Heap History (20 events):
Event: 8.805 GC heap before
{Heap before GC invocations=14 (full 0):
 garbage-first heap   total 86016K, used 75967K [0x0000000083e00000, 0x0000000100000000)
  region size 1024K, 43 young (44032K), 3 survivors (3072K)
 Metaspace       used 68824K, committed 69568K, reserved 1114112K
  class space    used 9191K, committed 9536K, reserved 1048576K
}
Event: 8.811 GC heap after
{Heap after GC invocations=15 (full 0):
 garbage-first heap   total 86016K, used 37796K [0x0000000083e00000, 0x0000000100000000)
  region size 1024K, 6 young (6144K), 6 survivors (6144K)
 Metaspace       used 68824K, committed 69568K, reserved 1114112K
  class space    used 9191K, committed 9536K, reserved 1048576K
}
Event: 9.654 GC heap before
{Heap before GC invocations=15 (full 0):
 garbage-first heap   total 86016K, used 73636K [0x0000000083e00000, 0x0000000100000000)
  region size 1024K, 41 young (41984K), 6 survivors (6144K)
 Metaspace       used 72347K, committed 73088K, reserved 1114112K
  class space    used 9777K, committed 10112K, reserved 1048576K
}
Event: 9.662 GC heap after
{Heap after GC invocations=16 (full 0):
 garbage-first heap   total 86016K, used 39829K [0x0000000083e00000, 0x0000000100000000)
  region size 1024K, 6 young (6144K), 6 survivors (6144K)
 Metaspace       used 72347K, committed 73088K, reserved 1114112K
  class space    used 9777K, committed 10112K, reserved 1048576K
}
Event: 10.210 GC heap before
{Heap before GC invocations=16 (full 0):
 garbage-first heap   total 86016K, used 72597K [0x0000000083e00000, 0x0000000100000000)
  region size 1024K, 39 young (39936K), 6 survivors (6144K)
 Metaspace       used 73994K, committed 74688K, reserved 1114112K
  class space    used 10123K, committed 10432K, reserved 1048576K
}
Event: 10.216 GC heap after
{Heap after GC invocations=17 (full 0):
 garbage-first heap   total 86016K, used 42385K [0x0000000083e00000, 0x0000000100000000)
  region size 1024K, 5 young (5120K), 5 survivors (5120K)
 Metaspace       used 73994K, committed 74688K, reserved 1114112K
  class space    used 10123K, committed 10432K, reserved 1048576K
}
Event: 10.644 GC heap before
{Heap before GC invocations=17 (full 0):
 garbage-first heap   total 86016K, used 74129K [0x0000000083e00000, 0x0000000100000000)
  region size 1024K, 37 young (37888K), 5 survivors (5120K)
 Metaspace       used 75926K, committed 76608K, reserved 1179648K
  class space    used 10386K, committed 10688K, reserved 1048576K
}
Event: 10.648 GC heap after
{Heap after GC invocations=18 (full 0):
 garbage-first heap   total 86016K, used 42686K [0x0000000083e00000, 0x0000000100000000)
  region size 1024K, 2 young (2048K), 2 survivors (2048K)
 Metaspace       used 75926K, committed 76608K, reserved 1179648K
  class space    used 10386K, committed 10688K, reserved 1048576K
}
Event: 11.512 GC heap before
{Heap before GC invocations=19 (full 0):
 garbage-first heap   total 86016K, used 77502K [0x0000000083e00000, 0x0000000100000000)
  region size 1024K, 36 young (36864K), 2 survivors (2048K)
 Metaspace       used 78006K, committed 78720K, reserved 1179648K
  class space    used 10686K, committed 11008K, reserved 1048576K
}
Event: 11.517 GC heap after
{Heap after GC invocations=20 (full 0):
 garbage-first heap   total 86016K, used 45774K [0x0000000083e00000, 0x0000000100000000)
  region size 1024K, 5 young (5120K), 5 survivors (5120K)
 Metaspace       used 78006K, committed 78720K, reserved 1179648K
  class space    used 10686K, committed 11008K, reserved 1048576K
}
Event: 12.181 GC heap before
{Heap before GC invocations=20 (full 0):
 garbage-first heap   total 86016K, used 74446K [0x0000000083e00000, 0x0000000100000000)
  region size 1024K, 33 young (33792K), 5 survivors (5120K)
 Metaspace       used 79778K, committed 80576K, reserved 1179648K
  class space    used 10928K, committed 11264K, reserved 1048576K
}
Event: 12.188 GC heap after
{Heap after GC invocations=21 (full 0):
 garbage-first heap   total 86016K, used 47458K [0x0000000083e00000, 0x0000000100000000)
  region size 1024K, 3 young (3072K), 3 survivors (3072K)
 Metaspace       used 79778K, committed 80576K, reserved 1179648K
  class space    used 10928K, committed 11264K, reserved 1048576K
}
Event: 12.592 GC heap before
{Heap before GC invocations=21 (full 0):
 garbage-first heap   total 86016K, used 77154K [0x0000000083e00000, 0x0000000100000000)
  region size 1024K, 32 young (32768K), 3 survivors (3072K)
 Metaspace       used 80961K, committed 81856K, reserved 1179648K
  class space    used 11125K, committed 11520K, reserved 1048576K
}
Event: 12.596 GC heap after
{Heap after GC invocations=22 (full 0):
 garbage-first heap   total 86016K, used 49595K [0x0000000083e00000, 0x0000000100000000)
  region size 1024K, 3 young (3072K), 3 survivors (3072K)
 Metaspace       used 80961K, committed 81856K, reserved 1179648K
  class space    used 11125K, committed 11520K, reserved 1048576K
}
Event: 12.981 GC heap before
{Heap before GC invocations=23 (full 0):
 garbage-first heap   total 86016K, used 76219K [0x0000000083e00000, 0x0000000100000000)
  region size 1024K, 29 young (29696K), 3 survivors (3072K)
 Metaspace       used 82622K, committed 83456K, reserved 1179648K
  class space    used 11392K, committed 11776K, reserved 1048576K
}
Event: 12.987 GC heap after
{Heap after GC invocations=24 (full 0):
 garbage-first heap   total 103424K, used 51635K [0x0000000083e00000, 0x0000000100000000)
  region size 1024K, 4 young (4096K), 4 survivors (4096K)
 Metaspace       used 82622K, committed 83456K, reserved 1179648K
  class space    used 11392K, committed 11776K, reserved 1048576K
}
Event: 13.862 GC heap before
{Heap before GC invocations=24 (full 0):
 garbage-first heap   total 103424K, used 91571K [0x0000000083e00000, 0x0000000100000000)
  region size 1024K, 44 young (45056K), 4 survivors (4096K)
 Metaspace       used 91049K, committed 91968K, reserved 1179648K
  class space    used 12496K, committed 12928K, reserved 1048576K
}
Event: 13.871 GC heap after
{Heap after GC invocations=25 (full 0):
 garbage-first heap   total 103424K, used 54544K [0x0000000083e00000, 0x0000000100000000)
  region size 1024K, 6 young (6144K), 6 survivors (6144K)
 Metaspace       used 91049K, committed 91968K, reserved 1179648K
  class space    used 12496K, committed 12928K, reserved 1048576K
}
Event: 73.945 GC heap before
{Heap before GC invocations=25 (full 0):
 garbage-first heap   total 103424K, used 89360K [0x0000000083e00000, 0x0000000100000000)
  region size 1024K, 41 young (41984K), 6 survivors (6144K)
 Metaspace       used 98510K, committed 99520K, reserved 1179648K
  class space    used 13222K, committed 13696K, reserved 1048576K
}
Event: 73.997 GC heap after
{Heap after GC invocations=26 (full 0):
 garbage-first heap   total 103424K, used 56909K [0x0000000083e00000, 0x0000000100000000)
  region size 1024K, 3 young (3072K), 3 survivors (3072K)
 Metaspace       used 98510K, committed 99520K, reserved 1179648K
  class space    used 13222K, committed 13696K, reserved 1048576K
}

Dll operation events (11 events):
Event: 0.008 Loaded shared library C:\Users\Driti Sai\.p2\pool\plugins\org.eclipse.justj.openjdk.hotspot.jre.full.win32.x86_64_21.0.6.v20250130-0529\jre\bin\java.dll
Event: 0.039 Loaded shared library C:\Users\Driti Sai\.p2\pool\plugins\org.eclipse.justj.openjdk.hotspot.jre.full.win32.x86_64_21.0.6.v20250130-0529\jre\bin\zip.dll
Event: 0.189 Loaded shared library C:\Users\Driti Sai\.p2\pool\plugins\org.eclipse.justj.openjdk.hotspot.jre.full.win32.x86_64_21.0.6.v20250130-0529\jre\bin\net.dll
Event: 0.192 Loaded shared library C:\Users\Driti Sai\.p2\pool\plugins\org.eclipse.justj.openjdk.hotspot.jre.full.win32.x86_64_21.0.6.v20250130-0529\jre\bin\nio.dll
Event: 0.195 Loaded shared library C:\Users\Driti Sai\.p2\pool\plugins\org.eclipse.justj.openjdk.hotspot.jre.full.win32.x86_64_21.0.6.v20250130-0529\jre\bin\zip.dll
Event: 0.411 Loaded shared library C:\Users\Driti Sai\.p2\pool\plugins\org.eclipse.justj.openjdk.hotspot.jre.full.win32.x86_64_21.0.6.v20250130-0529\jre\bin\jimage.dll
Event: 1.864 Loaded shared library C:\Users\Driti Sai\.p2\pool\plugins\org.eclipse.justj.openjdk.hotspot.jre.full.win32.x86_64_21.0.6.v20250130-0529\jre\bin\sunmscapi.dll
Event: 4.087 Loaded shared library C:\Users\Driti Sai\.p2\pool\plugins\org.eclipse.justj.openjdk.hotspot.jre.full.win32.x86_64_21.0.6.v20250130-0529\jre\bin\verify.dll
Event: 5.372 Loaded shared library C:\Users\Driti Sai\.p2\pool\plugins\org.eclipse.justj.openjdk.hotspot.jre.full.win32.x86_64_21.0.6.v20250130-0529\jre\bin\management.dll
Event: 5.375 Loaded shared library C:\Users\Driti Sai\.p2\pool\plugins\org.eclipse.justj.openjdk.hotspot.jre.full.win32.x86_64_21.0.6.v20250130-0529\jre\bin\management_ext.dll
Event: 7.084 Loaded shared library C:\Users\Driti Sai\.p2\pool\plugins\org.eclipse.justj.openjdk.hotspot.jre.full.win32.x86_64_21.0.6.v20250130-0529\jre\bin\extnet.dll

Deoptimization events (20 events):
Event: 314.582 Thread 0x0000016f70e3c250 Uncommon trap: trap_request=0xffffff45 fr.pc=0x0000016f1b39a6f4 relative=0x0000000000002934
Event: 314.582 Thread 0x0000016f70e3c250 Uncommon trap: reason=unstable_if action=reinterpret pc=0x0000016f1b39a6f4 method=sun.nio.ch.SocketChannelImpl.translateReadyOps(IILsun/nio/ch/SelectionKeyImpl;)Z @ 164 c2
Event: 314.582 Thread 0x0000016f70e3c250 DEOPT PACKING pc=0x0000016f1b39a6f4 sp=0x0000004115dfee90
Event: 314.582 Thread 0x0000016f70e3c250 DEOPT UNPACKING pc=0x0000016f1a8c7da2 sp=0x0000004115dfebe0 mode 2
Event: 315.018 Thread 0x0000016f70e3c250 Uncommon trap: trap_request=0xffffffc6 fr.pc=0x0000016f1b1f7b00 relative=0x0000000000001660
Event: 315.018 Thread 0x0000016f70e3c250 Uncommon trap: reason=bimorphic_or_optimized_type_check action=maybe_recompile pc=0x0000016f1b1f7b00 method=org.apache.kafka.clients.NetworkClient.handleCompletedReceives(Ljava/util/List;J)V @ 84 c2
Event: 315.018 Thread 0x0000016f70e3c250 DEOPT PACKING pc=0x0000016f1b1f7b00 sp=0x0000004115dfefc0
Event: 315.018 Thread 0x0000016f70e3c250 DEOPT UNPACKING pc=0x0000016f1a8c7da2 sp=0x0000004115dfefb0 mode 2
Event: 315.019 Thread 0x0000016f70e3c250 Uncommon trap: trap_request=0xffffff45 fr.pc=0x0000016f1b26e804 relative=0x0000000000000064
Event: 315.019 Thread 0x0000016f70e3c250 Uncommon trap: reason=unstable_if action=reinterpret pc=0x0000016f1b26e804 method=org.apache.kafka.common.TopicPartition.hashCode()I @ 4 c2
Event: 315.019 Thread 0x0000016f70e3c250 DEOPT PACKING pc=0x0000016f1b26e804 sp=0x0000004115dfeca0
Event: 315.019 Thread 0x0000016f70e3c250 DEOPT UNPACKING pc=0x0000016f1a8c7da2 sp=0x0000004115dfec28 mode 2
Event: 315.023 Thread 0x0000016f70e3c250 Uncommon trap: trap_request=0xffffff45 fr.pc=0x0000016f1ae374a8 relative=0x0000000000000208
Event: 315.023 Thread 0x0000016f70e3c250 Uncommon trap: reason=unstable_if action=reinterpret pc=0x0000016f1ae374a8 method=org.apache.kafka.clients.consumer.internals.OffsetFetcherUtils.validatePositionsOnMetadataChange()V @ 17 c2
Event: 315.024 Thread 0x0000016f70e3c250 DEOPT PACKING pc=0x0000016f1ae374a8 sp=0x0000004115dff060
Event: 315.024 Thread 0x0000016f70e3c250 DEOPT UNPACKING pc=0x0000016f1a8c7da2 sp=0x0000004115dff018 mode 2
Event: 317.873 Thread 0x0000016f70e3cf70 Uncommon trap: trap_request=0xffffffc6 fr.pc=0x0000016f1b1f7b00 relative=0x0000000000001660
Event: 317.873 Thread 0x0000016f70e3cf70 Uncommon trap: reason=bimorphic_or_optimized_type_check action=maybe_recompile pc=0x0000016f1b1f7b00 method=org.apache.kafka.clients.NetworkClient.handleCompletedReceives(Ljava/util/List;J)V @ 84 c2
Event: 317.873 Thread 0x0000016f70e3cf70 DEOPT PACKING pc=0x0000016f1b1f7b00 sp=0x00000041160fedb0
Event: 317.874 Thread 0x0000016f70e3cf70 DEOPT UNPACKING pc=0x0000016f1a8c7da2 sp=0x00000041160feda0 mode 2

Classes loaded (20 events):
Event: 14.250 Loading class sun/nio/ch/SocketAdaptor
Event: 14.250 Loading class sun/nio/ch/SocketAdaptor done
Event: 14.250 Loading class sun/nio/ch/SocketChannelImpl$DefaultOptionsHolder
Event: 14.251 Loading class sun/nio/ch/SocketChannelImpl$DefaultOptionsHolder done
Event: 14.251 Loading class sun/nio/ch/SelectionKeyImpl
Event: 14.251 Loading class java/nio/channels/spi/AbstractSelectionKey
Event: 14.251 Loading class java/nio/channels/SelectionKey
Event: 14.251 Loading class java/nio/channels/SelectionKey done
Event: 14.251 Loading class java/nio/channels/spi/AbstractSelectionKey done
Event: 14.252 Loading class sun/nio/ch/SelectionKeyImpl done
Event: 14.252 Loading class java/lang/invoke/ConstantBootstraps
Event: 14.252 Loading class java/lang/invoke/ConstantBootstraps done
Event: 14.297 Loading class sun/nio/ch/IOVecWrapper
Event: 14.297 Loading class sun/nio/ch/IOVecWrapper done
Event: 14.297 Loading class sun/nio/ch/AllocatedNativeObject
Event: 14.298 Loading class sun/nio/ch/NativeObject
Event: 14.298 Loading class sun/nio/ch/NativeObject done
Event: 14.298 Loading class sun/nio/ch/AllocatedNativeObject done
Event: 14.298 Loading class sun/nio/ch/IOVecWrapper$Deallocator
Event: 14.298 Loading class sun/nio/ch/IOVecWrapper$Deallocator done

Classes unloaded (0 events):
No events

Classes redefined (0 events):
No events

Internal exceptions (20 events):
Event: 13.573 Thread 0x0000016f0d60b350 Exception <a 'java/lang/NoSuchMethodError'{0x00000000887876a0}: 'java.lang.Object java.lang.invoke.DelegatingMethodHandle$Holder.reinvoke_L(java.lang.Object, int, int, long, java.lang.Object, long, long, long)'> (0x00000000887876a0) 
thrown [s\src\hotspot\share\interpreter\linkResolver.cpp, line 773]
Event: 13.574 Thread 0x0000016f0d60b350 Exception <a 'java/lang/NoSuchMethodError'{0x00000000887aac88}: 'java.lang.Object java.lang.invoke.DelegatingMethodHandle$Holder.reinvoke_L(java.lang.Object, java.lang.Object, java.lang.Object, java.lang.Object, java.lang.Object, java.lang.Object, java.lang.Object, java.lang.Object, java.lang.Object, java.lang.Object, java.lang.Object, java.lang.Object, java.lang.Object, java.lang.Object, int, java.lang.Object, java.lang.Object, java.lang.Object, java.lang.Object, java.lang.Object, java.lang.Object, java.l
Event: 13.577 Thread 0x0000016f0d60b350 Exception <a 'java/lang/NoSuchMethodError'{0x00000000887fd9a8}: 'java.lang.Object java.lang.invoke.DirectMethodHandle$Holder.invokeStatic(java.lang.Object, java.lang.Object, java.lang.Object, java.lang.Object, java.lang.Object, java.lang.Object, java.lang.Object, java.lang.Object, java.lang.Object, java.lang.Object, java.lang.Object, java.lang.Object, java.lang.Object)'> (0x00000000887fd9a8) 
thrown [s\src\hotspot\share\interpreter\linkResolver.cpp, line 773]
Event: 13.578 Thread 0x0000016f0d60b350 Exception <a 'java/lang/NoSuchMethodError'{0x000000008861e608}: 'java.lang.Object java.lang.invoke.DirectMethodHandle$Holder.invokeStatic(java.lang.Object, java.lang.Object, java.lang.Object, java.lang.Object, java.lang.Object, java.lang.Object, java.lang.Object, java.lang.Object, java.lang.Object, java.lang.Object, java.lang.Object, java.lang.Object, java.lang.Object, java.lang.Object)'> (0x000000008861e608) 
thrown [s\src\hotspot\share\interpreter\linkResolver.cpp, line 773]
Event: 13.578 Thread 0x0000016f0d60b350 Exception <a 'java/lang/NoSuchMethodError'{0x0000000088634358}: 'java.lang.Object java.lang.invoke.DelegatingMethodHandle$Holder.reinvoke_L(java.lang.Object, java.lang.Object, java.lang.Object, java.lang.Object, java.lang.Object, java.lang.Object, java.lang.Object, java.lang.Object, java.lang.Object, java.lang.Object, java.lang.Object, java.lang.Object, java.lang.Object, java.lang.Object, java.lang.Object, java.lang.Object, java.lang.Object, java.lang.Object, java.lang.Object, java.lang.Object, java.lang.O
Event: 13.617 Thread 0x0000016f0d60b350 Implicit null exception at 0x0000016f1af2cf85 to 0x0000016f1af2d1e8
Event: 13.662 Thread 0x0000016f6fa522f0 Implicit null exception at 0x0000016f1b33a809 to 0x0000016f1b33abf8
Event: 13.896 Thread 0x0000016f0d60b350 Exception <a 'java/lang/NoSuchMethodError'{0x000000008ba5eb38}: 'void java.lang.invoke.DirectMethodHandle$Holder.invokeStaticInit(java.lang.Object)'> (0x000000008ba5eb38) 
thrown [s\src\hotspot\share\interpreter\linkResolver.cpp, line 773]
Event: 14.296 Thread 0x0000016f70e3c250 Exception <a 'java/lang/NoSuchMethodError'{0x0000000088d4e770}: 'java.lang.Object java.lang.invoke.DirectMethodHandle$Holder.newInvokeSpecial(java.lang.Object, java.lang.Object, long)'> (0x0000000088d4e770) 
thrown [s\src\hotspot\share\interpreter\linkResolver.cpp, line 773]
Event: 14.296 Thread 0x0000016f70e3cf70 Exception <a 'java/lang/NoSuchMethodError'{0x0000000088d417b8}: 'java.lang.Object java.lang.invoke.DirectMethodHandle$Holder.newInvokeSpecial(java.lang.Object, java.lang.Object, long)'> (0x0000000088d417b8) 
thrown [s\src\hotspot\share\interpreter\linkResolver.cpp, line 773]
Event: 14.296 Thread 0x0000016f70e3c250 Exception <a 'java/lang/NoSuchMethodError'{0x0000000088d51eb8}: 'java.lang.Object java.lang.invoke.Invokers$Holder.linkToTargetMethod(java.lang.Object, long, java.lang.Object)'> (0x0000000088d51eb8) 
thrown [s\src\hotspot\share\interpreter\linkResolver.cpp, line 773]
Event: 14.296 Thread 0x0000016f70e3cf70 Exception <a 'java/lang/NoSuchMethodError'{0x0000000088d597e0}: 'java.lang.Object java.lang.invoke.Invokers$Holder.linkToTargetMethod(java.lang.Object, long, java.lang.Object)'> (0x0000000088d597e0) 
thrown [s\src\hotspot\share\interpreter\linkResolver.cpp, line 773]
Event: 14.601 Thread 0x0000016f70e3c250 Implicit null exception at 0x0000016f1ae3d124 to 0x0000016f1ae3d7f0
Event: 14.601 Thread 0x0000016f70e3cf70 Implicit null exception at 0x0000016f1ae3d124 to 0x0000016f1ae3d7f0
Event: 17.897 Thread 0x0000016f70e3c250 Exception <a 'java/lang/NoSuchMethodError'{0x0000000088616870}: 'java.lang.Object java.lang.invoke.DirectMethodHandle$Holder.invokeVirtual(java.lang.Object, java.lang.Object, int)'> (0x0000000088616870) 
thrown [s\src\hotspot\share\interpreter\linkResolver.cpp, line 773]
Event: 17.897 Thread 0x0000016f70e3cf70 Exception <a 'java/lang/NoSuchMethodError'{0x0000000088607c00}: 'java.lang.Object java.lang.invoke.DirectMethodHandle$Holder.invokeVirtual(java.lang.Object, java.lang.Object, int)'> (0x0000000088607c00) 
thrown [s\src\hotspot\share\interpreter\linkResolver.cpp, line 773]
Event: 17.898 Thread 0x0000016f70e3cf70 Implicit null exception at 0x0000016f1ae391a0 to 0x0000016f1ae39858
Event: 17.898 Thread 0x0000016f70e3c250 Implicit null exception at 0x0000016f1ae391a0 to 0x0000016f1ae39858
Event: 18.524 Thread 0x0000016f70e3c250 Exception <a 'java/lang/NoSuchMethodError'{0x00000000886ee008}: 'java.lang.Object java.lang.invoke.DirectMethodHandle$Holder.newInvokeSpecial(java.lang.Object, int, java.lang.Object, java.lang.Object)'> (0x00000000886ee008) 
thrown [s\src\hotspot\share\interpreter\linkResolver.cpp, line 773]
Event: 18.524 Thread 0x0000016f70e3cf70 Exception <a 'java/lang/NoSuchMethodError'{0x00000000886a0ad0}: 'java.lang.Object java.lang.invoke.DirectMethodHandle$Holder.newInvokeSpecial(java.lang.Object, int, java.lang.Object, java.lang.Object)'> (0x00000000886a0ad0) 
thrown [s\src\hotspot\share\interpreter\linkResolver.cpp, line 773]

ZGC Phase Switch (0 events):
No events

VM Operations (20 events):
Event: 365.479 Executing VM operation: Cleanup
Event: 365.479 Executing VM operation: Cleanup done
Event: 371.528 Executing VM operation: Cleanup
Event: 371.528 Executing VM operation: Cleanup done
Event: 374.535 Executing VM operation: Cleanup
Event: 374.535 Executing VM operation: Cleanup done
Event: 399.720 Executing VM operation: Cleanup
Event: 399.721 Executing VM operation: Cleanup done
Event: 402.744 Executing VM operation: Cleanup
Event: 402.744 Executing VM operation: Cleanup done
Event: 404.765 Executing VM operation: Cleanup
Event: 404.765 Executing VM operation: Cleanup done
Event: 405.768 Executing VM operation: Cleanup
Event: 405.769 Executing VM operation: Cleanup done
Event: 406.774 Executing VM operation: Cleanup
Event: 406.774 Executing VM operation: Cleanup done
Event: 420.874 Executing VM operation: Cleanup
Event: 420.874 Executing VM operation: Cleanup done
Event: 421.881 Executing VM operation: Cleanup
Event: 421.881 Executing VM operation: Cleanup done

Memory protections (0 events):
No events

Nmethod flushes (20 events):
Event: 74.164 Thread 0x0000016f277a1d20 flushing  nmethod 0x0000016f1344e910
Event: 74.164 Thread 0x0000016f277a1d20 flushing  nmethod 0x0000016f13566910
Event: 74.164 Thread 0x0000016f277a1d20 flushing  nmethod 0x0000016f13567d90
Event: 74.164 Thread 0x0000016f277a1d20 flushing  nmethod 0x0000016f135cb190
Event: 74.164 Thread 0x0000016f277a1d20 flushing  nmethod 0x0000016f135ed790
Event: 74.164 Thread 0x0000016f277a1d20 flushing  nmethod 0x0000016f135f0410
Event: 74.164 Thread 0x0000016f277a1d20 flushing  nmethod 0x0000016f135f1490
Event: 74.164 Thread 0x0000016f277a1d20 flushing  nmethod 0x0000016f1360b310
Event: 74.164 Thread 0x0000016f277a1d20 flushing  nmethod 0x0000016f1360c790
Event: 74.164 Thread 0x0000016f277a1d20 flushing  nmethod 0x0000016f136a9c10
Event: 74.164 Thread 0x0000016f277a1d20 flushing  nmethod 0x0000016f136d4e10
Event: 74.164 Thread 0x0000016f277a1d20 flushing osr nmethod 0x0000016f136dd310
Event: 74.164 Thread 0x0000016f277a1d20 flushing  nmethod 0x0000016f13718c10
Event: 74.164 Thread 0x0000016f277a1d20 flushing  nmethod 0x0000016f13815510
Event: 74.164 Thread 0x0000016f277a1d20 flushing  nmethod 0x0000016f1385a410
Event: 74.164 Thread 0x0000016f277a1d20 flushing  nmethod 0x0000016f13ab3190
Event: 74.164 Thread 0x0000016f277a1d20 flushing  nmethod 0x0000016f13ce9790
Event: 74.164 Thread 0x0000016f277a1d20 flushing  nmethod 0x0000016f13cea090
Event: 74.164 Thread 0x0000016f277a1d20 flushing  nmethod 0x0000016f13cf1010
Event: 74.164 Thread 0x0000016f277a1d20 flushing  nmethod 0x0000016f13cf1a10

Events (20 events):
Event: 13.628 Thread 0x0000016f0d60b350 Thread added: 0x0000016f70e3a810
Event: 13.629 Thread 0x0000016f0d60b350 Thread added: 0x0000016f70e380b0
Event: 13.644 Thread 0x0000016f0d60b350 Thread added: 0x0000016f70e3aea0
Event: 13.645 Thread 0x0000016f0d60b350 Thread added: 0x0000016f70e37a20
Event: 13.883 Thread 0x0000016f0d60b350 Thread added: 0x0000016f70e3bbc0
Event: 13.895 Thread 0x0000016f0d60b350 Thread added: 0x0000016f70e3b530
Event: 13.898 Thread 0x0000016f0d60b350 Thread added: 0x0000016f70e3c250
Event: 13.927 Thread 0x0000016f0d60b350 Thread added: 0x0000016f70e3c8e0
Event: 13.930 Thread 0x0000016f0d60b350 Thread added: 0x0000016f70e39460
Event: 13.930 Thread 0x0000016f0d60b350 Thread added: 0x0000016f70e3cf70
Event: 13.973 Thread 0x0000016f0d60b350 Thread exited: 0x0000016f0d60b350
Event: 13.973 Thread 0x0000016f70e3d600 Thread added: 0x0000016f70e3d600
Event: 14.206 Thread 0x0000016f27ab9420 Thread exited: 0x0000016f27ab9420
Event: 14.603 Thread 0x0000016f277d8ff0 Thread added: 0x0000016f6ed0f9f0
Event: 14.605 Thread 0x0000016f70e3c250 Thread added: 0x0000016f70e3dc90
Event: 14.605 Thread 0x0000016f70e3cf70 Thread added: 0x0000016f70e3e320
Event: 15.047 Thread 0x0000016f6ed0f9f0 Thread exited: 0x0000016f6ed0f9f0
Event: 43.601 Thread 0x0000016f6fa51c60 Thread added: 0x0000016f73fef1c0
Event: 43.601 Thread 0x0000016f6fa53010 Thread added: 0x0000016f73ff0570
Event: 313.423 Thread 0x0000016f6fa4d430 Thread added: 0x0000016f73ff2cd0


Dynamic libraries:
0x00007ff73c500000 - 0x00007ff73c50e000 	C:\Users\Driti Sai\.p2\pool\plugins\org.eclipse.justj.openjdk.hotspot.jre.full.win32.x86_64_21.0.6.v20250130-0529\jre\bin\javaw.exe
0x00007ffc04980000 - 0x00007ffc04be7000 	C:\WINDOWS\SYSTEM32\ntdll.dll
0x00007ffc02f80000 - 0x00007ffc03049000 	C:\WINDOWS\System32\KERNEL32.DLL
0x00007ffc013c0000 - 0x00007ffc017b1000 	C:\WINDOWS\System32\KERNELBASE.dll
0x00007ffc02220000 - 0x00007ffc0236b000 	C:\WINDOWS\System32\ucrtbase.dll
0x00007ffbe0100000 - 0x00007ffbe0118000 	C:\Users\Driti Sai\.p2\pool\plugins\org.eclipse.justj.openjdk.hotspot.jre.full.win32.x86_64_21.0.6.v20250130-0529\jre\bin\jli.dll
0x00007ffbccfa0000 - 0x00007ffbccfbe000 	C:\Users\Driti Sai\.p2\pool\plugins\org.eclipse.justj.openjdk.hotspot.jre.full.win32.x86_64_21.0.6.v20250130-0529\jre\bin\VCRUNTIME140.dll
0x00007ffc02720000 - 0x00007ffc028e5000 	C:\WINDOWS\System32\USER32.dll
0x00007ffc02370000 - 0x00007ffc02397000 	C:\WINDOWS\System32\win32u.dll
0x00007ffbe07e0000 - 0x00007ffbe0a73000 	C:\WINDOWS\WinSxS\amd64_microsoft.windows.common-controls_6595b64144ccf1df_6.0.26100.8037_none_3e092faae333b53b\COMCTL32.dll
0x00007ffc03340000 - 0x00007ffc0336b000 	C:\WINDOWS\System32\GDI32.dll
0x00007ffc03910000 - 0x00007ffc039b9000 	C:\WINDOWS\System32\msvcrt.dll
0x00007ffc020f0000 - 0x00007ffc0221b000 	C:\WINDOWS\System32\gdi32full.dll
0x00007ffc01260000 - 0x00007ffc01303000 	C:\WINDOWS\System32\msvcp_win.dll
0x00007ffc03c50000 - 0x00007ffc03c81000 	C:\WINDOWS\System32\IMM32.DLL
0x00007ffbfc350000 - 0x00007ffbfc35c000 	C:\Users\Driti Sai\.p2\pool\plugins\org.eclipse.justj.openjdk.hotspot.jre.full.win32.x86_64_21.0.6.v20250130-0529\jre\bin\vcruntime140_1.dll
0x00007ffbc3a00000 - 0x00007ffbc3a8d000 	C:\Users\Driti Sai\.p2\pool\plugins\org.eclipse.justj.openjdk.hotspot.jre.full.win32.x86_64_21.0.6.v20250130-0529\jre\bin\msvcp140.dll
0x00007ffb76150000 - 0x00007ffb76ee0000 	C:\Users\Driti Sai\.p2\pool\plugins\org.eclipse.justj.openjdk.hotspot.jre.full.win32.x86_64_21.0.6.v20250130-0529\jre\bin\server\jvm.dll
0x00007ffc03b90000 - 0x00007ffc03c4b000 	C:\WINDOWS\System32\ADVAPI32.dll
0x00007ffc04400000 - 0x00007ffc044a7000 	C:\WINDOWS\System32\sechost.dll
0x00007ffc02bc0000 - 0x00007ffc02cd8000 	C:\WINDOWS\System32\RPCRT4.dll
0x00007ffc02b30000 - 0x00007ffc02ba4000 	C:\WINDOWS\System32\WS2_32.dll
0x00007ffc010c0000 - 0x00007ffc0111e000 	C:\WINDOWS\SYSTEM32\POWRPROF.dll
0x00007ffbf8cc0000 - 0x00007ffbf8ccb000 	C:\WINDOWS\SYSTEM32\VERSION.dll
0x00007ffbe8390000 - 0x00007ffbe83c5000 	C:\WINDOWS\SYSTEM32\WINMM.dll
0x00007ffc010a0000 - 0x00007ffc010b4000 	C:\WINDOWS\SYSTEM32\UMPDC.dll
0x00007ffbfffd0000 - 0x00007ffbfffeb000 	C:\WINDOWS\SYSTEM32\kernel.appcore.dll
0x00007ffbfc340000 - 0x00007ffbfc34a000 	C:\Users\Driti Sai\.p2\pool\plugins\org.eclipse.justj.openjdk.hotspot.jre.full.win32.x86_64_21.0.6.v20250130-0529\jre\bin\jimage.dll
0x00007ffbff050000 - 0x00007ffbff292000 	C:\WINDOWS\SYSTEM32\DBGHELP.DLL
0x00007ffc045b0000 - 0x00007ffc04932000 	C:\WINDOWS\System32\combase.dll
0x00007ffc02ea0000 - 0x00007ffc02f77000 	C:\WINDOWS\System32\OLEAUT32.dll
0x00007ffbdd1e0000 - 0x00007ffbdd21b000 	C:\WINDOWS\SYSTEM32\dbgcore.DLL
0x00007ffc01310000 - 0x00007ffc013b5000 	C:\WINDOWS\System32\bcryptPrimitives.dll
0x00007ffbe00e0000 - 0x00007ffbe00ff000 	C:\Users\Driti Sai\.p2\pool\plugins\org.eclipse.justj.openjdk.hotspot.jre.full.win32.x86_64_21.0.6.v20250130-0529\jre\bin\java.dll
0x00007ffc03c90000 - 0x00007ffc043ef000 	C:\WINDOWS\System32\SHELL32.dll
0x00007ffc025b0000 - 0x00007ffc0271a000 	C:\WINDOWS\System32\wintypes.dll
0x00007ffc017c0000 - 0x00007ffc02024000 	C:\WINDOWS\System32\windows.storage.dll
0x00007ffc02ce0000 - 0x00007ffc02dd7000 	C:\WINDOWS\System32\SHCORE.dll
0x00007ffc04530000 - 0x00007ffc04597000 	C:\WINDOWS\System32\shlwapi.dll
0x00007ffc01180000 - 0x00007ffc011a9000 	C:\WINDOWS\SYSTEM32\profapi.dll
0x00007ffbd0e60000 - 0x00007ffbd0e78000 	C:\Users\Driti Sai\.p2\pool\plugins\org.eclipse.justj.openjdk.hotspot.jre.full.win32.x86_64_21.0.6.v20250130-0529\jre\bin\zip.dll
0x00007ffbe00d0000 - 0x00007ffbe00e0000 	C:\Users\Driti Sai\.p2\pool\plugins\org.eclipse.justj.openjdk.hotspot.jre.full.win32.x86_64_21.0.6.v20250130-0529\jre\bin\net.dll
0x00007ffbfaf60000 - 0x00007ffbfb087000 	C:\WINDOWS\SYSTEM32\WINHTTP.dll
0x00007ffc00560000 - 0x00007ffc005cb000 	C:\WINDOWS\system32\mswsock.dll
0x00007ffbd0140000 - 0x00007ffbd0156000 	C:\Users\Driti Sai\.p2\pool\plugins\org.eclipse.justj.openjdk.hotspot.jre.full.win32.x86_64_21.0.6.v20250130-0529\jre\bin\nio.dll
0x00007ffbffa00000 - 0x00007ffbffa33000 	C:\WINDOWS\SYSTEM32\IPHLPAPI.DLL
0x00007ffc03230000 - 0x00007ffc0323a000 	C:\WINDOWS\System32\NSI.dll
0x00007ffbffaa0000 - 0x00007ffbffbca000 	C:\WINDOWS\SYSTEM32\DNSAPI.dll
0x00007ffbf16a0000 - 0x00007ffbf16ab000 	C:\Windows\System32\rasadhlp.dll
0x00007ffbfb150000 - 0x00007ffbfb1d6000 	C:\WINDOWS\System32\fwpuclnt.dll
0x00007ffbfc360000 - 0x00007ffbfc36e000 	C:\Users\Driti Sai\.p2\pool\plugins\org.eclipse.justj.openjdk.hotspot.jre.full.win32.x86_64_21.0.6.v20250130-0529\jre\bin\sunmscapi.dll
0x00007ffc02430000 - 0x00007ffc025a7000 	C:\WINDOWS\System32\CRYPT32.dll
0x00007ffc00a60000 - 0x00007ffc00a90000 	C:\WINDOWS\SYSTEM32\ncrypt.dll
0x00007ffc00a10000 - 0x00007ffc00a4f000 	C:\WINDOWS\SYSTEM32\NTASN1.dll
0x00007ffbd0130000 - 0x00007ffbd0140000 	C:\Users\Driti Sai\.p2\pool\plugins\org.eclipse.justj.openjdk.hotspot.jre.full.win32.x86_64_21.0.6.v20250130-0529\jre\bin\verify.dll
0x00007ffc00840000 - 0x00007ffc0085b000 	C:\WINDOWS\SYSTEM32\CRYPTSP.dll
0x00007ffbfff30000 - 0x00007ffbfff69000 	C:\WINDOWS\system32\rsaenh.dll
0x00007ffc00610000 - 0x00007ffc00642000 	C:\WINDOWS\SYSTEM32\USERENV.dll
0x00007ffc01150000 - 0x00007ffc0117a000 	C:\WINDOWS\SYSTEM32\bcrypt.dll
0x00007ffc00860000 - 0x00007ffc0086c000 	C:\WINDOWS\SYSTEM32\CRYPTBASE.dll
0x00007ffbccf90000 - 0x00007ffbccf9a000 	C:\Users\Driti Sai\.p2\pool\plugins\org.eclipse.justj.openjdk.hotspot.jre.full.win32.x86_64_21.0.6.v20250130-0529\jre\bin\management.dll
0x00007ffbccf80000 - 0x00007ffbccf8b000 	C:\Users\Driti Sai\.p2\pool\plugins\org.eclipse.justj.openjdk.hotspot.jre.full.win32.x86_64_21.0.6.v20250130-0529\jre\bin\management_ext.dll
0x00007ffc045a0000 - 0x00007ffc045a8000 	C:\WINDOWS\System32\PSAPI.DLL
0x00007ffbd0120000 - 0x00007ffbd0129000 	C:\Users\Driti Sai\.p2\pool\plugins\org.eclipse.justj.openjdk.hotspot.jre.full.win32.x86_64_21.0.6.v20250130-0529\jre\bin\extnet.dll
0x00007ffbab680000 - 0x00007ffbab688000 	C:\WINDOWS\system32\wshunix.dll

dbghelp: loaded successfully - version: 4.0.5 - missing functions: none
symbol engine: initialized successfully - sym options: 0x614 - pdb path: .;C:\Users\Driti Sai\.p2\pool\plugins\org.eclipse.justj.openjdk.hotspot.jre.full.win32.x86_64_21.0.6.v20250130-0529\jre\bin;C:\WINDOWS\SYSTEM32;C:\WINDOWS\WinSxS\amd64_microsoft.windows.common-controls_6595b64144ccf1df_6.0.26100.8037_none_3e092faae333b53b;C:\Users\Driti Sai\.p2\pool\plugins\org.eclipse.justj.openjdk.hotspot.jre.full.win32.x86_64_21.0.6.v20250130-0529\jre\bin\server

VM Arguments:
jvm_args: -Dfile.encoding=UTF-8 -Dstdout.encoding=UTF-8 -Dstderr.encoding=UTF-8 -XX:+ShowCodeDetailsInExceptionMessages 
java_command: com.wallet.tx.TransactionServiceApplication
java_class_path (initial): D:\Digital-Wallet-System\transaction-service\target\classes;C:\Users\Driti Sai\.m2\repository\org\springframework\boot\spring-boot-starter-web\3.2.3\spring-boot-starter-web-3.2.3.jar;C:\Users\Driti Sai\.m2\repository\org\springframework\boot\spring-boot-starter\3.2.3\spring-boot-starter-3.2.3.jar;C:\Users\Driti Sai\.m2\repository\org\springframework\boot\spring-boot\3.2.3\spring-boot-3.2.3.jar;C:\Users\Driti Sai\.m2\repository\org\springframework\boot\spring-boot-autoconfigure\3.2.3\spring-boot-autoconfigure-3.2.3.jar;C:\Users\Driti Sai\.m2\repository\org\springframework\boot\spring-boot-starter-logging\3.2.3\spring-boot-starter-logging-3.2.3.jar;C:\Users\Driti Sai\.m2\repository\ch\qos\logback\logback-classic\1.4.14\logback-classic-1.4.14.jar;C:\Users\Driti Sai\.m2\repository\ch\qos\logback\logback-core\1.4.14\logback-core-1.4.14.jar;C:\Users\Driti Sai\.m2\repository\org\apache\logging\log4j\log4j-to-slf4j\2.21.1\log4j-to-slf4j-2.21.1.jar;C:\Users\Driti Sai\.m2\repository\org\apache\logging\log4j\log4j-api\2.21.1\log4j-api-2.21.1.jar;C:\Users\Driti Sai\.m2\repository\org\slf4j\jul-to-slf4j\2.0.12\jul-to-slf4j-2.0.12.jar;C:\Users\Driti Sai\.m2\repository\jakarta\annotation\jakarta.annotation-api\2.1.1\jakarta.annotation-api-2.1.1.jar;C:\Users\Driti Sai\.m2\repository\org\yaml\snakeyaml\2.2\snakeyaml-2.2.jar;C:\Users\Driti Sai\.m2\repository\org\springframework\boot\spring-boot-starter-json\3.2.3\spring-boot-starter-json-3.2.3.jar;C:\Users\Driti Sai\.m2\repository\com\fasterxml\jackson\core\jackson-databind\2.15.4\jackson-databind-2.15.4.jar;C:\Users\Driti Sai\.m2\repository\com\fasterxml\jackson\datatype\jackson-datatype-jdk8\2.15.4\jackson-datatype-jdk8-2.15.4.jar;C:\Users\Driti Sai\.m2\repository\com\fasterxml\jackson\datatype\jackson-datatype-jsr310\2.15.4\jackson-datatype-jsr310-2.15.4.jar;C:\Users\Driti Sai\.m2\repository\com\fasterxml\jackson\module\jackson-module-parameter-names\2.15.4\jackson-module-parameter-names-2.15.4.jar;C:\Users\Driti Sai\.m2\repository\org\springframework\boot\spring-boot-starter-tomcat\3.2.3\spring-boot-starter-tomcat-3.2.3.jar;C:\Users\Driti Sai\.m2\repository\org\apache\tomcat\embed\tomcat-embed-core\10.1.19\tomcat-embed-core-10.1.19.jar;C:\Users\Driti Sai\.m2\repository\org\apache\tomcat\embed\tomcat-embed-websocket\10.1.19\tomcat-embed-websocket-10.1.19.jar;C:\Users\Driti Sai\.m2\repository\org\springframework\spring-web\6.1.4\spring-web-6.1.4.jar;C:\Users\Driti Sai\.m2\repository\org\springframework\spring-beans\6.1.4\spring-beans-6.1.4.jar;C:\Users\Driti Sai\.m2\repository\org\springframework\spring-webmvc\6.1.4\spring-webmvc-6.1.4.jar;C:\Users\Driti Sai\.m2\repository\org\springframework\spring-aop\6.1.4\spring-aop-6.1.4.jar;C:\Users\Driti Sai\.m2\repository\org\springframework\spring-expression\6.1.4\spring-expression-6.1.4.jar;C:\Users\Driti Sai\.m2\repository\org\springframework\boot\spring-boot-starter-data-jpa\3.2.3\spring-boot-starter-data-jpa-3.2.3.jar;C:\Users\Driti Sai\.m2\repository\org\springframework\boot\spring-boot-starter-aop\3.2.3\spring-boot-starter-aop-3.2.3.jar;C:\Users\Driti Sai\.m2\repository\org\aspectj\aspectjweaver\1.9.21\aspectjweaver-1.9.21.jar;C:\Users\Driti Sai\.m2\repository\org\springframework\boot\spring-boot-starter-jdbc\3.2.3\spring-boot-starter-jdbc-3.2.3.jar;C:\Users\Driti Sai\.m2\repository\com\zaxxer\HikariCP\5.0.1\HikariCP-5.0.1.jar;C:\Users\Driti Sai\.m2\repository\org\springframework\spring-jdbc\6.1.4\spring-jdbc-6.1.4.jar;C:\Users\Driti Sai\.m2\repository\org\hibernate\orm\hibernate-core\6.4.4.Final\hibernate-core-6.4.4.Final.jar;C:\Users\Driti Sai\.m2\repository\jakarta\persistence\jakarta.persistence-api\3.1.0\jakarta.persistence-api-3.1.0.jar;C:\Users\Driti Sai\.m2\repository\jakarta\transaction\jakarta.transaction-api\2.0.1\jakarta.transaction-api-2.0.1.jar;C:\Users\Driti Sai\.m2\repository\org\jboss\logging\jboss-logging\3.5.3.Final\jboss-logging-3.5.3.Final.jar;C:\Users\Driti Sai\.m2\repository\org\hibernate\common\hibernate-commons-annotations\6.0.6.Final\hibernate-commons-annotations-6.0.6.Final.jar;C:\Users\Driti Sai\.m2\repository\io\smallrye\jandex\3.1.2\jandex-3.1.2.jar;C:\Users\Driti Sai\.m2\repository\com\fasterxml\classmate\1.6.0\classmate-1.6.0.jar;C:\Users\Driti Sai\.m2\repository\net\bytebuddy\byte-buddy\1.14.12\byte-buddy-1.14.12.jar;C:\Users\Driti Sai\.m2\repository\org\glassfish\jaxb\jaxb-runtime\4.0.4\jaxb-runtime-4.0.4.jar;C:\Users\Driti Sai\.m2\repository\org\glassfish\jaxb\jaxb-core\4.0.4\jaxb-core-4.0.4.jar;C:\Users\Driti Sai\.m2\repository\org\eclipse\angus\angus-activation\2.0.1\angus-activation-2.0.1.jar;C:\Users\Driti Sai\.m2\repository\org\glassfish\jaxb\txw2\4.0.4\txw2-4.0.4.jar;C:\Users\Driti Sai\.m2\repository\com\sun\istack\istack-commons-runtime\4.1.2\istack-commons-runtime-4.1.2.jar;C:\Users\Driti Sai\.m2\repository\jakarta\inject\jakarta.inject-api\2.0.1\jakarta.inject-api-2.0.1.jar;C:\Users\Driti Sai\.m2\repository\org\antlr\antlr4-runtime\4.13.0\antlr4-runtime-4.13.0.jar;C:\Users\Driti Sai\.m2\repository\org\springframework\data\spring-data-jpa\3.2.3\spring-data-jpa-3.2.3.jar;C:\Users\Driti Sai\.m2\repository\org\springframework\data\spring-data-commons\3.2.3\spring-data-commons-3.2.3.jar;C:\Users\Driti Sai\.m2\repository\org\springframework\spring-orm\6.1.4\spring-orm-6.1.4.jar;C:\Users\Driti Sai\.m2\repository\org\springframework\spring-aspects\6.1.4\spring-aspects-6.1.4.jar;C:\Users\Driti Sai\.m2\repository\org\springframework\kafka\spring-kafka\3.1.2\spring-kafka-3.1.2.jar;C:\Users\Driti Sai\.m2\repository\org\springframework\spring-context\6.1.4\spring-context-6.1.4.jar;C:\Users\Driti Sai\.m2\repository\org\springframework\spring-messaging\6.1.4\spring-messaging-6.1.4.jar;C:\Users\Driti Sai\.m2\repository\org\springframework\spring-tx\6.1.4\spring-tx-6.1.4.jar;C:\Users\Driti Sai\.m2\repository\org\springframework\retry\spring-retry\2.0.5\spring-retry-2.0.5.jar;C:\Users\Driti Sai\.m2\repository\org\apache\kafka\kafka-clients\3.6.1\kafka-clients-3.6.1.jar;C:\Users\Driti Sai\.m2\repository\com\github\luben\zstd-jni\1.5.5-1\zstd-jni-1.5.5-1.jar;C:\Users\Driti Sai\.m2\repository\org\lz4\lz4-java\1.8.0\lz4-java-1.8.0.jar;C:\Users\Driti Sai\.m2\repository\org\xerial\snappy\snappy-java\1.1.10.5\snappy-java-1.1.10.5.jar;C:\Users\Driti Sai\.m2\repository\io\micrometer\micrometer-observation\1.12.3\micrometer-observation-1.12.3.jar;C:\Users\Driti Sai\.m2\repository\io\micrometer\micrometer-commons\1.12.3\micrometer-commons-1.12.3.jar;C:\Users\Driti Sai\.m2\repository\com\google\code\findbugs\jsr305\3.0.2\jsr305-3.0.2.jar;C:\Users\Driti Sai\.m2\repository\org\springframework\cloud\spring-cloud-starter-netflix-eureka-client\4.1.0\spring-cloud-starter-netflix-eureka-client-4.1.0.jar;C:\Users\Driti Sai\.m2\repository\org\springframework\cloud\spring-cloud-starter\4.1.0\spring-cloud-starter-4.1.0.jar;C:\Users\Driti Sai\.m2\repository\org\springframework\cloud\spring-cloud-context\4.1.0\spring-cloud-context-4.1.0.jar;C:\Users\Driti Sai\.m2\repository\org\springframework\security\spring-security-crypto\6.2.2\spring-security-crypto-6.2.2.jar;C:\Users\Driti Sai\.m2\repository\org\springframework\cloud\spring-cloud-commons\4.1.0\spring-cloud-commons-4.1.0.jar;C:\Users\Driti Sai\.m2\repository\org\springframework\security\spring-security-rsa\1.1.1\spring-security-rsa-1.1.1.jar;C:\Users\Driti Sai\.m2\repository\org\bouncycastle\bcprov-jdk18on\1.74\bcprov-jdk18on-1.74.jar;C:\Users\Driti Sai\.m2\repository\org\springframework\cloud\spring-cloud-netflix-eureka-client\4.1.0\spring-cloud-netflix-eureka-client-4.1.0.jar;C:\Users\Driti Sai\.m2\repository\org\apache\httpcomponents\client5\httpclient5\5.2.3\httpclient5-5.2.3.jar;C:\Users\Driti Sai\.m2\repository\org\apache\httpcomponents\core5\httpcore5\5.2.4\httpcore5-5.2.4.jar;C:\Users\Driti Sai\.m2\repository\org\apache\httpcomponents\core5\httpcore5-h2\5.2.4\httpcore5-h2-5.2.4.jar;C:\Users\Driti Sai\.m2\repository\com\netflix\eureka\eureka-client\2.0.1\eureka-client-2.0.1.jar;C:\Users\Driti Sai\.m2\repository\com\netflix\netflix-commons\netflix-eventbus\0.3.0\netflix-eventbus-0.3.0.jar;C:\Users\Driti Sai\.m2\repository\com\netflix\netflix-commons\netflix-infix\0.3.0\netflix-infix-0.3.0.jar;C:\Users\Driti Sai\.m2\repository\commons-jxpath\commons-jxpath\1.3\commons-jxpath-1.3.jar;C:\Users\Driti Sai\.m2\repository\joda-time\joda-time\2.3\joda-time-2.3.jar;C:\Users\Driti Sai\.m2\repository\org\antlr\antlr-runtime\3.4\antlr-runtime-3.4.jar;C:\Users\Driti Sai\.m2\repository\org\antlr\stringtemplate\3.2.1\stringtemplate-3.2.1.jar;C:\Users\Driti Sai\.m2\repository\antlr\antlr\2.7.7\antlr-2.7.7.jar;C:\Users\Driti Sai\.m2\repository\com\google\code\gson\gson\2.10.1\gson-2.10.1.jar;C:\Users\Driti Sai\.m2\repository\org\apache\commons\commons-math\2.2\commons-math-2.2.jar;C:\Users\Driti Sai\.m2\repository\com\thoughtworks\xstream\xstream\1.4.19\xstream-1.4.19.jar;C:\Users\Driti Sai\.m2\repository\io\github\x-stream\mxparser\1.2.2\mxparser-1.2.2.jar;C:\Users\Driti Sai\.m2\repository\xmlpull\xmlpull\1.1.3.1\xmlpull-1.1.3.1.jar;C:\Users\Driti Sai\.m2\repository\jakarta\ws\rs\jakarta.ws.rs-api\3.1.0\jakarta.ws.rs-api-3.1.0.jar;C:\Users\Driti Sai\.m2\repository\com\netflix\servo\servo-core\0.12.21\servo-core-0.12.21.jar;C:\Users\Driti Sai\.m2\repository\com\google\guava\guava\19.0\guava-19.0.jar;C:\Users\Driti Sai\.m2\repository\org\apache\httpcomponents\httpclient\4.5.3\httpclient-4.5.3.jar;C:\Users\Driti Sai\.m2\repository\org\apache\httpcomponents\httpcore\4.4.16\httpcore-4.4.16.jar;C:\Users\Driti Sai\.m2\repository\commons-codec\commons-codec\1.16.1\commons-codec-1.16.1.jar;C:\Users\Driti Sai\.m2\repository\commons-configuration\commons-configuration\1.10\commons-configuration-1.10.jar;C:\Users\Driti Sai\.m2\repository\commons-lang\commons-lang\2.6\commons-lang-2.6.jar;C:\Users\Driti Sai\.m2\repository\com\fasterxml\jackson\core\jackson-annotations\2.15.4\jackson-annotations-2.15.4.jar;C:\Users\Driti Sai\.m2\repository\com\fasterxml\jackson\core\jackson-core\2.15.4\jackson-core-2.15.4.jar;C:\Users\Driti Sai\.m2\repository\org\codehaus\jettison\jettison\1.4.0\jettison-1.4.0.jar;C:\Users\Driti Sai\.m2\repository\com\netflix\eureka\eureka-core\2.0.1\eureka-core-2.0.1.jar;C:\Users\Driti Sai\.m2\repository\com\fasterxml\woodstox\woodstox-core\6.2.1\woodstox-core-6.2.1.jar;C:\Users\Driti Sai\.m2\repository\org\codehaus\woodstox\stax2-api\4.2.1\stax2-api-4.2.1.jar;C:\Users\Driti Sai\.m2\repository\org\springframework\cloud\spring-cloud-starter-loadbalancer\4.1.0\spring-cloud-starter-loadbalancer-4.1.0.jar;C:\Users\Driti Sai\.m2\repository\org\springframework\cloud\spring-cloud-loadbalancer\4.1.0\spring-cloud-loadbalancer-4.1.0.jar;C:\Users\Driti Sai\.m2\repository\io\projectreactor\reactor-core\3.6.3\reactor-core-3.6.3.jar;C:\Users\Driti Sai\.m2\repository\org\reactivestreams\reactive-streams\1.0.4\reactive-streams-1.0.4.jar;C:\Users\Driti Sai\.m2\repository\io\projectreactor\addons\reactor-extra\3.5.1\reactor-extra-3.5.1.jar;C:\Users\Driti Sai\.m2\repository\org\springframework\boot\spring-boot-starter-cache\3.2.3\spring-boot-starter-cache-3.2.3.jar;C:\Users\Driti Sai\.m2\repository\org\springframework\spring-context-support\6.1.4\spring-context-support-6.1.4.jar;C:\Users\Driti Sai\.m2\repository\com\stoyanr\evictor\1.0.0\evictor-1.0.0.jar;C:\Users\Driti Sai\.m2\repository\org\postgresql\postgresql\42.6.1\postgresql-42.6.1.jar;C:\Users\Driti Sai\.m2\repository\org\checkerframework\checker-qual\3.31.0\checker-qual-3.31.0.jar;C:\Users\Driti Sai\.m2\repository\org\springdoc\springdoc-openapi-starter-webmvc-ui\2.3.0\springdoc-openapi-starter-webmvc-ui-2.3.0.jar;C:\Users\Driti Sai\.m2\repository\org\springdoc\springdoc-openapi-starter-webmvc-api\2.3.0\springdoc-openapi-starter-webmvc-api-2.3.0.jar;C:\Users\Driti Sai\.m2\repository\org\springdoc\springdoc-openapi-starter-common\2.3.0\springdoc-openapi-starter-common-2.3.0.jar;C:\Users\Driti Sai\.m2\repository\io\swagger\core\v3\swagger-core-jakarta\2.2.19\swagger-core-jakarta-2.2.19.jar;C:\Users\Driti Sai\.m2\repository\org\apache\commons\commons-lang3\3.13.0\commons-lang3-3.13.0.jar;C:\Users\Driti Sai\.m2\repository\io\swagger\core\v3\swagger-annotations-jakarta\2.2.19\swagger-annotations-jakarta-2.2.19.jar;C:\Users\Driti Sai\.m2\repository\io\swagger\core\v3\swagger-models-jakarta\2.2.19\swagger-models-jakarta-2.2.19.jar;C:\Users\Driti Sai\.m2\repository\com\fasterxml\jackson\dataformat\jackson-dataformat-yaml\2.15.4\jackson-dataformat-yaml-2.15.4.jar;C:\Users\Driti Sai\.m2\repository\org\webjars\swagger-ui\5.10.3\swagger-ui-5.10.3.jar;C:\Users\Driti Sai\.m2\repository\org\springframework\boot\spring-boot-starter-actuator\3.2.3\spring-boot-starter-actuator-3.2.3.jar;C:\Users\Driti Sai\.m2\repository\org\springframework\boot\spring-boot-actuator-autoconfigure\3.2.3\spring-boot-actuator-autoconfigure-3.2.3.jar;C:\Users\Driti Sai\.m2\repository\org\springframework\boot\spring-boot-actuator\3.2.3\spring-boot-actuator-3.2.3.jar;C:\Users\Driti Sai\.m2\repository\io\micrometer\micrometer-jakarta9\1.12.3\micrometer-jakarta9-1.12.3.jar;C:\Users\Driti Sai\.m2\repository\io\micrometer\micrometer-core\1.12.3\micrometer-core-1.12.3.jar;C:\Users\Driti Sai\.m2\repository\org\hdrhistogram\HdrHistogram\2.1.12\HdrHistogram-2.1.12.jar;C:\Users\Driti Sai\.m2\repository\org\latencyutils\LatencyUtils\2.0.3\LatencyUtils-2.0.3.jar;C:\Users\Driti Sai\.m2\repository\io\micrometer\micrometer-tracing-bridge-brave\1.2.3\micrometer-tracing-bridge-brave-1.2.3.jar;C:\Users\Driti Sai\.m2\repository\io\micrometer\micrometer-tracing\1.2.3\micrometer-tracing-1.2.3.jar;C:\Users\Driti Sai\.m2\repository\io\micrometer\context-propagation\1.1.1\context-propagation-1.1.1.jar;C:\Users\Driti Sai\.m2\repository\aopalliance\aopalliance\1.0\aopalliance-1.0.jar;C:\Users\Driti Sai\.m2\repository\org\slf4j\slf4j-api\2.0.12\slf4j-api-2.0.12.jar;C:\Users\Driti Sai\.m2\repository\io\zipkin\brave\brave\5.16.0\brave-5.16.0.jar;C:\Users\Driti Sai\.m2\repository\io\zipkin\brave\brave-context-slf4j\5.16.0\brave-context-slf4j-5.16.0.jar;C:\Users\Driti Sai\.m2\repository\io\zipkin\brave\brave-instrumentation-http\5.16.0\brave-instrumentation-http-5.16.0.jar;C:\Users\Driti Sai\.m2\repository\io\zipkin\aws\brave-propagation-aws\0.23.5\brave-propagation-aws-0.23.5.jar;C:\Users\Driti Sai\.m2\repository\io\zipkin\reporter2\zipkin-reporter-brave\2.16.3\zipkin-reporter-brave-2.16.3.jar;C:\Users\Driti Sai\.m2\repository\io\zipkin\reporter2\zipkin-reporter\2.16.3\zipkin-reporter-2.16.3.jar;C:\Users\Driti Sai\.m2\repository\io\zipkin\zipkin2\zipkin\2.23.2\zipkin-2.23.2.jar;C:\Users\Driti Sai\.m2\repository\org\springframework\boot\spring-boot-starter-validation\3.2.3\spring-boot-starter-validation-3.2.3.jar;C:\Users\Driti Sai\.m2\repository\org\apache\tomcat\embed\tomcat-embed-el\10.1.19\tomcat-embed-el-10.1.19.jar;C:\Users\Driti Sai\.m2\repository\org\hibernate\validator\hibernate-validator\8.0.1.Final\hibernate-validator-8.0.1.Final.jar;C:\Users\Driti Sai\.m2\repository\jakarta\validation\jakarta.validation-api\3.0.2\jakarta.validation-api-3.0.2.jar;C:\Users\Driti Sai\.m2\repository\jakarta\xml\bind\jakarta.xml.bind-api\4.0.1\jakarta.xml.bind-api-4.0.1.jar;C:\Users\Driti Sai\.m2\repository\jakarta\activation\jakarta.activation-api\2.1.2\jakarta.activation-api-2.1.2.jar;C:\Users\Driti Sai\.m2\repository\org\springframework\spring-core\6.1.4\spring-core-6.1.4.jar;C:\Users\Driti Sai\.m2\repository\org\springframework\spring-jcl\6.1.4\spring-jcl-6.1.4.jar
Launcher Type: SUN_STANDARD

[Global flags]
     intx CICompilerCount                          = 4                                         {product} {ergonomic}
     uint ConcGCThreads                            = 2                                         {product} {ergonomic}
     uint G1ConcRefinementThreads                  = 8                                         {product} {ergonomic}
   size_t G1HeapRegionSize                         = 1048576                                   {product} {ergonomic}
    uintx GCDrainStackTargetSize                   = 64                                        {product} {ergonomic}
   size_t InitialHeapSize                          = 132120576                                 {product} {ergonomic}
   size_t MarkStackSize                            = 4194304                                   {product} {ergonomic}
   size_t MaxHeapSize                              = 2082471936                                {product} {ergonomic}
   size_t MaxNewSize                               = 1248854016                                {product} {ergonomic}
   size_t MinHeapDeltaBytes                        = 1048576                                   {product} {ergonomic}
   size_t MinHeapSize                              = 8388608                                   {product} {ergonomic}
    uintx NonNMethodCodeHeapSize                   = 5839372                                {pd product} {ergonomic}
    uintx NonProfiledCodeHeapSize                  = 122909434                              {pd product} {ergonomic}
    uintx ProfiledCodeHeapSize                     = 122909434                              {pd product} {ergonomic}
    uintx ReservedCodeCacheSize                    = 251658240                              {pd product} {ergonomic}
     bool SegmentedCodeCache                       = true                                      {product} {ergonomic}
     bool ShowCodeDetailsInExceptionMessages       = true                                   {manageable} {command line}
   size_t SoftMaxHeapSize                          = 2082471936                             {manageable} {ergonomic}
     bool UseCompressedOops                        = true                           {product lp64_product} {ergonomic}
     bool UseG1GC                                  = true                                      {product} {ergonomic}
     bool UseLargePagesIndividualAllocation        = false                                  {pd product} {ergonomic}

Logging:
Log output configuration:
 #0: stdout all=warning uptime,level,tags foldmultilines=false
 #1: stderr all=off uptime,level,tags foldmultilines=false

Environment Variables:
JAVA_HOME=C:\Program Files\Eclipse Adoptium\jdk-25.0.2.10-hotspot
PATH=C:/Users/Driti Sai/.p2/pool/plugins/org.eclipse.justj.openjdk.hotspot.jre.full.win32.x86_64_21.0.6.v20250130-0529/jre/bin/server;C:/Users/Driti Sai/.p2/pool/plugins/org.eclipse.justj.openjdk.hotspot.jre.full.win32.x86_64_21.0.6.v20250130-0529/jre/bin;C:\Program Files\Eclipse Adoptium\jdk-25.0.2.10-hotspot\bin;C:\Python314\Scripts\;C:\Python314\;D:\oracle\product\10.2.0\db_1\bin;C:\Program Files (x86)\Common Files\Oracle\Java\java8path;C:\Program Files (x86)\Common Files\Oracle\Java\javapath;C:\Python313\Scripts\;C:\Python313\;C:\oraclexe\app\oracle\product\11.2.0\server\bin;C:\windows\system32;C:\windows;C:\windows\System32\Wbem;C:\windows\System32\WindowsPowerShell\v1.0\;C:\windows\System32\OpenSSH\;C:\Program Files (x86)\NVIDIA Corporation\PhysX\Common;C:\Program Files\NVIDIA Corporation\NVIDIA NvDLISR;C:\Program Files\dotnet\;C:\WINDOWS\system32;C:\WINDOWS;C:\WINDOWS\System32\Wbem;C:\WINDOWS\System32\WindowsPowerShell\v1.0\;C:\WINDOWS\System32\OpenSSH\;C:\Program Files\Eclipse Adoptium\jdk-25.0.2.10-hotspot\bin;C:\hadoopsetup\hadoop-3.2.4\bin;C:\derby\bin;C:\hive\bin;C:\hbase\bin;C:\pig\bin;C:\ProgramData\chocolatey\bin;C:\Program Files\Git\cmd;C:\Program Files\php;C:\Program Files\WireGuard\;C:\spark\bin;C:\winutils\bin\bin;C:\kafka_2.12-3.9.1\bin;C:\Program Files\Redis\;C:\Program Files\nodejs\;C:\apache-maven-3.9.13\bin;;C:\Program Files\Docker\Docker\resources\bin;C:\Program Files\MySQL\MySQL Shell 8.0\bin\;C:\Users\Driti Sai\AppData\Local\Microsoft\WindowsApps;C:\MinGW\bin;C:\Users\Driti Sai\AppData\Local\Programs\Microsoft VS Code\bin;C:\Program Files\PostgreSQL\17\bin;C:\Users\Driti Sai\AppData\Roaming\npm;C:\Users\Driti Sai\AppData\Local\Programs\Antigravity\bin;C:\Users\Driti Sai\Desktop;
USERNAME=Driti Sai
OS=Windows_NT
PROCESSOR_IDENTIFIER=Intel64 Family 6 Model 140 Stepping 1, GenuineIntel
TMP=C:\Users\DRITIS~1\AppData\Local\Temp
TEMP=C:\Users\DRITIS~1\AppData\Local\Temp




Periodic native trim disabled

---------------  S Y S T E M  ---------------

OS:
 Windows 11 , 64 bit Build 26100 (10.0.26100.7920)
OS uptime: 0 days 1:24 hours
Hyper-V role detected

CPU: total 8 (initial active 8) (4 cores per cpu, 2 threads per core) family 6 model 140 stepping 1 microcode 0xa4, cx8, cmov, fxsr, ht, mmx, 3dnowpref, sse, sse2, sse3, ssse3, sse4.1, sse4.2, popcnt, lzcnt, tsc, tscinvbit, avx, avx2, aes, erms, clmul, bmi1, bmi2, adx, avx512f, avx512dq, avx512cd, avx512bw, avx512vl, sha, fma, vzeroupper, avx512_vpopcntdq, avx512_vpclmulqdq, avx512_vaes, avx512_vnni, clflush, clflushopt, clwb, avx512_vbmi2, avx512_vbmi, hv, rdtscp, rdpid, fsrm, gfni, avx512_bitalg, f16c, cet_ibt, cet_ss, avx512_ifma
Processor Information for processor 0
  Max Mhz: 3110, Current Mhz: 1203, Mhz Limit: 3110
Processor Information for processor 1
  Max Mhz: 3110, Current Mhz: 1203, Mhz Limit: 3110
Processor Information for processor 2
  Max Mhz: 3110, Current Mhz: 3110, Mhz Limit: 3110
Processor Information for processor 3
  Max Mhz: 3110, Current Mhz: 3110, Mhz Limit: 3110
Processor Information for processor 4
  Max Mhz: 3110, Current Mhz: 3110, Mhz Limit: 3110
Processor Information for processor 5
  Max Mhz: 3110, Current Mhz: 1203, Mhz Limit: 3110
Processor Information for processor 6
  Max Mhz: 3110, Current Mhz: 1203, Mhz Limit: 3110
Processor Information for processor 7
  Max Mhz: 3110, Current Mhz: 1203, Mhz Limit: 3110

Memory: 4k page, system-wide physical 7937M (861M free)
TotalPageFile size 23468M (AvailPageFile size 202M)
current process WorkingSet (physical memory assigned to process): 55M, peak: 374M
current process commit charge ("private bytes"): 371M, peak: 405M

vm_info: OpenJDK 64-Bit Server VM (21.0.6+7-LTS) for windows-amd64 JRE (21.0.6+7-LTS), built on 2025-01-21T00:00:00Z by "admin" with MS VC++ 17.7 (VS2022)

END.
