#
# There is insufficient memory for the Java Runtime Environment to continue.
# Native memory allocation (malloc) failed to allocate 328256 bytes. Error detail: Chunk::new
# Possible reasons:
#   The system is out of physical RAM or swap space
#   This process is running with CompressedOops enabled, and the Java Heap may be blocking the growth of the native heap
# Possible solutions:
#   Reduce memory load on the system
#   Increase physical memory or swap space
#   Check if swap backing store is full
#   Decrease Java heap size (-Xmx/-Xms)
#   Decrease number of Java threads
#   Decrease Java thread stack sizes (-Xss)
#   Set larger code cache with -XX:ReservedCodeCacheSize=
#   JVM is running with Unscaled Compressed Oops mode in which the Java heap is
#     placed in the first 4GB address space. The Java Heap base address is the
#     maximum limit for the native heap growth. Please use -XX:HeapBaseMinAddress
#     to set the Java Heap base and to place the Java Heap above 4GB virtual address.
# This output file may be truncated or incomplete.
#
#  Out of Memory Error (arena.cpp:168), pid=23048, tid=29836
#
# JRE version: OpenJDK Runtime Environment Temurin-21.0.6+7 (21.0.6+7) (build 21.0.6+7-LTS)
# Java VM: OpenJDK 64-Bit Server VM Temurin-21.0.6+7 (21.0.6+7-LTS, mixed mode, sharing, tiered, compressed oops, compressed class ptrs, g1 gc, windows-amd64)
# No core dump will be written. Minidumps are not enabled by default on client versions of Windows
#

---------------  S U M M A R Y ------------

Command Line: -Dfile.encoding=UTF-8 -Dstdout.encoding=UTF-8 -Dstderr.encoding=UTF-8 -XX:+ShowCodeDetailsInExceptionMessages com.wallet.tx.TransactionServiceApplication

Host: 11th Gen Intel(R) Core(TM) i5-11300H @ 3.10GHz, 8 cores, 7G,  Windows 11 , 64 bit Build 26100 (10.0.26100.7920)
Time: Fri Mar 27 22:10:10 2026 India Standard Time elapsed time: 70.664091 seconds (0d 0h 1m 10s)

---------------  T H R E A D  ---------------

Current thread (0x00000215bdb11510):  JavaThread "C2 CompilerThread0" daemon [_thread_in_native, id=29836, stack(0x000000a521300000,0x000000a521400000) (1024K)]


Current CompileTask:
C2:70664 9586   !   4       org.apache.kafka.common.metrics.Sensor::recordInternal (153 bytes)

Stack: [0x000000a521300000,0x000000a521400000]
Native frames: (J=compiled Java code, j=interpreted, Vv=VM code, C=native code)
V  [jvm.dll+0x6cdee9]
V  [jvm.dll+0x8a83d1]
V  [jvm.dll+0x8aa8fe]
V  [jvm.dll+0x8aafe3]
V  [jvm.dll+0x27f706]
V  [jvm.dll+0xc500d]
V  [jvm.dll+0xc5543]
V  [jvm.dll+0x2f2acd]
V  [jvm.dll+0x5f6a2a]
V  [jvm.dll+0x250bb2]
V  [jvm.dll+0x250f6f]
V  [jvm.dll+0x249834]
V  [jvm.dll+0x246ec4]
V  [jvm.dll+0x1c75ee]
V  [jvm.dll+0x25685a]
V  [jvm.dll+0x254dfa]
V  [jvm.dll+0x3f0256]
V  [jvm.dll+0x851f8b]
V  [jvm.dll+0x6cc5ed]
C  [ucrtbase.dll+0x37b0]
C  [KERNEL32.DLL+0x2e8d7]
C  [ntdll.dll+0x8c48c]


---------------  P R O C E S S  ---------------

Threads class SMR info:
_java_thread_list=0x0000021588c49fd0, length=43, elements={
0x00000215bdb01b90, 0x00000215bdb05350, 0x00000215bdb0a3d0, 0x00000215bdb0af10,
0x00000215bdb0c5c0, 0x00000215bdb0edb0, 0x00000215bdb11510, 0x00000215bdb1f5f0,
0x00000215bdc84f20, 0x00000215bdc9a8c0, 0x0000021585258e50, 0x00000215852594e0,
0x0000021585259b70, 0x00000215866afe70, 0x00000215866b1f40, 0x00000215866b0500,
0x00000215866b4010, 0x00000215866b53c0, 0x00000215866b46a0, 0x00000215866b60e0,
0x00000215866b3980, 0x00000215866b4d30, 0x00000215866b32f0, 0x00000215866b6e00,
0x0000021585258130, 0x000002158bd8dc40, 0x000002158bd8c890, 0x000002158bd8e2d0,
0x000002158bd8f680, 0x000002158bd8c200, 0x000002158bd8cf20, 0x000002158bd8d5b0,
0x000002158bd8eff0, 0x00000215879a5620, 0x00000215879a4f90, 0x00000215879a6340,
0x00000215879a3be0, 0x00000215879a5cb0, 0x00000215879a3550, 0x00000215879a69d0,
0x00000215879a4900, 0x00000215879a7060, 0x00000215879a76f0
}

Java Threads: ( => current thread )
  0x00000215bdb01b90 JavaThread "Reference Handler"          daemon [_thread_blocked, id=14372, stack(0x000000a520d00000,0x000000a520e00000) (1024K)]
  0x00000215bdb05350 JavaThread "Finalizer"                  daemon [_thread_blocked, id=5664, stack(0x000000a520e00000,0x000000a520f00000) (1024K)]
  0x00000215bdb0a3d0 JavaThread "Signal Dispatcher"          daemon [_thread_blocked, id=1840, stack(0x000000a520f00000,0x000000a521000000) (1024K)]
  0x00000215bdb0af10 JavaThread "Attach Listener"            daemon [_thread_blocked, id=16320, stack(0x000000a521000000,0x000000a521100000) (1024K)]
  0x00000215bdb0c5c0 JavaThread "Service Thread"             daemon [_thread_blocked, id=30200, stack(0x000000a521100000,0x000000a521200000) (1024K)]
  0x00000215bdb0edb0 JavaThread "Monitor Deflation Thread"   daemon [_thread_blocked, id=14900, stack(0x000000a521200000,0x000000a521300000) (1024K)]
=>0x00000215bdb11510 JavaThread "C2 CompilerThread0"         daemon [_thread_in_native, id=29836, stack(0x000000a521300000,0x000000a521400000) (1024K)]
  0x00000215bdb1f5f0 JavaThread "C1 CompilerThread0"         daemon [_thread_blocked, id=26208, stack(0x000000a521400000,0x000000a521500000) (1024K)]
  0x00000215bdc84f20 JavaThread "Notification Thread"        daemon [_thread_blocked, id=15812, stack(0x000000a521500000,0x000000a521600000) (1024K)]
  0x00000215bdc9a8c0 JavaThread "Common-Cleaner"             daemon [_thread_blocked, id=28176, stack(0x000000a521600000,0x000000a521700000) (1024K)]
  0x0000021585258e50 JavaThread "Catalina-utility-1"                [_thread_blocked, id=23424, stack(0x000000a521c00000,0x000000a521d00000) (1024K)]
  0x00000215852594e0 JavaThread "Catalina-utility-2"                [_thread_blocked, id=26636, stack(0x000000a522200000,0x000000a522300000) (1024K)]
  0x0000021585259b70 JavaThread "container-0"                       [_thread_blocked, id=15556, stack(0x000000a522300000,0x000000a522400000) (1024K)]
  0x00000215866afe70 JavaThread "PostgreSQL-JDBC-Cleaner"    daemon [_thread_blocked, id=532, stack(0x000000a521d00000,0x000000a521e00000) (1024K)]
  0x00000215866b1f40 JavaThread "HikariPool-1 housekeeper"   daemon [_thread_blocked, id=12516, stack(0x000000a522500000,0x000000a522600000) (1024K)]
  0x00000215866b0500 JavaThread "spring.cloud.inetutils"     daemon [_thread_blocked, id=1764, stack(0x000000a522800000,0x000000a522900000) (1024K)]
  0x00000215866b4010 JavaThread "AsyncResolver-bootstrap-0"  daemon [_thread_blocked, id=17064, stack(0x000000a522600000,0x000000a522700000) (1024K)]
  0x00000215866b53c0 JavaThread "DiscoveryClient-0"          daemon [_thread_blocked, id=29524, stack(0x000000a522900000,0x000000a522a00000) (1024K)]
  0x00000215866b46a0 JavaThread "DiscoveryClient-1"          daemon [_thread_blocked, id=22808, stack(0x000000a522a00000,0x000000a522b00000) (1024K)]
  0x00000215866b60e0 JavaThread "DiscoveryClient-InstanceInfoReplicator-0" daemon [_thread_blocked, id=3036, stack(0x000000a522b00000,0x000000a522c00000) (1024K)]
  0x00000215866b3980 JavaThread "http-nio-8084-exec-1"       daemon [_thread_blocked, id=2096, stack(0x000000a522c00000,0x000000a522d00000) (1024K)]
  0x00000215866b4d30 JavaThread "http-nio-8084-exec-2"       daemon [_thread_blocked, id=784, stack(0x000000a522d00000,0x000000a522e00000) (1024K)]
  0x00000215866b32f0 JavaThread "http-nio-8084-exec-3"       daemon [_thread_blocked, id=14068, stack(0x000000a522e00000,0x000000a522f00000) (1024K)]
  0x00000215866b6e00 JavaThread "http-nio-8084-exec-4"       daemon [_thread_blocked, id=20488, stack(0x000000a522f00000,0x000000a523000000) (1024K)]
  0x0000021585258130 JavaThread "http-nio-8084-exec-5"       daemon [_thread_blocked, id=15824, stack(0x000000a523000000,0x000000a523100000) (1024K)]
  0x000002158bd8dc40 JavaThread "http-nio-8084-exec-6"       daemon [_thread_blocked, id=28552, stack(0x000000a523100000,0x000000a523200000) (1024K)]
  0x000002158bd8c890 JavaThread "http-nio-8084-exec-7"       daemon [_thread_blocked, id=20008, stack(0x000000a523200000,0x000000a523300000) (1024K)]
  0x000002158bd8e2d0 JavaThread "http-nio-8084-exec-8"       daemon [_thread_blocked, id=21900, stack(0x000000a523300000,0x000000a523400000) (1024K)]
  0x000002158bd8f680 JavaThread "http-nio-8084-exec-9"       daemon [_thread_blocked, id=9244, stack(0x000000a523400000,0x000000a523500000) (1024K)]
  0x000002158bd8c200 JavaThread "http-nio-8084-exec-10"      daemon [_thread_blocked, id=20724, stack(0x000000a523500000,0x000000a523600000) (1024K)]
  0x000002158bd8cf20 JavaThread "http-nio-8084-Poller"       daemon [_thread_in_native, id=27080, stack(0x000000a523600000,0x000000a523700000) (1024K)]
  0x000002158bd8d5b0 JavaThread "http-nio-8084-Acceptor"     daemon [_thread_in_native, id=4516, stack(0x000000a523700000,0x000000a523800000) (1024K)]
  0x000002158bd8eff0 JavaThread "micrometer-kafka-metrics"   daemon [_thread_blocked, id=28096, stack(0x000000a523800000,0x000000a523900000) (1024K)]
  0x00000215879a5620 JavaThread "ThreadPoolTaskScheduler-1"         [_thread_blocked, id=27088, stack(0x000000a523900000,0x000000a523a00000) (1024K)]
  0x00000215879a4f90 JavaThread "org.springframework.kafka.KafkaListenerEndpointContainer#0-0-C-1"        [_thread_in_native, id=22884, stack(0x000000a523a00000,0x000000a523b00000) (1024K)]
  0x00000215879a6340 JavaThread "micrometer-kafka-metrics"   daemon [_thread_blocked, id=29108, stack(0x000000a523b00000,0x000000a523c00000) (1024K)]
  0x00000215879a3be0 JavaThread "ThreadPoolTaskScheduler-1"         [_thread_blocked, id=24664, stack(0x000000a523c00000,0x000000a523d00000) (1024K)]
  0x00000215879a5cb0 JavaThread "org.springframework.kafka.KafkaListenerEndpointContainer#1-0-C-1"        [_thread_in_native, id=6324, stack(0x000000a523d00000,0x000000a523e00000) (1024K)]
  0x00000215879a3550 JavaThread "DestroyJavaVM"                     [_thread_blocked, id=16920, stack(0x000000a520500000,0x000000a520600000) (1024K)]
  0x00000215879a69d0 JavaThread "kafka-coordinator-heartbeat-thread | transaction-group" daemon [_thread_blocked, id=27868, stack(0x000000a523e00000,0x000000a523f00000) (1024K)]
  0x00000215879a4900 JavaThread "kafka-coordinator-heartbeat-thread | transaction-group" daemon [_thread_blocked, id=8144, stack(0x000000a523f00000,0x000000a524000000) (1024K)]
  0x00000215879a7060 JavaThread "DiscoveryClient-CacheRefreshExecutor-0" daemon [_thread_blocked, id=19880, stack(0x000000a522700000,0x000000a522800000) (1024K)]
  0x00000215879a76f0 JavaThread "DiscoveryClient-HeartbeatExecutor-0" daemon [_thread_blocked, id=10872, stack(0x000000a524000000,0x000000a524100000) (1024K)]
Total: 43

Other Threads:
  0x00000215bdadd2d0 VMThread "VM Thread"                           [id=27588, stack(0x000000a520c00000,0x000000a520d00000) (1024K)]
  0x00000215bdaca680 WatcherThread "VM Periodic Task Thread"        [id=12488, stack(0x000000a520b00000,0x000000a520c00000) (1024K)]
  0x00000215a5d6b340 WorkerThread "GC Thread#0"                     [id=29220, stack(0x000000a520600000,0x000000a520700000) (1024K)]
  0x000002158437f8c0 WorkerThread "GC Thread#1"                     [id=29148, stack(0x000000a521800000,0x000000a521900000) (1024K)]
  0x0000021584361bf0 WorkerThread "GC Thread#2"                     [id=22940, stack(0x000000a521900000,0x000000a521a00000) (1024K)]
  0x00000215ff7f0800 WorkerThread "GC Thread#3"                     [id=2092, stack(0x000000a521a00000,0x000000a521b00000) (1024K)]
  0x00000215ff7f0ba0 WorkerThread "GC Thread#4"                     [id=29584, stack(0x000000a521b00000,0x000000a521c00000) (1024K)]
  0x0000021585d44590 WorkerThread "GC Thread#5"                     [id=3604, stack(0x000000a521e00000,0x000000a521f00000) (1024K)]
  0x0000021584c08af0 WorkerThread "GC Thread#6"                     [id=9364, stack(0x000000a521f00000,0x000000a522000000) (1024K)]
  0x00000215862f71f0 WorkerThread "GC Thread#7"                     [id=3712, stack(0x000000a522000000,0x000000a522100000) (1024K)]
  0x00000215a5d7bb60 ConcurrentGCThread "G1 Main Marker"            [id=22264, stack(0x000000a520700000,0x000000a520800000) (1024K)]
  0x00000215a5d7d4e0 WorkerThread "G1 Conc#0"                       [id=9036, stack(0x000000a520800000,0x000000a520900000) (1024K)]
  0x0000021584db3e70 WorkerThread "G1 Conc#1"                       [id=7868, stack(0x000000a522100000,0x000000a522200000) (1024K)]
  0x00000215bd99a5e0 ConcurrentGCThread "G1 Refine#0"               [id=27704, stack(0x000000a520900000,0x000000a520a00000) (1024K)]
  0x00000215bd99aef0 ConcurrentGCThread "G1 Service"                [id=28056, stack(0x000000a520a00000,0x000000a520b00000) (1024K)]
Total: 15

Threads with active compile tasks:
C2 CompilerThread0  70739 9586   !   4       org.apache.kafka.common.metrics.Sensor::recordInternal (153 bytes)
Total: 1

VM state: not at safepoint (normal execution)

VM Mutex/Monitor currently owned by a thread: None

Heap address: 0x0000000083e00000, size: 1986 MB, Compressed Oops mode: 32-bit

CDS archive(s) mapped at: [0x00000215be000000-0x00000215bec80000-0x00000215bec80000), size 13107200, SharedBaseAddress: 0x00000215be000000, ArchiveRelocationMode: 1.
Compressed class space mapped at: 0x00000215bf000000-0x00000215ff000000, reserved size: 1073741824
Narrow klass base: 0x00000215be000000, Narrow klass shift: 0, Narrow klass range: 0x100000000

GC Precious Log:
 CardTable entry size: 512
 Card Set container configuration: InlinePtr #cards 5 size 8 Array Of Cards #cards 12 size 40 Howl #buckets 4 coarsen threshold 1843 Howl Bitmap #cards 512 size 80 coarsen threshold 460 Card regions per heap region 1 cards per card region 2048
 CPUs: 8 total, 8 available
 Memory: 7937M
 Large Page Support: Disabled
 NUMA Support: Disabled
 Compressed Oops: Enabled (32-bit)
 Heap Region Size: 1M
 Heap Min Capacity: 8M
 Heap Initial Capacity: 126M
 Heap Max Capacity: 1986M
 Pre-touch: Disabled
 Parallel Workers: 8
 Concurrent Workers: 2
 Concurrent Refinement Workers: 8
 Periodic GC: Disabled

Heap:
 garbage-first heap   total 104448K, used 77591K [0x0000000083e00000, 0x0000000100000000)
  region size 1024K, 28 young (28672K), 4 survivors (4096K)
 Metaspace       used 98450K, committed 99392K, reserved 1179648K
  class space    used 13222K, committed 13632K, reserved 1048576K

Heap Regions: E=young(eden), S=young(survivor), O=old, HS=humongous(starts), HC=humongous(continues), CS=collection set, F=free, TAMS=top-at-mark-start, PB=parsable bottom
|   0|0x0000000083e00000, 0x0000000083f00000, 0x0000000083f00000|100%|HS|  |TAMS 0x0000000083e00000| PB 0x0000000083e00000| Complete 
|   1|0x0000000083f00000, 0x0000000084000000, 0x0000000084000000|100%|HS|  |TAMS 0x0000000083f00000| PB 0x0000000083f00000| Complete 
|   2|0x0000000084000000, 0x0000000084100000, 0x0000000084100000|100%| O|  |TAMS 0x0000000084000000| PB 0x0000000084000000| Untracked 
|   3|0x0000000084100000, 0x0000000084200000, 0x0000000084200000|100%| O|  |TAMS 0x0000000084100000| PB 0x0000000084100000| Untracked 
|   4|0x0000000084200000, 0x0000000084300000, 0x0000000084300000|100%| O|  |TAMS 0x0000000084200000| PB 0x0000000084200000| Untracked 
|   5|0x0000000084300000, 0x0000000084400000, 0x0000000084400000|100%| O|  |TAMS 0x0000000084300000| PB 0x0000000084300000| Untracked 
|   6|0x0000000084400000, 0x0000000084500000, 0x0000000084500000|100%| O|  |TAMS 0x0000000084400000| PB 0x0000000084400000| Untracked 
|   7|0x0000000084500000, 0x0000000084600000, 0x0000000084600000|100%| O|  |TAMS 0x0000000084500000| PB 0x0000000084500000| Untracked 
|   8|0x0000000084600000, 0x0000000084700000, 0x0000000084700000|100%| O|  |TAMS 0x0000000084600000| PB 0x0000000084600000| Untracked 
|   9|0x0000000084700000, 0x0000000084800000, 0x0000000084800000|100%| O|  |TAMS 0x0000000084700000| PB 0x0000000084700000| Untracked 
|  10|0x0000000084800000, 0x0000000084900000, 0x0000000084900000|100%| O|  |TAMS 0x0000000084800000| PB 0x0000000084800000| Untracked 
|  11|0x0000000084900000, 0x0000000084a00000, 0x0000000084a00000|100%| O|  |TAMS 0x0000000084900000| PB 0x0000000084900000| Untracked 
|  12|0x0000000084a00000, 0x0000000084b00000, 0x0000000084b00000|100%| O|  |TAMS 0x0000000084a00000| PB 0x0000000084a00000| Untracked 
|  13|0x0000000084b00000, 0x0000000084c00000, 0x0000000084c00000|100%| O|  |TAMS 0x0000000084b00000| PB 0x0000000084b00000| Untracked 
|  14|0x0000000084c00000, 0x0000000084d00000, 0x0000000084d00000|100%| O|  |TAMS 0x0000000084c00000| PB 0x0000000084c00000| Untracked 
|  15|0x0000000084d00000, 0x0000000084e00000, 0x0000000084e00000|100%| O|  |TAMS 0x0000000084d00000| PB 0x0000000084d00000| Untracked 
|  16|0x0000000084e00000, 0x0000000084f00000, 0x0000000084f00000|100%| O|  |TAMS 0x0000000084e00000| PB 0x0000000084e00000| Untracked 
|  17|0x0000000084f00000, 0x0000000085000000, 0x0000000085000000|100%| O|  |TAMS 0x0000000084f00000| PB 0x0000000084f00000| Untracked 
|  18|0x0000000085000000, 0x0000000085100000, 0x0000000085100000|100%| O|  |TAMS 0x0000000085000000| PB 0x0000000085000000| Untracked 
|  19|0x0000000085100000, 0x0000000085200000, 0x0000000085200000|100%| O|  |TAMS 0x0000000085100000| PB 0x0000000085100000| Untracked 
|  20|0x0000000085200000, 0x0000000085300000, 0x0000000085300000|100%| O|  |TAMS 0x0000000085200000| PB 0x0000000085200000| Untracked 
|  21|0x0000000085300000, 0x0000000085400000, 0x0000000085400000|100%| O|  |TAMS 0x0000000085300000| PB 0x0000000085300000| Untracked 
|  22|0x0000000085400000, 0x0000000085500000, 0x0000000085500000|100%| O|  |TAMS 0x0000000085400000| PB 0x0000000085400000| Untracked 
|  23|0x0000000085500000, 0x0000000085600000, 0x0000000085600000|100%| O|  |TAMS 0x0000000085500000| PB 0x0000000085500000| Untracked 
|  24|0x0000000085600000, 0x0000000085700000, 0x0000000085700000|100%| O|  |TAMS 0x0000000085600000| PB 0x0000000085600000| Untracked 
|  25|0x0000000085700000, 0x0000000085800000, 0x0000000085800000|100%| O|  |TAMS 0x0000000085700000| PB 0x0000000085700000| Untracked 
|  26|0x0000000085800000, 0x0000000085900000, 0x0000000085900000|100%| O|  |TAMS 0x0000000085800000| PB 0x0000000085800000| Untracked 
|  27|0x0000000085900000, 0x0000000085a00000, 0x0000000085a00000|100%| O|  |TAMS 0x0000000085900000| PB 0x0000000085900000| Untracked 
|  28|0x0000000085a00000, 0x0000000085a00000, 0x0000000085b00000|  0%| F|  |TAMS 0x0000000085a00000| PB 0x0000000085a00000| Untracked 
|  29|0x0000000085b00000, 0x0000000085c00000, 0x0000000085c00000|100%| O|  |TAMS 0x0000000085b00000| PB 0x0000000085b00000| Untracked 
|  30|0x0000000085c00000, 0x0000000085c00000, 0x0000000085d00000|  0%| F|  |TAMS 0x0000000085c00000| PB 0x0000000085c00000| Untracked 
|  31|0x0000000085d00000, 0x0000000085e00000, 0x0000000085e00000|100%| O|  |TAMS 0x0000000085d00000| PB 0x0000000085d00000| Untracked 
|  32|0x0000000085e00000, 0x0000000085f00000, 0x0000000085f00000|100%| O|  |TAMS 0x0000000085e00000| PB 0x0000000085e00000| Untracked 
|  33|0x0000000085f00000, 0x0000000086000000, 0x0000000086000000|100%| O|  |TAMS 0x0000000085f00000| PB 0x0000000085f00000| Untracked 
|  34|0x0000000086000000, 0x0000000086100000, 0x0000000086100000|100%| O|  |TAMS 0x0000000086000000| PB 0x0000000086000000| Untracked 
|  35|0x0000000086100000, 0x0000000086200000, 0x0000000086200000|100%| O|  |TAMS 0x0000000086100000| PB 0x0000000086100000| Untracked 
|  36|0x0000000086200000, 0x0000000086300000, 0x0000000086300000|100%| O|  |TAMS 0x0000000086200000| PB 0x0000000086200000| Untracked 
|  37|0x0000000086300000, 0x0000000086400000, 0x0000000086400000|100%| O|  |TAMS 0x0000000086300000| PB 0x0000000086300000| Untracked 
|  38|0x0000000086400000, 0x0000000086500000, 0x0000000086500000|100%| O|  |TAMS 0x0000000086400000| PB 0x0000000086400000| Untracked 
|  39|0x0000000086500000, 0x0000000086600000, 0x0000000086600000|100%| O|  |TAMS 0x0000000086500000| PB 0x0000000086500000| Untracked 
|  40|0x0000000086600000, 0x0000000086700000, 0x0000000086700000|100%| O|  |TAMS 0x0000000086600000| PB 0x0000000086600000| Untracked 
|  41|0x0000000086700000, 0x0000000086800000, 0x0000000086800000|100%| O|  |TAMS 0x0000000086700000| PB 0x0000000086700000| Untracked 
|  42|0x0000000086800000, 0x0000000086900000, 0x0000000086900000|100%| O|  |TAMS 0x0000000086800000| PB 0x0000000086800000| Untracked 
|  43|0x0000000086900000, 0x0000000086a00000, 0x0000000086a00000|100%| O|  |TAMS 0x0000000086900000| PB 0x0000000086900000| Untracked 
|  44|0x0000000086a00000, 0x0000000086b00000, 0x0000000086b00000|100%| O|  |TAMS 0x0000000086a00000| PB 0x0000000086a00000| Untracked 
|  45|0x0000000086b00000, 0x0000000086c00000, 0x0000000086c00000|100%| O|  |TAMS 0x0000000086b00000| PB 0x0000000086b00000| Untracked 
|  46|0x0000000086c00000, 0x0000000086d00000, 0x0000000086d00000|100%| O|  |TAMS 0x0000000086c00000| PB 0x0000000086c00000| Untracked 
|  47|0x0000000086d00000, 0x0000000086e00000, 0x0000000086e00000|100%| O|  |TAMS 0x0000000086d00000| PB 0x0000000086d00000| Untracked 
|  48|0x0000000086e00000, 0x0000000086f00000, 0x0000000086f00000|100%| O|  |TAMS 0x0000000086e00000| PB 0x0000000086e00000| Untracked 
|  49|0x0000000086f00000, 0x0000000087000000, 0x0000000087000000|100%| O|  |TAMS 0x0000000086f00000| PB 0x0000000086f00000| Untracked 
|  50|0x0000000087000000, 0x0000000087100000, 0x0000000087100000|100%| O|  |TAMS 0x0000000087000000| PB 0x0000000087000000| Untracked 
|  51|0x0000000087100000, 0x00000000871c5fa0, 0x0000000087200000| 77%| O|  |TAMS 0x0000000087100000| PB 0x0000000087100000| Untracked 
|  52|0x0000000087200000, 0x0000000087200000, 0x0000000087300000|  0%| F|  |TAMS 0x0000000087200000| PB 0x0000000087200000| Untracked 
|  53|0x0000000087300000, 0x0000000087300000, 0x0000000087400000|  0%| F|  |TAMS 0x0000000087300000| PB 0x0000000087300000| Untracked 
|  54|0x0000000087400000, 0x0000000087400000, 0x0000000087500000|  0%| F|  |TAMS 0x0000000087400000| PB 0x0000000087400000| Untracked 
|  55|0x0000000087500000, 0x0000000087600000, 0x0000000087600000|100%| S|CS|TAMS 0x0000000087500000| PB 0x0000000087500000| Complete 
|  56|0x0000000087600000, 0x0000000087700000, 0x0000000087700000|100%| S|CS|TAMS 0x0000000087600000| PB 0x0000000087600000| Complete 
|  57|0x0000000087700000, 0x0000000087800000, 0x0000000087800000|100%| S|CS|TAMS 0x0000000087700000| PB 0x0000000087700000| Complete 
|  58|0x0000000087800000, 0x0000000087800000, 0x0000000087900000|  0%| F|  |TAMS 0x0000000087800000| PB 0x0000000087800000| Untracked 
|  59|0x0000000087900000, 0x0000000087900000, 0x0000000087a00000|  0%| F|  |TAMS 0x0000000087900000| PB 0x0000000087900000| Untracked 
|  60|0x0000000087a00000, 0x0000000087a00000, 0x0000000087b00000|  0%| F|  |TAMS 0x0000000087a00000| PB 0x0000000087a00000| Untracked 
|  61|0x0000000087b00000, 0x0000000087c00000, 0x0000000087c00000|100%| S|CS|TAMS 0x0000000087b00000| PB 0x0000000087b00000| Complete 
|  62|0x0000000087c00000, 0x0000000087c00000, 0x0000000087d00000|  0%| F|  |TAMS 0x0000000087c00000| PB 0x0000000087c00000| Untracked 
|  63|0x0000000087d00000, 0x0000000087d00000, 0x0000000087e00000|  0%| F|  |TAMS 0x0000000087d00000| PB 0x0000000087d00000| Untracked 
|  64|0x0000000087e00000, 0x0000000087e00000, 0x0000000087f00000|  0%| F|  |TAMS 0x0000000087e00000| PB 0x0000000087e00000| Untracked 
|  65|0x0000000087f00000, 0x0000000087f00000, 0x0000000088000000|  0%| F|  |TAMS 0x0000000087f00000| PB 0x0000000087f00000| Untracked 
|  66|0x0000000088000000, 0x0000000088000000, 0x0000000088100000|  0%| F|  |TAMS 0x0000000088000000| PB 0x0000000088000000| Untracked 
|  67|0x0000000088100000, 0x0000000088100000, 0x0000000088200000|  0%| F|  |TAMS 0x0000000088100000| PB 0x0000000088100000| Untracked 
|  68|0x0000000088200000, 0x0000000088200000, 0x0000000088300000|  0%| F|  |TAMS 0x0000000088200000| PB 0x0000000088200000| Untracked 
|  69|0x0000000088300000, 0x0000000088300000, 0x0000000088400000|  0%| F|  |TAMS 0x0000000088300000| PB 0x0000000088300000| Untracked 
|  70|0x0000000088400000, 0x0000000088400000, 0x0000000088500000|  0%| F|  |TAMS 0x0000000088400000| PB 0x0000000088400000| Untracked 
|  71|0x0000000088500000, 0x0000000088500000, 0x0000000088600000|  0%| F|  |TAMS 0x0000000088500000| PB 0x0000000088500000| Untracked 
|  72|0x0000000088600000, 0x0000000088600000, 0x0000000088700000|  0%| F|  |TAMS 0x0000000088600000| PB 0x0000000088600000| Untracked 
|  73|0x0000000088700000, 0x0000000088700000, 0x0000000088800000|  0%| F|  |TAMS 0x0000000088700000| PB 0x0000000088700000| Untracked 
|  74|0x0000000088800000, 0x0000000088800000, 0x0000000088900000|  0%| F|  |TAMS 0x0000000088800000| PB 0x0000000088800000| Untracked 
|  75|0x0000000088900000, 0x0000000088900000, 0x0000000088a00000|  0%| F|  |TAMS 0x0000000088900000| PB 0x0000000088900000| Untracked 
|  76|0x0000000088a00000, 0x0000000088a00000, 0x0000000088b00000|  0%| F|  |TAMS 0x0000000088a00000| PB 0x0000000088a00000| Untracked 
|  77|0x0000000088b00000, 0x0000000088b00000, 0x0000000088c00000|  0%| F|  |TAMS 0x0000000088b00000| PB 0x0000000088b00000| Untracked 
|  78|0x0000000088c00000, 0x0000000088c0e160, 0x0000000088d00000|  5%| E|  |TAMS 0x0000000088c00000| PB 0x0000000088c00000| Complete 
|  79|0x0000000088d00000, 0x0000000088e00000, 0x0000000088e00000|100%| E|CS|TAMS 0x0000000088d00000| PB 0x0000000088d00000| Complete 
|  80|0x0000000088e00000, 0x0000000088f00000, 0x0000000088f00000|100%| E|CS|TAMS 0x0000000088e00000| PB 0x0000000088e00000| Complete 
|  81|0x0000000088f00000, 0x0000000089000000, 0x0000000089000000|100%| E|CS|TAMS 0x0000000088f00000| PB 0x0000000088f00000| Complete 
|  82|0x0000000089000000, 0x0000000089100000, 0x0000000089100000|100%| E|CS|TAMS 0x0000000089000000| PB 0x0000000089000000| Complete 
|  83|0x0000000089100000, 0x0000000089200000, 0x0000000089200000|100%| E|CS|TAMS 0x0000000089100000| PB 0x0000000089100000| Complete 
|  84|0x0000000089200000, 0x0000000089300000, 0x0000000089300000|100%| E|CS|TAMS 0x0000000089200000| PB 0x0000000089200000| Complete 
|  85|0x0000000089300000, 0x0000000089400000, 0x0000000089400000|100%| E|CS|TAMS 0x0000000089300000| PB 0x0000000089300000| Complete 
|  86|0x0000000089400000, 0x0000000089500000, 0x0000000089500000|100%| E|CS|TAMS 0x0000000089400000| PB 0x0000000089400000| Complete 
|  87|0x0000000089500000, 0x0000000089600000, 0x0000000089600000|100%| E|CS|TAMS 0x0000000089500000| PB 0x0000000089500000| Complete 
|  88|0x0000000089600000, 0x0000000089700000, 0x0000000089700000|100%| E|  |TAMS 0x0000000089600000| PB 0x0000000089600000| Complete 
|  89|0x0000000089700000, 0x0000000089800000, 0x0000000089800000|100%| E|CS|TAMS 0x0000000089700000| PB 0x0000000089700000| Complete 
|  90|0x0000000089800000, 0x0000000089900000, 0x0000000089900000|100%| E|CS|TAMS 0x0000000089800000| PB 0x0000000089800000| Complete 
|  91|0x0000000089900000, 0x0000000089a00000, 0x0000000089a00000|100%| E|CS|TAMS 0x0000000089900000| PB 0x0000000089900000| Complete 
|  92|0x0000000089a00000, 0x0000000089b00000, 0x0000000089b00000|100%| E|CS|TAMS 0x0000000089a00000| PB 0x0000000089a00000| Complete 
|  93|0x0000000089b00000, 0x0000000089c00000, 0x0000000089c00000|100%| E|CS|TAMS 0x0000000089b00000| PB 0x0000000089b00000| Complete 
|  94|0x0000000089c00000, 0x0000000089d00000, 0x0000000089d00000|100%| E|CS|TAMS 0x0000000089c00000| PB 0x0000000089c00000| Complete 
|  95|0x0000000089d00000, 0x0000000089e00000, 0x0000000089e00000|100%| E|CS|TAMS 0x0000000089d00000| PB 0x0000000089d00000| Complete 
|  96|0x0000000089e00000, 0x0000000089f00000, 0x0000000089f00000|100%| E|CS|TAMS 0x0000000089e00000| PB 0x0000000089e00000| Complete 
|  97|0x0000000089f00000, 0x000000008a000000, 0x000000008a000000|100%| E|CS|TAMS 0x0000000089f00000| PB 0x0000000089f00000| Complete 
|  98|0x000000008a000000, 0x000000008a100000, 0x000000008a100000|100%| E|CS|TAMS 0x000000008a000000| PB 0x000000008a000000| Complete 
|  99|0x000000008a100000, 0x000000008a200000, 0x000000008a200000|100%| E|CS|TAMS 0x000000008a100000| PB 0x000000008a100000| Complete 
| 100|0x000000008a200000, 0x000000008a300000, 0x000000008a300000|100%| E|CS|TAMS 0x000000008a200000| PB 0x000000008a200000| Complete 
| 125|0x000000008bb00000, 0x000000008bc00000, 0x000000008bc00000|100%| E|CS|TAMS 0x000000008bb00000| PB 0x000000008bb00000| Complete 

Card table byte_map: [0x00000215b8db0000,0x00000215b91a0000] _byte_map_base: 0x00000215b8991000

Marking Bits: (CMBitMap*) 0x00000215a5d6ba40
 Bits: [0x00000215b91a0000, 0x00000215bb0a8000)

Polling page: 0x00000215a3b90000

Metaspace:

Usage:
  Non-class:     83.23 MB used.
      Class:     12.91 MB used.
       Both:     96.14 MB used.

Virtual space:
  Non-class space:      128.00 MB reserved,      83.75 MB ( 65%) committed,  2 nodes.
      Class space:        1.00 GB reserved,      13.31 MB (  1%) committed,  1 nodes.
             Both:        1.12 GB reserved,      97.06 MB (  8%) committed. 

Chunk freelists:
   Non-Class:  12.16 MB
       Class:  2.70 MB
        Both:  14.85 MB

MaxMetaspaceSize: unlimited
CompressedClassSpaceSize: 1.00 GB
Initial GC threshold: 21.00 MB
Current GC threshold: 136.06 MB
CDS: on
 - commit_granule_bytes: 65536.
 - commit_granule_words: 8192.
 - virtual_space_node_default_size: 8388608.
 - enlarge_chunks_in_place: 1.
 - use_allocation_guard: 0.


Internal statistics:

num_allocs_failed_limit: 12.
num_arena_births: 1500.
num_arena_deaths: 0.
num_vsnodes_births: 3.
num_vsnodes_deaths: 0.
num_space_committed: 1553.
num_space_uncommitted: 0.
num_chunks_returned_to_freelist: 12.
num_chunks_taken_from_freelist: 5046.
num_chunk_merges: 9.
num_chunk_splits: 3669.
num_chunks_enlarged: 2884.
num_inconsistent_stats: 0.

CodeHeap 'non-profiled nmethods': size=120000Kb used=7203Kb max_used=7203Kb free=112796Kb
 bounds [0x00000215b1160000, 0x00000215b1870000, 0x00000215b8690000]
CodeHeap 'profiled nmethods': size=120000Kb used=15998Kb max_used=15998Kb free=104001Kb
 bounds [0x00000215a9690000, 0x00000215aa640000, 0x00000215b0bc0000]
CodeHeap 'non-nmethods': size=5760Kb used=2033Kb max_used=2058Kb free=3726Kb
 bounds [0x00000215b0bc0000, 0x00000215b0e30000, 0x00000215b1160000]
 total_blobs=8889 nmethods=8083 adapters=709
 compilation: enabled
              stopped_count=0, restarted_count=0
 full_count=0

Compilation events (20 events):
Event: 67.893 Thread 0x00000215bdb11510 nmethod 9574 0x00000215b1867d10 code [0x00000215b1867ec0, 0x00000215b1868220]
Event: 68.377 Thread 0x00000215bdb1f5f0 9577   !   3       org.apache.kafka.clients.consumer.internals.RequestFuture::complete (66 bytes)
Event: 68.379 Thread 0x00000215bdb1f5f0 nmethod 9577 0x00000215aa62bd10 code [0x00000215aa62c140, 0x00000215aa62dc90]
Event: 68.379 Thread 0x00000215bdb1f5f0 9578       3       org.apache.kafka.clients.consumer.internals.Heartbeat::sessionTimeoutExpired (13 bytes)
Event: 68.379 Thread 0x00000215bdb1f5f0 nmethod 9578 0x00000215aa62e990 code [0x00000215aa62eb80, 0x00000215aa62eeb0]
Event: 68.379 Thread 0x00000215bdb1f5f0 9579       3       org.apache.kafka.clients.NetworkClient::isReady (31 bytes)
Event: 68.380 Thread 0x00000215bdb1f5f0 nmethod 9579 0x00000215aa62f090 code [0x00000215aa62f280, 0x00000215aa62f760]
Event: 68.650 Thread 0x00000215bdb1f5f0 9580   !   3       java.util.concurrent.locks.AbstractQueuedSynchronizer::tryInitializeHead (66 bytes)
Event: 68.650 Thread 0x00000215bdb1f5f0 nmethod 9580 0x00000215aa62f990 code [0x00000215aa62fb80, 0x00000215aa630120]
Event: 68.865 Thread 0x00000215bdb1f5f0 9581       3       org.apache.kafka.common.metrics.Sensor::record (23 bytes)
Event: 68.866 Thread 0x00000215bdb1f5f0 nmethod 9581 0x00000215aa630290 code [0x00000215aa630480, 0x00000215aa6307c8]
Event: 69.352 Thread 0x00000215bdb1f5f0 9582       3       sun.nio.ch.IOStatus::normalize (12 bytes)
Event: 69.352 Thread 0x00000215bdb1f5f0 nmethod 9582 0x00000215aa630990 code [0x00000215aa630b40, 0x00000215aa630c98]
Event: 69.838 Thread 0x00000215bdb11510 9583       4       org.apache.kafka.common.metrics.Sensor$RecordingLevel::shouldRecord (110 bytes)
Event: 69.839 Thread 0x00000215bdb1f5f0 9584       3       org.apache.kafka.clients.ClusterConnectionStates::throttleDelayMs (40 bytes)
Event: 69.839 Thread 0x00000215bdb1f5f0 nmethod 9584 0x00000215aa630d10 code [0x00000215aa630ee0, 0x00000215aa631258]
Event: 69.839 Thread 0x00000215bdb11510 nmethod 9583 0x00000215b1868490 code [0x00000215b1868620, 0x00000215b1868700]
Event: 69.839 Thread 0x00000215bdb11510 9585       4       java.util.LinkedHashMap$LinkedValues::iterator (16 bytes)
Event: 69.841 Thread 0x00000215bdb11510 nmethod 9585 0x00000215b1868790 code [0x00000215b1868920, 0x00000215b1868b50]
Event: 70.327 Thread 0x00000215bdb11510 9586   !   4       org.apache.kafka.common.metrics.Sensor::recordInternal (153 bytes)

GC Heap History (20 events):
Event: 11.904 GC heap before
{Heap before GC invocations=20 (full 0):
 garbage-first heap   total 70656K, used 63012K [0x0000000083e00000, 0x0000000100000000)
  region size 1024K, 25 young (25600K), 2 survivors (2048K)
 Metaspace       used 73761K, committed 74432K, reserved 1114112K
  class space    used 10123K, committed 10432K, reserved 1048576K
}
Event: 11.907 GC heap after
{Heap after GC invocations=21 (full 0):
 garbage-first heap   total 70656K, used 42052K [0x0000000083e00000, 0x0000000100000000)
  region size 1024K, 4 young (4096K), 4 survivors (4096K)
 Metaspace       used 73761K, committed 74432K, reserved 1114112K
  class space    used 10123K, committed 10432K, reserved 1048576K
}
Event: 11.958 GC heap before
{Heap before GC invocations=21 (full 0):
 garbage-first heap   total 70656K, used 61508K [0x0000000083e00000, 0x0000000100000000)
  region size 1024K, 23 young (23552K), 4 survivors (4096K)
 Metaspace       used 73768K, committed 74496K, reserved 1114112K
  class space    used 10123K, committed 10432K, reserved 1048576K
}
Event: 11.964 GC heap after
{Heap after GC invocations=22 (full 0):
 garbage-first heap   total 70656K, used 42483K [0x0000000083e00000, 0x0000000100000000)
  region size 1024K, 2 young (2048K), 2 survivors (2048K)
 Metaspace       used 73768K, committed 74496K, reserved 1114112K
  class space    used 10123K, committed 10432K, reserved 1048576K
}
Event: 12.226 GC heap before
{Heap before GC invocations=22 (full 0):
 garbage-first heap   total 70656K, used 62963K [0x0000000083e00000, 0x0000000100000000)
  region size 1024K, 23 young (23552K), 2 survivors (2048K)
 Metaspace       used 75656K, committed 76288K, reserved 1179648K
  class space    used 10381K, committed 10688K, reserved 1048576K
}
Event: 12.228 GC heap after
{Heap after GC invocations=23 (full 0):
 garbage-first heap   total 70656K, used 42593K [0x0000000083e00000, 0x0000000100000000)
  region size 1024K, 2 young (2048K), 2 survivors (2048K)
 Metaspace       used 75656K, committed 76288K, reserved 1179648K
  class space    used 10381K, committed 10688K, reserved 1048576K
}
Event: 12.578 GC heap before
{Heap before GC invocations=24 (full 0):
 garbage-first heap   total 71680K, used 64097K [0x0000000083e00000, 0x0000000100000000)
  region size 1024K, 23 young (23552K), 2 survivors (2048K)
 Metaspace       used 76687K, committed 77376K, reserved 1179648K
  class space    used 10521K, committed 10816K, reserved 1048576K
}
Event: 12.582 GC heap after
{Heap after GC invocations=25 (full 0):
 garbage-first heap   total 71680K, used 43967K [0x0000000083e00000, 0x0000000100000000)
  region size 1024K, 3 young (3072K), 3 survivors (3072K)
 Metaspace       used 76687K, committed 77376K, reserved 1179648K
  class space    used 10521K, committed 10816K, reserved 1048576K
}
Event: 13.014 GC heap before
{Heap before GC invocations=25 (full 0):
 garbage-first heap   total 71680K, used 64447K [0x0000000083e00000, 0x0000000100000000)
  region size 1024K, 23 young (23552K), 3 survivors (3072K)
 Metaspace       used 78293K, committed 79040K, reserved 1179648K
  class space    used 10728K, committed 11072K, reserved 1048576K
}
Event: 13.020 GC heap after
{Heap after GC invocations=26 (full 0):
 garbage-first heap   total 86016K, used 45387K [0x0000000083e00000, 0x0000000100000000)
  region size 1024K, 3 young (3072K), 3 survivors (3072K)
 Metaspace       used 78293K, committed 79040K, reserved 1179648K
  class space    used 10728K, committed 11072K, reserved 1048576K
}
Event: 13.623 GC heap before
{Heap before GC invocations=26 (full 0):
 garbage-first heap   total 86016K, used 77131K [0x0000000083e00000, 0x0000000100000000)
  region size 1024K, 34 young (34816K), 3 survivors (3072K)
 Metaspace       used 79895K, committed 80640K, reserved 1179648K
  class space    used 10946K, committed 11264K, reserved 1048576K
}
Event: 13.629 GC heap after
{Heap after GC invocations=27 (full 0):
 garbage-first heap   total 86016K, used 48108K [0x0000000083e00000, 0x0000000100000000)
  region size 1024K, 5 young (5120K), 5 survivors (5120K)
 Metaspace       used 79895K, committed 80640K, reserved 1179648K
  class space    used 10946K, committed 11264K, reserved 1048576K
}
Event: 14.183 GC heap before
{Heap before GC invocations=27 (full 0):
 garbage-first heap   total 86016K, used 74732K [0x0000000083e00000, 0x0000000100000000)
  region size 1024K, 31 young (31744K), 5 survivors (5120K)
 Metaspace       used 81295K, committed 82112K, reserved 1179648K
  class space    used 11179K, committed 11584K, reserved 1048576K
}
Event: 14.190 GC heap after
{Heap after GC invocations=28 (full 0):
 garbage-first heap   total 86016K, used 50111K [0x0000000083e00000, 0x0000000100000000)
  region size 1024K, 3 young (3072K), 3 survivors (3072K)
 Metaspace       used 81295K, committed 82112K, reserved 1179648K
  class space    used 11179K, committed 11584K, reserved 1048576K
}
Event: 14.589 GC heap before
{Heap before GC invocations=28 (full 0):
 garbage-first heap   total 86016K, used 76735K [0x0000000083e00000, 0x0000000100000000)
  region size 1024K, 29 young (29696K), 3 survivors (3072K)
 Metaspace       used 82702K, committed 83520K, reserved 1179648K
  class space    used 11402K, committed 11776K, reserved 1048576K
}
Event: 14.593 GC heap after
{Heap after GC invocations=29 (full 0):
 garbage-first heap   total 86016K, used 51981K [0x0000000083e00000, 0x0000000100000000)
  region size 1024K, 4 young (4096K), 4 survivors (4096K)
 Metaspace       used 82702K, committed 83520K, reserved 1179648K
  class space    used 11402K, committed 11776K, reserved 1048576K
}
Event: 15.244 GC heap before
{Heap before GC invocations=30 (full 0):
 garbage-first heap   total 87040K, used 75533K [0x0000000083e00000, 0x0000000100000000)
  region size 1024K, 28 young (28672K), 4 survivors (4096K)
 Metaspace       used 88236K, committed 89216K, reserved 1179648K
  class space    used 12177K, committed 12672K, reserved 1048576K
}
Event: 15.250 GC heap after
{Heap after GC invocations=31 (full 0):
 garbage-first heap   total 87040K, used 53967K [0x0000000083e00000, 0x0000000100000000)
  region size 1024K, 3 young (3072K), 3 survivors (3072K)
 Metaspace       used 88236K, committed 89216K, reserved 1179648K
  class space    used 12177K, committed 12672K, reserved 1048576K
}
Event: 15.915 GC heap before
{Heap before GC invocations=31 (full 0):
 garbage-first heap   total 87040K, used 76495K [0x0000000083e00000, 0x0000000100000000)
  region size 1024K, 26 young (26624K), 3 survivors (3072K)
 Metaspace       used 93388K, committed 94336K, reserved 1179648K
  class space    used 12667K, committed 13120K, reserved 1048576K
}
Event: 15.922 GC heap after
{Heap after GC invocations=32 (full 0):
 garbage-first heap   total 104448K, used 55063K [0x0000000083e00000, 0x0000000100000000)
  region size 1024K, 4 young (4096K), 4 survivors (4096K)
 Metaspace       used 93388K, committed 94336K, reserved 1179648K
  class space    used 12667K, committed 13120K, reserved 1048576K
}

Dll operation events (11 events):
Event: 0.015 Loaded shared library C:\Users\Driti Sai\.p2\pool\plugins\org.eclipse.justj.openjdk.hotspot.jre.full.win32.x86_64_21.0.6.v20250130-0529\jre\bin\java.dll
Event: 0.058 Loaded shared library C:\Users\Driti Sai\.p2\pool\plugins\org.eclipse.justj.openjdk.hotspot.jre.full.win32.x86_64_21.0.6.v20250130-0529\jre\bin\zip.dll
Event: 0.224 Loaded shared library C:\Users\Driti Sai\.p2\pool\plugins\org.eclipse.justj.openjdk.hotspot.jre.full.win32.x86_64_21.0.6.v20250130-0529\jre\bin\net.dll
Event: 0.226 Loaded shared library C:\Users\Driti Sai\.p2\pool\plugins\org.eclipse.justj.openjdk.hotspot.jre.full.win32.x86_64_21.0.6.v20250130-0529\jre\bin\nio.dll
Event: 0.228 Loaded shared library C:\Users\Driti Sai\.p2\pool\plugins\org.eclipse.justj.openjdk.hotspot.jre.full.win32.x86_64_21.0.6.v20250130-0529\jre\bin\zip.dll
Event: 0.387 Loaded shared library C:\Users\Driti Sai\.p2\pool\plugins\org.eclipse.justj.openjdk.hotspot.jre.full.win32.x86_64_21.0.6.v20250130-0529\jre\bin\jimage.dll
Event: 2.080 Loaded shared library C:\Users\Driti Sai\.p2\pool\plugins\org.eclipse.justj.openjdk.hotspot.jre.full.win32.x86_64_21.0.6.v20250130-0529\jre\bin\sunmscapi.dll
Event: 4.530 Loaded shared library C:\Users\Driti Sai\.p2\pool\plugins\org.eclipse.justj.openjdk.hotspot.jre.full.win32.x86_64_21.0.6.v20250130-0529\jre\bin\verify.dll
Event: 5.931 Loaded shared library C:\Users\Driti Sai\.p2\pool\plugins\org.eclipse.justj.openjdk.hotspot.jre.full.win32.x86_64_21.0.6.v20250130-0529\jre\bin\management.dll
Event: 5.936 Loaded shared library C:\Users\Driti Sai\.p2\pool\plugins\org.eclipse.justj.openjdk.hotspot.jre.full.win32.x86_64_21.0.6.v20250130-0529\jre\bin\management_ext.dll
Event: 8.435 Loaded shared library C:\Users\Driti Sai\.p2\pool\plugins\org.eclipse.justj.openjdk.hotspot.jre.full.win32.x86_64_21.0.6.v20250130-0529\jre\bin\extnet.dll

Deoptimization events (20 events):
Event: 19.621 Thread 0x00000215879a4f90 Uncommon trap: trap_request=0xffffff45 fr.pc=0x00000215b11915f0 relative=0x0000000000000710
Event: 19.621 Thread 0x00000215879a5cb0 Uncommon trap: trap_request=0xffffff45 fr.pc=0x00000215b11915f0 relative=0x0000000000000710
Event: 19.621 Thread 0x00000215879a4f90 Uncommon trap: reason=unstable_if action=reinterpret pc=0x00000215b11915f0 method=java.lang.AbstractStringBuilder.append(Ljava/lang/String;)Ljava/lang/AbstractStringBuilder; @ 1 c2
Event: 19.621 Thread 0x00000215879a5cb0 Uncommon trap: reason=unstable_if action=reinterpret pc=0x00000215b11915f0 method=java.lang.AbstractStringBuilder.append(Ljava/lang/String;)Ljava/lang/AbstractStringBuilder; @ 1 c2
Event: 19.621 Thread 0x00000215879a5cb0 DEOPT PACKING pc=0x00000215b11915f0 sp=0x000000a523dfe5e0
Event: 19.621 Thread 0x00000215879a5cb0 DEOPT UNPACKING pc=0x00000215b0c17da2 sp=0x000000a523dfe5b8 mode 2
Event: 19.621 Thread 0x00000215879a4f90 DEOPT PACKING pc=0x00000215b11915f0 sp=0x000000a523afe2b0
Event: 19.621 Thread 0x00000215879a4f90 DEOPT UNPACKING pc=0x00000215b0c17da2 sp=0x000000a523afe288 mode 2
Event: 45.288 Thread 0x00000215879a76f0 Uncommon trap: trap_request=0xffffff45 fr.pc=0x00000215b17d28a0 relative=0x0000000000000680
Event: 45.288 Thread 0x00000215879a76f0 Uncommon trap: reason=unstable_if action=reinterpret pc=0x00000215b17d28a0 method=java.util.regex.Pattern$CharPropertyGreedy.match(Ljava/util/regex/Matcher;ILjava/lang/CharSequence;)Z @ 103 c2
Event: 45.288 Thread 0x00000215879a76f0 DEOPT PACKING pc=0x00000215b17d28a0 sp=0x000000a5240fe8f0
Event: 45.289 Thread 0x00000215879a76f0 DEOPT UNPACKING pc=0x00000215b0c17da2 sp=0x000000a5240fe870 mode 2
Event: 45.381 Thread 0x00000215879a7060 Uncommon trap: trap_request=0xffffffde fr.pc=0x00000215b165f840 relative=0x00000000000018e0
Event: 45.381 Thread 0x00000215879a7060 Uncommon trap: reason=class_check action=maybe_recompile pc=0x00000215b165f840 method=java.util.zip.InflaterInputStream.read([BII)I @ 78 c2
Event: 45.381 Thread 0x00000215879a7060 DEOPT PACKING pc=0x00000215b165f840 sp=0x000000a5227fe3b0
Event: 45.381 Thread 0x00000215879a7060 DEOPT UNPACKING pc=0x00000215b0c17da2 sp=0x000000a5227fe410 mode 2
Event: 45.649 Thread 0x00000215879a5cb0 Uncommon trap: trap_request=0xffffff45 fr.pc=0x00000215b1850c04 relative=0x00000000000006e4
Event: 45.649 Thread 0x00000215879a5cb0 Uncommon trap: reason=unstable_if action=reinterpret pc=0x00000215b1850c04 method=org.apache.kafka.common.metrics.stats.SampledStat$Sample.isComplete(JLorg/apache/kafka/common/metrics/MetricConfig;)Z @ 11 c2
Event: 45.649 Thread 0x00000215879a5cb0 DEOPT PACKING pc=0x00000215b1850c04 sp=0x000000a523dfebd0
Event: 45.649 Thread 0x00000215879a5cb0 DEOPT UNPACKING pc=0x00000215b0c17da2 sp=0x000000a523dfeb20 mode 2

Classes loaded (20 events):
Event: 16.174 Loading class sun/nio/ch/SocketAdaptor
Event: 16.175 Loading class sun/nio/ch/SocketAdaptor done
Event: 16.175 Loading class sun/nio/ch/SocketChannelImpl$DefaultOptionsHolder
Event: 16.175 Loading class sun/nio/ch/SocketChannelImpl$DefaultOptionsHolder done
Event: 16.176 Loading class sun/nio/ch/SelectionKeyImpl
Event: 16.176 Loading class java/nio/channels/spi/AbstractSelectionKey
Event: 16.176 Loading class java/nio/channels/SelectionKey
Event: 16.176 Loading class java/nio/channels/SelectionKey done
Event: 16.176 Loading class java/nio/channels/spi/AbstractSelectionKey done
Event: 16.176 Loading class sun/nio/ch/SelectionKeyImpl done
Event: 16.177 Loading class java/lang/invoke/ConstantBootstraps
Event: 16.178 Loading class java/lang/invoke/ConstantBootstraps done
Event: 16.247 Loading class sun/nio/ch/IOVecWrapper
Event: 16.247 Loading class sun/nio/ch/IOVecWrapper done
Event: 16.247 Loading class sun/nio/ch/AllocatedNativeObject
Event: 16.247 Loading class sun/nio/ch/NativeObject
Event: 16.247 Loading class sun/nio/ch/NativeObject done
Event: 16.247 Loading class sun/nio/ch/AllocatedNativeObject done
Event: 16.247 Loading class sun/nio/ch/IOVecWrapper$Deallocator
Event: 16.247 Loading class sun/nio/ch/IOVecWrapper$Deallocator done

Classes unloaded (0 events):
No events

Classes redefined (0 events):
No events

Internal exceptions (20 events):
Event: 15.238 Thread 0x00000215a5d149c0 Exception <a 'java/lang/NoSuchMethodError'{0x0000000087b83078}: 'java.lang.Object java.lang.invoke.DelegatingMethodHandle$Holder.reinvoke_L(java.lang.Object, java.lang.Object, java.lang.Object, java.lang.Object, java.lang.Object, java.lang.Object, java.lang.Object, java.lang.Object, java.lang.Object, java.lang.Object, java.lang.Object, java.lang.Object, java.lang.Object, java.lang.Object, int, java.lang.Object, java.lang.Object, java.lang.Object, java.lang.Object, java.lang.Object, java.lang.Object, java.l
Event: 15.241 Thread 0x00000215a5d149c0 Exception <a 'java/lang/NoSuchMethodError'{0x0000000087bd4cf8}: 'java.lang.Object java.lang.invoke.DirectMethodHandle$Holder.invokeStatic(java.lang.Object, java.lang.Object, java.lang.Object, java.lang.Object, java.lang.Object, java.lang.Object, java.lang.Object, java.lang.Object, java.lang.Object, java.lang.Object, java.lang.Object, java.lang.Object, java.lang.Object)'> (0x0000000087bd4cf8) 
thrown [s\src\hotspot\share\interpreter\linkResolver.cpp, line 773]
Event: 15.243 Thread 0x00000215a5d149c0 Exception <a 'java/lang/NoSuchMethodError'{0x0000000087bf56a0}: 'java.lang.Object java.lang.invoke.DirectMethodHandle$Holder.invokeStatic(java.lang.Object, java.lang.Object, java.lang.Object, java.lang.Object, java.lang.Object, java.lang.Object, java.lang.Object, java.lang.Object, java.lang.Object, java.lang.Object, java.lang.Object, java.lang.Object, java.lang.Object, java.lang.Object)'> (0x0000000087bf56a0) 
thrown [s\src\hotspot\share\interpreter\linkResolver.cpp, line 773]
Event: 15.251 Thread 0x00000215a5d149c0 Exception <a 'java/lang/NoSuchMethodError'{0x000000008bb0b710}: 'java.lang.Object java.lang.invoke.DelegatingMethodHandle$Holder.reinvoke_L(java.lang.Object, java.lang.Object, java.lang.Object, java.lang.Object, java.lang.Object, java.lang.Object, java.lang.Object, java.lang.Object, java.lang.Object, java.lang.Object, java.lang.Object, java.lang.Object, java.lang.Object, java.lang.Object, java.lang.Object, java.lang.Object, java.lang.Object, java.lang.Object, java.lang.Object, java.lang.Object, java.lang.O
Event: 15.290 Thread 0x00000215a5d149c0 Implicit null exception at 0x00000215b130e185 to 0x00000215b130e7e0
Event: 15.353 Thread 0x00000215866b60e0 Implicit null exception at 0x00000215b160e609 to 0x00000215b160e9f8
Event: 15.610 Thread 0x00000215a5d149c0 Exception <a 'java/lang/NoSuchMethodError'{0x00000000885f0878}: 'void java.lang.invoke.DirectMethodHandle$Holder.invokeStaticInit(java.lang.Object)'> (0x00000000885f0878) 
thrown [s\src\hotspot\share\interpreter\linkResolver.cpp, line 773]
Event: 16.245 Thread 0x00000215879a4f90 Exception <a 'java/lang/NoSuchMethodError'{0x0000000089a68970}: 'java.lang.Object java.lang.invoke.DirectMethodHandle$Holder.newInvokeSpecial(java.lang.Object, java.lang.Object, long)'> (0x0000000089a68970) 
thrown [s\src\hotspot\share\interpreter\linkResolver.cpp, line 773]
Event: 16.245 Thread 0x00000215879a5cb0 Exception <a 'java/lang/NoSuchMethodError'{0x0000000089a8edb0}: 'java.lang.Object java.lang.invoke.DirectMethodHandle$Holder.newInvokeSpecial(java.lang.Object, java.lang.Object, long)'> (0x0000000089a8edb0) 
thrown [s\src\hotspot\share\interpreter\linkResolver.cpp, line 773]
Event: 16.245 Thread 0x00000215879a5cb0 Exception <a 'java/lang/NoSuchMethodError'{0x0000000089a923c8}: 'java.lang.Object java.lang.invoke.Invokers$Holder.linkToTargetMethod(java.lang.Object, long, java.lang.Object)'> (0x0000000089a923c8) 
thrown [s\src\hotspot\share\interpreter\linkResolver.cpp, line 773]
Event: 16.245 Thread 0x00000215879a4f90 Exception <a 'java/lang/NoSuchMethodError'{0x0000000089a6bfd8}: 'java.lang.Object java.lang.invoke.Invokers$Holder.linkToTargetMethod(java.lang.Object, long, java.lang.Object)'> (0x0000000089a6bfd8) 
thrown [s\src\hotspot\share\interpreter\linkResolver.cpp, line 773]
Event: 16.415 Thread 0x00000215879a4f90 Implicit null exception at 0x00000215b118c724 to 0x00000215b118cdf0
Event: 16.415 Thread 0x00000215879a5cb0 Implicit null exception at 0x00000215b118c724 to 0x00000215b118cdf0
Event: 19.619 Thread 0x00000215879a4f90 Exception <a 'java/lang/NoSuchMethodError'{0x000000008931eda0}: 'java.lang.Object java.lang.invoke.DirectMethodHandle$Holder.invokeVirtual(java.lang.Object, java.lang.Object, int)'> (0x000000008931eda0) 
thrown [s\src\hotspot\share\interpreter\linkResolver.cpp, line 773]
Event: 19.619 Thread 0x00000215879a5cb0 Exception <a 'java/lang/NoSuchMethodError'{0x000000008932f4c8}: 'java.lang.Object java.lang.invoke.DirectMethodHandle$Holder.invokeVirtual(java.lang.Object, java.lang.Object, int)'> (0x000000008932f4c8) 
thrown [s\src\hotspot\share\interpreter\linkResolver.cpp, line 773]
Event: 19.621 Thread 0x00000215879a4f90 Implicit null exception at 0x00000215b1190f20 to 0x00000215b11915d8
Event: 19.621 Thread 0x00000215879a5cb0 Implicit null exception at 0x00000215b1190f20 to 0x00000215b11915d8
Event: 20.198 Thread 0x00000215879a5cb0 Exception <a 'java/lang/NoSuchMethodError'{0x0000000089210ce0}: 'java.lang.Object java.lang.invoke.DirectMethodHandle$Holder.newInvokeSpecial(java.lang.Object, int, java.lang.Object, java.lang.Object)'> (0x0000000089210ce0) 
thrown [s\src\hotspot\share\interpreter\linkResolver.cpp, line 773]
Event: 20.198 Thread 0x00000215879a4f90 Exception <a 'java/lang/NoSuchMethodError'{0x00000000893c9a10}: 'java.lang.Object java.lang.invoke.DirectMethodHandle$Holder.newInvokeSpecial(java.lang.Object, int, java.lang.Object, java.lang.Object)'> (0x00000000893c9a10) 
thrown [s\src\hotspot\share\interpreter\linkResolver.cpp, line 773]
Event: 20.198 Thread 0x00000215879a4f90 Exception <a 'java/lang/NoSuchMethodError'{0x00000000893cd038}: 'java.lang.Object java.lang.invoke.Invokers$Holder.linkToTargetMethod(int, java.lang.Object, java.lang.Object, java.lang.Object)'> (0x00000000893cd038) 
thrown [s\src\hotspot\share\interpreter\linkResolver.cpp, line 773]

ZGC Phase Switch (0 events):
No events

VM Operations (20 events):
Event: 52.782 Executing VM operation: Cleanup
Event: 52.782 Executing VM operation: Cleanup done
Event: 53.794 Executing VM operation: Cleanup
Event: 53.794 Executing VM operation: Cleanup done
Event: 54.804 Executing VM operation: Cleanup
Event: 54.805 Executing VM operation: Cleanup done
Event: 55.813 Executing VM operation: Cleanup
Event: 55.813 Executing VM operation: Cleanup done
Event: 57.835 Executing VM operation: Cleanup
Event: 57.835 Executing VM operation: Cleanup done
Event: 60.186 Executing VM operation: HandshakeAllThreads (HandshakeForDeflation)
Event: 60.186 Executing VM operation: HandshakeAllThreads (HandshakeForDeflation) done
Event: 60.186 Executing VM operation: RendezvousGCThreads
Event: 60.186 Executing VM operation: RendezvousGCThreads done
Event: 62.207 Executing VM operation: Cleanup
Event: 62.207 Executing VM operation: Cleanup done
Event: 68.274 Executing VM operation: Cleanup
Event: 68.274 Executing VM operation: Cleanup done
Event: 69.285 Executing VM operation: Cleanup
Event: 69.285 Executing VM operation: Cleanup done

Memory protections (0 events):
No events

Nmethod flushes (20 events):
Event: 14.651 Thread 0x00000215bdadd2d0 flushing  nmethod 0x00000215a9ef2b90
Event: 14.651 Thread 0x00000215bdadd2d0 flushing  nmethod 0x00000215aa01ab90
Event: 14.651 Thread 0x00000215bdadd2d0 flushing  nmethod 0x00000215aa1a7110
Event: 14.651 Thread 0x00000215bdadd2d0 flushing  nmethod 0x00000215a984a990
Event: 14.651 Thread 0x00000215bdadd2d0 flushing  nmethod 0x00000215a984b290
Event: 14.651 Thread 0x00000215bdadd2d0 flushing  nmethod 0x00000215a984b890
Event: 14.651 Thread 0x00000215bdadd2d0 flushing  nmethod 0x00000215a984c090
Event: 14.651 Thread 0x00000215bdadd2d0 flushing  nmethod 0x00000215a984dc90
Event: 14.651 Thread 0x00000215bdadd2d0 flushing  nmethod 0x00000215a9850890
Event: 14.651 Thread 0x00000215bdadd2d0 flushing  nmethod 0x00000215a9851390
Event: 14.651 Thread 0x00000215bdadd2d0 flushing  nmethod 0x00000215a9851c90
Event: 14.651 Thread 0x00000215bdadd2d0 flushing  nmethod 0x00000215a9852310
Event: 14.651 Thread 0x00000215bdadd2d0 flushing  nmethod 0x00000215a9852710
Event: 14.651 Thread 0x00000215bdadd2d0 flushing  nmethod 0x00000215a9a93210
Event: 14.651 Thread 0x00000215bdadd2d0 flushing  nmethod 0x00000215a9bfef10
Event: 14.651 Thread 0x00000215bdadd2d0 flushing  nmethod 0x00000215a9c4ae10
Event: 14.651 Thread 0x00000215bdadd2d0 flushing  nmethod 0x00000215a9ec6b10
Event: 14.651 Thread 0x00000215bdadd2d0 flushing  nmethod 0x00000215a9ec7790
Event: 14.651 Thread 0x00000215bdadd2d0 flushing  nmethod 0x00000215a9ec8110
Event: 14.651 Thread 0x00000215bdadd2d0 flushing  nmethod 0x00000215a9f1ef90

Events (20 events):
Event: 15.306 Thread 0x00000215a5d149c0 Thread added: 0x000002158bd8c890
Event: 15.306 Thread 0x00000215a5d149c0 Thread added: 0x000002158bd8e2d0
Event: 15.306 Thread 0x00000215a5d149c0 Thread added: 0x000002158bd8f680
Event: 15.307 Thread 0x00000215a5d149c0 Thread added: 0x000002158bd8c200
Event: 15.333 Thread 0x00000215a5d149c0 Thread added: 0x000002158bd8cf20
Event: 15.336 Thread 0x00000215a5d149c0 Thread added: 0x000002158bd8d5b0
Event: 15.596 Thread 0x00000215a5d149c0 Thread added: 0x000002158bd8eff0
Event: 15.609 Thread 0x00000215a5d149c0 Thread added: 0x00000215879a5620
Event: 15.613 Thread 0x00000215a5d149c0 Thread added: 0x00000215879a4f90
Event: 15.654 Thread 0x00000215a5d149c0 Thread added: 0x00000215879a6340
Event: 15.656 Thread 0x00000215a5d149c0 Thread added: 0x00000215879a3be0
Event: 15.656 Thread 0x00000215a5d149c0 Thread added: 0x00000215879a5cb0
Event: 15.707 Thread 0x00000215a5d149c0 Thread exited: 0x00000215a5d149c0
Event: 15.707 Thread 0x00000215879a3550 Thread added: 0x00000215879a3550
Event: 16.419 Thread 0x00000215879a4f90 Thread added: 0x00000215879a69d0
Event: 16.419 Thread 0x00000215879a5cb0 Thread added: 0x00000215879a4900
Event: 17.024 Thread 0x0000021586b7baa0 Thread exited: 0x0000021586b7baa0
Event: 17.024 Thread 0x0000021586b7cf10 Thread exited: 0x0000021586b7cf10
Event: 45.285 Thread 0x00000215866b53c0 Thread added: 0x00000215879a7060
Event: 45.286 Thread 0x00000215866b46a0 Thread added: 0x00000215879a76f0


Dynamic libraries:
0x00007ff73c500000 - 0x00007ff73c50e000 	C:\Users\Driti Sai\.p2\pool\plugins\org.eclipse.justj.openjdk.hotspot.jre.full.win32.x86_64_21.0.6.v20250130-0529\jre\bin\javaw.exe
0x00007ffc04980000 - 0x00007ffc04be7000 	C:\WINDOWS\SYSTEM32\ntdll.dll
0x00007ffc02f80000 - 0x00007ffc03049000 	C:\WINDOWS\System32\KERNEL32.DLL
0x00007ffc013c0000 - 0x00007ffc017b1000 	C:\WINDOWS\System32\KERNELBASE.dll
0x00007ffc02220000 - 0x00007ffc0236b000 	C:\WINDOWS\System32\ucrtbase.dll
0x00007ffbe0100000 - 0x00007ffbe0118000 	C:\Users\Driti Sai\.p2\pool\plugins\org.eclipse.justj.openjdk.hotspot.jre.full.win32.x86_64_21.0.6.v20250130-0529\jre\bin\jli.dll
0x00007ffbccfa0000 - 0x00007ffbccfbe000 	C:\Users\Driti Sai\.p2\pool\plugins\org.eclipse.justj.openjdk.hotspot.jre.full.win32.x86_64_21.0.6.v20250130-0529\jre\bin\VCRUNTIME140.dll
0x00007ffc02720000 - 0x00007ffc028e5000 	C:\WINDOWS\System32\USER32.dll
0x00007ffc02370000 - 0x00007ffc02397000 	C:\WINDOWS\System32\win32u.dll
0x00007ffbe07e0000 - 0x00007ffbe0a73000 	C:\WINDOWS\WinSxS\amd64_microsoft.windows.common-controls_6595b64144ccf1df_6.0.26100.8037_none_3e092faae333b53b\COMCTL32.dll
0x00007ffc03340000 - 0x00007ffc0336b000 	C:\WINDOWS\System32\GDI32.dll
0x00007ffc03910000 - 0x00007ffc039b9000 	C:\WINDOWS\System32\msvcrt.dll
0x00007ffc020f0000 - 0x00007ffc0221b000 	C:\WINDOWS\System32\gdi32full.dll
0x00007ffc01260000 - 0x00007ffc01303000 	C:\WINDOWS\System32\msvcp_win.dll
0x00007ffc03c50000 - 0x00007ffc03c81000 	C:\WINDOWS\System32\IMM32.DLL
0x00007ffbfc350000 - 0x00007ffbfc35c000 	C:\Users\Driti Sai\.p2\pool\plugins\org.eclipse.justj.openjdk.hotspot.jre.full.win32.x86_64_21.0.6.v20250130-0529\jre\bin\vcruntime140_1.dll
0x00007ffbc3a00000 - 0x00007ffbc3a8d000 	C:\Users\Driti Sai\.p2\pool\plugins\org.eclipse.justj.openjdk.hotspot.jre.full.win32.x86_64_21.0.6.v20250130-0529\jre\bin\msvcp140.dll
0x00007ffb76150000 - 0x00007ffb76ee0000 	C:\Users\Driti Sai\.p2\pool\plugins\org.eclipse.justj.openjdk.hotspot.jre.full.win32.x86_64_21.0.6.v20250130-0529\jre\bin\server\jvm.dll
0x00007ffc03b90000 - 0x00007ffc03c4b000 	C:\WINDOWS\System32\ADVAPI32.dll
0x00007ffc04400000 - 0x00007ffc044a7000 	C:\WINDOWS\System32\sechost.dll
0x00007ffc02bc0000 - 0x00007ffc02cd8000 	C:\WINDOWS\System32\RPCRT4.dll
0x00007ffc02b30000 - 0x00007ffc02ba4000 	C:\WINDOWS\System32\WS2_32.dll
0x00007ffbf8cc0000 - 0x00007ffbf8ccb000 	C:\WINDOWS\SYSTEM32\VERSION.dll
0x00007ffc010c0000 - 0x00007ffc0111e000 	C:\WINDOWS\SYSTEM32\POWRPROF.dll
0x00007ffbe8390000 - 0x00007ffbe83c5000 	C:\WINDOWS\SYSTEM32\WINMM.dll
0x00007ffc010a0000 - 0x00007ffc010b4000 	C:\WINDOWS\SYSTEM32\UMPDC.dll
0x00007ffbfffd0000 - 0x00007ffbfffeb000 	C:\WINDOWS\SYSTEM32\kernel.appcore.dll
0x00007ffbfc340000 - 0x00007ffbfc34a000 	C:\Users\Driti Sai\.p2\pool\plugins\org.eclipse.justj.openjdk.hotspot.jre.full.win32.x86_64_21.0.6.v20250130-0529\jre\bin\jimage.dll
0x00007ffbff050000 - 0x00007ffbff292000 	C:\WINDOWS\SYSTEM32\DBGHELP.DLL
0x00007ffc045b0000 - 0x00007ffc04932000 	C:\WINDOWS\System32\combase.dll
0x00007ffc02ea0000 - 0x00007ffc02f77000 	C:\WINDOWS\System32\OLEAUT32.dll
0x00007ffbdd1e0000 - 0x00007ffbdd21b000 	C:\WINDOWS\SYSTEM32\dbgcore.DLL
0x00007ffc01310000 - 0x00007ffc013b5000 	C:\WINDOWS\System32\bcryptPrimitives.dll
0x00007ffbe00e0000 - 0x00007ffbe00ff000 	C:\Users\Driti Sai\.p2\pool\plugins\org.eclipse.justj.openjdk.hotspot.jre.full.win32.x86_64_21.0.6.v20250130-0529\jre\bin\java.dll
0x00007ffc03c90000 - 0x00007ffc043ef000 	C:\WINDOWS\System32\SHELL32.dll
0x00007ffc025b0000 - 0x00007ffc0271a000 	C:\WINDOWS\System32\wintypes.dll
0x00007ffc017c0000 - 0x00007ffc02024000 	C:\WINDOWS\System32\windows.storage.dll
0x00007ffc02ce0000 - 0x00007ffc02dd7000 	C:\WINDOWS\System32\SHCORE.dll
0x00007ffc04530000 - 0x00007ffc04597000 	C:\WINDOWS\System32\shlwapi.dll
0x00007ffc01180000 - 0x00007ffc011a9000 	C:\WINDOWS\SYSTEM32\profapi.dll
0x00007ffbd0e60000 - 0x00007ffbd0e78000 	C:\Users\Driti Sai\.p2\pool\plugins\org.eclipse.justj.openjdk.hotspot.jre.full.win32.x86_64_21.0.6.v20250130-0529\jre\bin\zip.dll
0x00007ffbe00d0000 - 0x00007ffbe00e0000 	C:\Users\Driti Sai\.p2\pool\plugins\org.eclipse.justj.openjdk.hotspot.jre.full.win32.x86_64_21.0.6.v20250130-0529\jre\bin\net.dll
0x00007ffbfaf60000 - 0x00007ffbfb087000 	C:\WINDOWS\SYSTEM32\WINHTTP.dll
0x00007ffc00560000 - 0x00007ffc005cb000 	C:\WINDOWS\system32\mswsock.dll
0x00007ffbd0140000 - 0x00007ffbd0156000 	C:\Users\Driti Sai\.p2\pool\plugins\org.eclipse.justj.openjdk.hotspot.jre.full.win32.x86_64_21.0.6.v20250130-0529\jre\bin\nio.dll
0x00007ffbffa00000 - 0x00007ffbffa33000 	C:\WINDOWS\SYSTEM32\IPHLPAPI.DLL
0x00007ffc03230000 - 0x00007ffc0323a000 	C:\WINDOWS\System32\NSI.dll
0x00007ffbffaa0000 - 0x00007ffbffbca000 	C:\WINDOWS\SYSTEM32\DNSAPI.dll
0x00007ffbf16a0000 - 0x00007ffbf16ab000 	C:\Windows\System32\rasadhlp.dll
0x00007ffbfb150000 - 0x00007ffbfb1d6000 	C:\WINDOWS\System32\fwpuclnt.dll
0x00007ffbfc360000 - 0x00007ffbfc36e000 	C:\Users\Driti Sai\.p2\pool\plugins\org.eclipse.justj.openjdk.hotspot.jre.full.win32.x86_64_21.0.6.v20250130-0529\jre\bin\sunmscapi.dll
0x00007ffc02430000 - 0x00007ffc025a7000 	C:\WINDOWS\System32\CRYPT32.dll
0x00007ffc00a60000 - 0x00007ffc00a90000 	C:\WINDOWS\SYSTEM32\ncrypt.dll
0x00007ffc00a10000 - 0x00007ffc00a4f000 	C:\WINDOWS\SYSTEM32\NTASN1.dll
0x00007ffbd0130000 - 0x00007ffbd0140000 	C:\Users\Driti Sai\.p2\pool\plugins\org.eclipse.justj.openjdk.hotspot.jre.full.win32.x86_64_21.0.6.v20250130-0529\jre\bin\verify.dll
0x00007ffc00840000 - 0x00007ffc0085b000 	C:\WINDOWS\SYSTEM32\CRYPTSP.dll
0x00007ffbfff30000 - 0x00007ffbfff69000 	C:\WINDOWS\system32\rsaenh.dll
0x00007ffc00610000 - 0x00007ffc00642000 	C:\WINDOWS\SYSTEM32\USERENV.dll
0x00007ffc01150000 - 0x00007ffc0117a000 	C:\WINDOWS\SYSTEM32\bcrypt.dll
0x00007ffc00860000 - 0x00007ffc0086c000 	C:\WINDOWS\SYSTEM32\CRYPTBASE.dll
0x00007ffbccf90000 - 0x00007ffbccf9a000 	C:\Users\Driti Sai\.p2\pool\plugins\org.eclipse.justj.openjdk.hotspot.jre.full.win32.x86_64_21.0.6.v20250130-0529\jre\bin\management.dll
0x00007ffbccf80000 - 0x00007ffbccf8b000 	C:\Users\Driti Sai\.p2\pool\plugins\org.eclipse.justj.openjdk.hotspot.jre.full.win32.x86_64_21.0.6.v20250130-0529\jre\bin\management_ext.dll
0x00007ffc045a0000 - 0x00007ffc045a8000 	C:\WINDOWS\System32\PSAPI.DLL
0x00007ffbd0120000 - 0x00007ffbd0129000 	C:\Users\Driti Sai\.p2\pool\plugins\org.eclipse.justj.openjdk.hotspot.jre.full.win32.x86_64_21.0.6.v20250130-0529\jre\bin\extnet.dll
0x00007ffbab680000 - 0x00007ffbab688000 	C:\WINDOWS\system32\wshunix.dll

dbghelp: loaded successfully - version: 4.0.5 - missing functions: none
symbol engine: initialized successfully - sym options: 0x614 - pdb path: .;C:\Users\Driti Sai\.p2\pool\plugins\org.eclipse.justj.openjdk.hotspot.jre.full.win32.x86_64_21.0.6.v20250130-0529\jre\bin;C:\WINDOWS\SYSTEM32;C:\WINDOWS\WinSxS\amd64_microsoft.windows.common-controls_6595b64144ccf1df_6.0.26100.8037_none_3e092faae333b53b;C:\Users\Driti Sai\.p2\pool\plugins\org.eclipse.justj.openjdk.hotspot.jre.full.win32.x86_64_21.0.6.v20250130-0529\jre\bin\server

VM Arguments:
jvm_args: -Dfile.encoding=UTF-8 -Dstdout.encoding=UTF-8 -Dstderr.encoding=UTF-8 -XX:+ShowCodeDetailsInExceptionMessages 
java_command: com.wallet.tx.TransactionServiceApplication
java_class_path (initial): D:\Digital-Wallet-System\transaction-service\target\classes;C:\Users\Driti Sai\.m2\repository\org\springframework\boot\spring-boot-starter-web\3.2.3\spring-boot-starter-web-3.2.3.jar;C:\Users\Driti Sai\.m2\repository\org\springframework\boot\spring-boot-starter\3.2.3\spring-boot-starter-3.2.3.jar;C:\Users\Driti Sai\.m2\repository\org\springframework\boot\spring-boot\3.2.3\spring-boot-3.2.3.jar;C:\Users\Driti Sai\.m2\repository\org\springframework\boot\spring-boot-autoconfigure\3.2.3\spring-boot-autoconfigure-3.2.3.jar;C:\Users\Driti Sai\.m2\repository\org\springframework\boot\spring-boot-starter-logging\3.2.3\spring-boot-starter-logging-3.2.3.jar;C:\Users\Driti Sai\.m2\repository\ch\qos\logback\logback-classic\1.4.14\logback-classic-1.4.14.jar;C:\Users\Driti Sai\.m2\repository\ch\qos\logback\logback-core\1.4.14\logback-core-1.4.14.jar;C:\Users\Driti Sai\.m2\repository\org\apache\logging\log4j\log4j-to-slf4j\2.21.1\log4j-to-slf4j-2.21.1.jar;C:\Users\Driti Sai\.m2\repository\org\apache\logging\log4j\log4j-api\2.21.1\log4j-api-2.21.1.jar;C:\Users\Driti Sai\.m2\repository\org\slf4j\jul-to-slf4j\2.0.12\jul-to-slf4j-2.0.12.jar;C:\Users\Driti Sai\.m2\repository\jakarta\annotation\jakarta.annotation-api\2.1.1\jakarta.annotation-api-2.1.1.jar;C:\Users\Driti Sai\.m2\repository\org\yaml\snakeyaml\2.2\snakeyaml-2.2.jar;C:\Users\Driti Sai\.m2\repository\org\springframework\boot\spring-boot-starter-json\3.2.3\spring-boot-starter-json-3.2.3.jar;C:\Users\Driti Sai\.m2\repository\com\fasterxml\jackson\core\jackson-databind\2.15.4\jackson-databind-2.15.4.jar;C:\Users\Driti Sai\.m2\repository\com\fasterxml\jackson\datatype\jackson-datatype-jdk8\2.15.4\jackson-datatype-jdk8-2.15.4.jar;C:\Users\Driti Sai\.m2\repository\com\fasterxml\jackson\datatype\jackson-datatype-jsr310\2.15.4\jackson-datatype-jsr310-2.15.4.jar;C:\Users\Driti Sai\.m2\repository\com\fasterxml\jackson\module\jackson-module-parameter-names\2.15.4\jackson-module-parameter-names-2.15.4.jar;C:\Users\Driti Sai\.m2\repository\org\springframework\boot\spring-boot-starter-tomcat\3.2.3\spring-boot-starter-tomcat-3.2.3.jar;C:\Users\Driti Sai\.m2\repository\org\apache\tomcat\embed\tomcat-embed-core\10.1.19\tomcat-embed-core-10.1.19.jar;C:\Users\Driti Sai\.m2\repository\org\apache\tomcat\embed\tomcat-embed-websocket\10.1.19\tomcat-embed-websocket-10.1.19.jar;C:\Users\Driti Sai\.m2\repository\org\springframework\spring-web\6.1.4\spring-web-6.1.4.jar;C:\Users\Driti Sai\.m2\repository\org\springframework\spring-beans\6.1.4\spring-beans-6.1.4.jar;C:\Users\Driti Sai\.m2\repository\org\springframework\spring-webmvc\6.1.4\spring-webmvc-6.1.4.jar;C:\Users\Driti Sai\.m2\repository\org\springframework\spring-aop\6.1.4\spring-aop-6.1.4.jar;C:\Users\Driti Sai\.m2\repository\org\springframework\spring-expression\6.1.4\spring-expression-6.1.4.jar;C:\Users\Driti Sai\.m2\repository\org\springframework\boot\spring-boot-starter-data-jpa\3.2.3\spring-boot-starter-data-jpa-3.2.3.jar;C:\Users\Driti Sai\.m2\repository\org\springframework\boot\spring-boot-starter-aop\3.2.3\spring-boot-starter-aop-3.2.3.jar;C:\Users\Driti Sai\.m2\repository\org\aspectj\aspectjweaver\1.9.21\aspectjweaver-1.9.21.jar;C:\Users\Driti Sai\.m2\repository\org\springframework\boot\spring-boot-starter-jdbc\3.2.3\spring-boot-starter-jdbc-3.2.3.jar;C:\Users\Driti Sai\.m2\repository\com\zaxxer\HikariCP\5.0.1\HikariCP-5.0.1.jar;C:\Users\Driti Sai\.m2\repository\org\springframework\spring-jdbc\6.1.4\spring-jdbc-6.1.4.jar;C:\Users\Driti Sai\.m2\repository\org\hibernate\orm\hibernate-core\6.4.4.Final\hibernate-core-6.4.4.Final.jar;C:\Users\Driti Sai\.m2\repository\jakarta\persistence\jakarta.persistence-api\3.1.0\jakarta.persistence-api-3.1.0.jar;C:\Users\Driti Sai\.m2\repository\jakarta\transaction\jakarta.transaction-api\2.0.1\jakarta.transaction-api-2.0.1.jar;C:\Users\Driti Sai\.m2\repository\org\jboss\logging\jboss-logging\3.5.3.Final\jboss-logging-3.5.3.Final.jar;C:\Users\Driti Sai\.m2\repository\org\hibernate\common\hibernate-commons-annotations\6.0.6.Final\hibernate-commons-annotations-6.0.6.Final.jar;C:\Users\Driti Sai\.m2\repository\io\smallrye\jandex\3.1.2\jandex-3.1.2.jar;C:\Users\Driti Sai\.m2\repository\com\fasterxml\classmate\1.6.0\classmate-1.6.0.jar;C:\Users\Driti Sai\.m2\repository\net\bytebuddy\byte-buddy\1.14.12\byte-buddy-1.14.12.jar;C:\Users\Driti Sai\.m2\repository\org\glassfish\jaxb\jaxb-runtime\4.0.4\jaxb-runtime-4.0.4.jar;C:\Users\Driti Sai\.m2\repository\org\glassfish\jaxb\jaxb-core\4.0.4\jaxb-core-4.0.4.jar;C:\Users\Driti Sai\.m2\repository\org\eclipse\angus\angus-activation\2.0.1\angus-activation-2.0.1.jar;C:\Users\Driti Sai\.m2\repository\org\glassfish\jaxb\txw2\4.0.4\txw2-4.0.4.jar;C:\Users\Driti Sai\.m2\repository\com\sun\istack\istack-commons-runtime\4.1.2\istack-commons-runtime-4.1.2.jar;C:\Users\Driti Sai\.m2\repository\jakarta\inject\jakarta.inject-api\2.0.1\jakarta.inject-api-2.0.1.jar;C:\Users\Driti Sai\.m2\repository\org\antlr\antlr4-runtime\4.13.0\antlr4-runtime-4.13.0.jar;C:\Users\Driti Sai\.m2\repository\org\springframework\data\spring-data-jpa\3.2.3\spring-data-jpa-3.2.3.jar;C:\Users\Driti Sai\.m2\repository\org\springframework\data\spring-data-commons\3.2.3\spring-data-commons-3.2.3.jar;C:\Users\Driti Sai\.m2\repository\org\springframework\spring-orm\6.1.4\spring-orm-6.1.4.jar;C:\Users\Driti Sai\.m2\repository\org\springframework\spring-aspects\6.1.4\spring-aspects-6.1.4.jar;C:\Users\Driti Sai\.m2\repository\org\springframework\kafka\spring-kafka\3.1.2\spring-kafka-3.1.2.jar;C:\Users\Driti Sai\.m2\repository\org\springframework\spring-context\6.1.4\spring-context-6.1.4.jar;C:\Users\Driti Sai\.m2\repository\org\springframework\spring-messaging\6.1.4\spring-messaging-6.1.4.jar;C:\Users\Driti Sai\.m2\repository\org\springframework\spring-tx\6.1.4\spring-tx-6.1.4.jar;C:\Users\Driti Sai\.m2\repository\org\springframework\retry\spring-retry\2.0.5\spring-retry-2.0.5.jar;C:\Users\Driti Sai\.m2\repository\org\apache\kafka\kafka-clients\3.6.1\kafka-clients-3.6.1.jar;C:\Users\Driti Sai\.m2\repository\com\github\luben\zstd-jni\1.5.5-1\zstd-jni-1.5.5-1.jar;C:\Users\Driti Sai\.m2\repository\org\lz4\lz4-java\1.8.0\lz4-java-1.8.0.jar;C:\Users\Driti Sai\.m2\repository\org\xerial\snappy\snappy-java\1.1.10.5\snappy-java-1.1.10.5.jar;C:\Users\Driti Sai\.m2\repository\io\micrometer\micrometer-observation\1.12.3\micrometer-observation-1.12.3.jar;C:\Users\Driti Sai\.m2\repository\io\micrometer\micrometer-commons\1.12.3\micrometer-commons-1.12.3.jar;C:\Users\Driti Sai\.m2\repository\com\google\code\findbugs\jsr305\3.0.2\jsr305-3.0.2.jar;C:\Users\Driti Sai\.m2\repository\org\springframework\cloud\spring-cloud-starter-netflix-eureka-client\4.1.0\spring-cloud-starter-netflix-eureka-client-4.1.0.jar;C:\Users\Driti Sai\.m2\repository\org\springframework\cloud\spring-cloud-starter\4.1.0\spring-cloud-starter-4.1.0.jar;C:\Users\Driti Sai\.m2\repository\org\springframework\cloud\spring-cloud-context\4.1.0\spring-cloud-context-4.1.0.jar;C:\Users\Driti Sai\.m2\repository\org\springframework\security\spring-security-crypto\6.2.2\spring-security-crypto-6.2.2.jar;C:\Users\Driti Sai\.m2\repository\org\springframework\cloud\spring-cloud-commons\4.1.0\spring-cloud-commons-4.1.0.jar;C:\Users\Driti Sai\.m2\repository\org\springframework\security\spring-security-rsa\1.1.1\spring-security-rsa-1.1.1.jar;C:\Users\Driti Sai\.m2\repository\org\bouncycastle\bcprov-jdk18on\1.74\bcprov-jdk18on-1.74.jar;C:\Users\Driti Sai\.m2\repository\org\springframework\cloud\spring-cloud-netflix-eureka-client\4.1.0\spring-cloud-netflix-eureka-client-4.1.0.jar;C:\Users\Driti Sai\.m2\repository\org\apache\httpcomponents\client5\httpclient5\5.2.3\httpclient5-5.2.3.jar;C:\Users\Driti Sai\.m2\repository\org\apache\httpcomponents\core5\httpcore5\5.2.4\httpcore5-5.2.4.jar;C:\Users\Driti Sai\.m2\repository\org\apache\httpcomponents\core5\httpcore5-h2\5.2.4\httpcore5-h2-5.2.4.jar;C:\Users\Driti Sai\.m2\repository\com\netflix\eureka\eureka-client\2.0.1\eureka-client-2.0.1.jar;C:\Users\Driti Sai\.m2\repository\com\netflix\netflix-commons\netflix-eventbus\0.3.0\netflix-eventbus-0.3.0.jar;C:\Users\Driti Sai\.m2\repository\com\netflix\netflix-commons\netflix-infix\0.3.0\netflix-infix-0.3.0.jar;C:\Users\Driti Sai\.m2\repository\commons-jxpath\commons-jxpath\1.3\commons-jxpath-1.3.jar;C:\Users\Driti Sai\.m2\repository\joda-time\joda-time\2.3\joda-time-2.3.jar;C:\Users\Driti Sai\.m2\repository\org\antlr\antlr-runtime\3.4\antlr-runtime-3.4.jar;C:\Users\Driti Sai\.m2\repository\org\antlr\stringtemplate\3.2.1\stringtemplate-3.2.1.jar;C:\Users\Driti Sai\.m2\repository\antlr\antlr\2.7.7\antlr-2.7.7.jar;C:\Users\Driti Sai\.m2\repository\com\google\code\gson\gson\2.10.1\gson-2.10.1.jar;C:\Users\Driti Sai\.m2\repository\org\apache\commons\commons-math\2.2\commons-math-2.2.jar;C:\Users\Driti Sai\.m2\repository\com\thoughtworks\xstream\xstream\1.4.19\xstream-1.4.19.jar;C:\Users\Driti Sai\.m2\repository\io\github\x-stream\mxparser\1.2.2\mxparser-1.2.2.jar;C:\Users\Driti Sai\.m2\repository\xmlpull\xmlpull\1.1.3.1\xmlpull-1.1.3.1.jar;C:\Users\Driti Sai\.m2\repository\jakarta\ws\rs\jakarta.ws.rs-api\3.1.0\jakarta.ws.rs-api-3.1.0.jar;C:\Users\Driti Sai\.m2\repository\com\netflix\servo\servo-core\0.12.21\servo-core-0.12.21.jar;C:\Users\Driti Sai\.m2\repository\com\google\guava\guava\19.0\guava-19.0.jar;C:\Users\Driti Sai\.m2\repository\org\apache\httpcomponents\httpclient\4.5.3\httpclient-4.5.3.jar;C:\Users\Driti Sai\.m2\repository\org\apache\httpcomponents\httpcore\4.4.16\httpcore-4.4.16.jar;C:\Users\Driti Sai\.m2\repository\commons-codec\commons-codec\1.16.1\commons-codec-1.16.1.jar;C:\Users\Driti Sai\.m2\repository\commons-configuration\commons-configuration\1.10\commons-configuration-1.10.jar;C:\Users\Driti Sai\.m2\repository\commons-lang\commons-lang\2.6\commons-lang-2.6.jar;C:\Users\Driti Sai\.m2\repository\com\fasterxml\jackson\core\jackson-annotations\2.15.4\jackson-annotations-2.15.4.jar;C:\Users\Driti Sai\.m2\repository\com\fasterxml\jackson\core\jackson-core\2.15.4\jackson-core-2.15.4.jar;C:\Users\Driti Sai\.m2\repository\org\codehaus\jettison\jettison\1.4.0\jettison-1.4.0.jar;C:\Users\Driti Sai\.m2\repository\com\netflix\eureka\eureka-core\2.0.1\eureka-core-2.0.1.jar;C:\Users\Driti Sai\.m2\repository\com\fasterxml\woodstox\woodstox-core\6.2.1\woodstox-core-6.2.1.jar;C:\Users\Driti Sai\.m2\repository\org\codehaus\woodstox\stax2-api\4.2.1\stax2-api-4.2.1.jar;C:\Users\Driti Sai\.m2\repository\org\springframework\cloud\spring-cloud-starter-loadbalancer\4.1.0\spring-cloud-starter-loadbalancer-4.1.0.jar;C:\Users\Driti Sai\.m2\repository\org\springframework\cloud\spring-cloud-loadbalancer\4.1.0\spring-cloud-loadbalancer-4.1.0.jar;C:\Users\Driti Sai\.m2\repository\io\projectreactor\reactor-core\3.6.3\reactor-core-3.6.3.jar;C:\Users\Driti Sai\.m2\repository\org\reactivestreams\reactive-streams\1.0.4\reactive-streams-1.0.4.jar;C:\Users\Driti Sai\.m2\repository\io\projectreactor\addons\reactor-extra\3.5.1\reactor-extra-3.5.1.jar;C:\Users\Driti Sai\.m2\repository\org\springframework\boot\spring-boot-starter-cache\3.2.3\spring-boot-starter-cache-3.2.3.jar;C:\Users\Driti Sai\.m2\repository\org\springframework\spring-context-support\6.1.4\spring-context-support-6.1.4.jar;C:\Users\Driti Sai\.m2\repository\com\stoyanr\evictor\1.0.0\evictor-1.0.0.jar;C:\Users\Driti Sai\.m2\repository\org\postgresql\postgresql\42.6.1\postgresql-42.6.1.jar;C:\Users\Driti Sai\.m2\repository\org\checkerframework\checker-qual\3.31.0\checker-qual-3.31.0.jar;C:\Users\Driti Sai\.m2\repository\org\springdoc\springdoc-openapi-starter-webmvc-ui\2.3.0\springdoc-openapi-starter-webmvc-ui-2.3.0.jar;C:\Users\Driti Sai\.m2\repository\org\springdoc\springdoc-openapi-starter-webmvc-api\2.3.0\springdoc-openapi-starter-webmvc-api-2.3.0.jar;C:\Users\Driti Sai\.m2\repository\org\springdoc\springdoc-openapi-starter-common\2.3.0\springdoc-openapi-starter-common-2.3.0.jar;C:\Users\Driti Sai\.m2\repository\io\swagger\core\v3\swagger-core-jakarta\2.2.19\swagger-core-jakarta-2.2.19.jar;C:\Users\Driti Sai\.m2\repository\org\apache\commons\commons-lang3\3.13.0\commons-lang3-3.13.0.jar;C:\Users\Driti Sai\.m2\repository\io\swagger\core\v3\swagger-annotations-jakarta\2.2.19\swagger-annotations-jakarta-2.2.19.jar;C:\Users\Driti Sai\.m2\repository\io\swagger\core\v3\swagger-models-jakarta\2.2.19\swagger-models-jakarta-2.2.19.jar;C:\Users\Driti Sai\.m2\repository\com\fasterxml\jackson\dataformat\jackson-dataformat-yaml\2.15.4\jackson-dataformat-yaml-2.15.4.jar;C:\Users\Driti Sai\.m2\repository\org\webjars\swagger-ui\5.10.3\swagger-ui-5.10.3.jar;C:\Users\Driti Sai\.m2\repository\org\springframework\boot\spring-boot-starter-actuator\3.2.3\spring-boot-starter-actuator-3.2.3.jar;C:\Users\Driti Sai\.m2\repository\org\springframework\boot\spring-boot-actuator-autoconfigure\3.2.3\spring-boot-actuator-autoconfigure-3.2.3.jar;C:\Users\Driti Sai\.m2\repository\org\springframework\boot\spring-boot-actuator\3.2.3\spring-boot-actuator-3.2.3.jar;C:\Users\Driti Sai\.m2\repository\io\micrometer\micrometer-jakarta9\1.12.3\micrometer-jakarta9-1.12.3.jar;C:\Users\Driti Sai\.m2\repository\io\micrometer\micrometer-core\1.12.3\micrometer-core-1.12.3.jar;C:\Users\Driti Sai\.m2\repository\org\hdrhistogram\HdrHistogram\2.1.12\HdrHistogram-2.1.12.jar;C:\Users\Driti Sai\.m2\repository\org\latencyutils\LatencyUtils\2.0.3\LatencyUtils-2.0.3.jar;C:\Users\Driti Sai\.m2\repository\io\micrometer\micrometer-tracing-bridge-brave\1.2.3\micrometer-tracing-bridge-brave-1.2.3.jar;C:\Users\Driti Sai\.m2\repository\io\micrometer\micrometer-tracing\1.2.3\micrometer-tracing-1.2.3.jar;C:\Users\Driti Sai\.m2\repository\io\micrometer\context-propagation\1.1.1\context-propagation-1.1.1.jar;C:\Users\Driti Sai\.m2\repository\aopalliance\aopalliance\1.0\aopalliance-1.0.jar;C:\Users\Driti Sai\.m2\repository\org\slf4j\slf4j-api\2.0.12\slf4j-api-2.0.12.jar;C:\Users\Driti Sai\.m2\repository\io\zipkin\brave\brave\5.16.0\brave-5.16.0.jar;C:\Users\Driti Sai\.m2\repository\io\zipkin\brave\brave-context-slf4j\5.16.0\brave-context-slf4j-5.16.0.jar;C:\Users\Driti Sai\.m2\repository\io\zipkin\brave\brave-instrumentation-http\5.16.0\brave-instrumentation-http-5.16.0.jar;C:\Users\Driti Sai\.m2\repository\io\zipkin\aws\brave-propagation-aws\0.23.5\brave-propagation-aws-0.23.5.jar;C:\Users\Driti Sai\.m2\repository\io\zipkin\reporter2\zipkin-reporter-brave\2.16.3\zipkin-reporter-brave-2.16.3.jar;C:\Users\Driti Sai\.m2\repository\io\zipkin\reporter2\zipkin-reporter\2.16.3\zipkin-reporter-2.16.3.jar;C:\Users\Driti Sai\.m2\repository\io\zipkin\zipkin2\zipkin\2.23.2\zipkin-2.23.2.jar;C:\Users\Driti Sai\.m2\repository\org\springframework\boot\spring-boot-starter-validation\3.2.3\spring-boot-starter-validation-3.2.3.jar;C:\Users\Driti Sai\.m2\repository\org\apache\tomcat\embed\tomcat-embed-el\10.1.19\tomcat-embed-el-10.1.19.jar;C:\Users\Driti Sai\.m2\repository\org\hibernate\validator\hibernate-validator\8.0.1.Final\hibernate-validator-8.0.1.Final.jar;C:\Users\Driti Sai\.m2\repository\jakarta\validation\jakarta.validation-api\3.0.2\jakarta.validation-api-3.0.2.jar;C:\Users\Driti Sai\.m2\repository\jakarta\xml\bind\jakarta.xml.bind-api\4.0.1\jakarta.xml.bind-api-4.0.1.jar;C:\Users\Driti Sai\.m2\repository\jakarta\activation\jakarta.activation-api\2.1.2\jakarta.activation-api-2.1.2.jar;C:\Users\Driti Sai\.m2\repository\org\springframework\spring-core\6.1.4\spring-core-6.1.4.jar;C:\Users\Driti Sai\.m2\repository\org\springframework\spring-jcl\6.1.4\spring-jcl-6.1.4.jar
Launcher Type: SUN_STANDARD

[Global flags]
     intx CICompilerCount                          = 4                                         {product} {ergonomic}
     uint ConcGCThreads                            = 2                                         {product} {ergonomic}
     uint G1ConcRefinementThreads                  = 8                                         {product} {ergonomic}
   size_t G1HeapRegionSize                         = 1048576                                   {product} {ergonomic}
    uintx GCDrainStackTargetSize                   = 64                                        {product} {ergonomic}
   size_t InitialHeapSize                          = 132120576                                 {product} {ergonomic}
   size_t MarkStackSize                            = 4194304                                   {product} {ergonomic}
   size_t MaxHeapSize                              = 2082471936                                {product} {ergonomic}
   size_t MaxNewSize                               = 1248854016                                {product} {ergonomic}
   size_t MinHeapDeltaBytes                        = 1048576                                   {product} {ergonomic}
   size_t MinHeapSize                              = 8388608                                   {product} {ergonomic}
    uintx NonNMethodCodeHeapSize                   = 5839372                                {pd product} {ergonomic}
    uintx NonProfiledCodeHeapSize                  = 122909434                              {pd product} {ergonomic}
     bool PerfDisableSharedMem                     = true                                      {product} {ergonomic}
    uintx ProfiledCodeHeapSize                     = 122909434                              {pd product} {ergonomic}
    uintx ReservedCodeCacheSize                    = 251658240                              {pd product} {ergonomic}
     bool SegmentedCodeCache                       = true                                      {product} {ergonomic}
     bool ShowCodeDetailsInExceptionMessages       = true                                   {manageable} {command line}
   size_t SoftMaxHeapSize                          = 2082471936                             {manageable} {ergonomic}
     bool UseCompressedOops                        = true                           {product lp64_product} {ergonomic}
     bool UseG1GC                                  = true                                      {product} {ergonomic}
     bool UseLargePagesIndividualAllocation        = false                                  {pd product} {ergonomic}

Logging:
Log output configuration:
 #0: stdout all=warning uptime,level,tags foldmultilines=false
 #1: stderr all=off uptime,level,tags foldmultilines=false

Environment Variables:
JAVA_HOME=C:\Program Files\Eclipse Adoptium\jdk-25.0.2.10-hotspot
PATH=C:/Users/Driti Sai/.p2/pool/plugins/org.eclipse.justj.openjdk.hotspot.jre.full.win32.x86_64_21.0.6.v20250130-0529/jre/bin/server;C:/Users/Driti Sai/.p2/pool/plugins/org.eclipse.justj.openjdk.hotspot.jre.full.win32.x86_64_21.0.6.v20250130-0529/jre/bin;C:\Program Files\Eclipse Adoptium\jdk-25.0.2.10-hotspot\bin;C:\Python314\Scripts\;C:\Python314\;D:\oracle\product\10.2.0\db_1\bin;C:\Program Files (x86)\Common Files\Oracle\Java\java8path;C:\Program Files (x86)\Common Files\Oracle\Java\javapath;C:\Python313\Scripts\;C:\Python313\;C:\oraclexe\app\oracle\product\11.2.0\server\bin;C:\windows\system32;C:\windows;C:\windows\System32\Wbem;C:\windows\System32\WindowsPowerShell\v1.0\;C:\windows\System32\OpenSSH\;C:\Program Files (x86)\NVIDIA Corporation\PhysX\Common;C:\Program Files\NVIDIA Corporation\NVIDIA NvDLISR;C:\Program Files\dotnet\;C:\WINDOWS\system32;C:\WINDOWS;C:\WINDOWS\System32\Wbem;C:\WINDOWS\System32\WindowsPowerShell\v1.0\;C:\WINDOWS\System32\OpenSSH\;C:\Program Files\Eclipse Adoptium\jdk-25.0.2.10-hotspot\bin;C:\hadoopsetup\hadoop-3.2.4\bin;C:\derby\bin;C:\hive\bin;C:\hbase\bin;C:\pig\bin;C:\ProgramData\chocolatey\bin;C:\Program Files\Git\cmd;C:\Program Files\php;C:\Program Files\WireGuard\;C:\spark\bin;C:\winutils\bin\bin;C:\kafka_2.12-3.9.1\bin;C:\Program Files\Redis\;C:\Program Files\nodejs\;C:\apache-maven-3.9.13\bin;;C:\Program Files\Docker\Docker\resources\bin;C:\Program Files\MySQL\MySQL Shell 8.0\bin\;C:\Users\Driti Sai\AppData\Local\Microsoft\WindowsApps;C:\MinGW\bin;C:\Users\Driti Sai\AppData\Local\Programs\Microsoft VS Code\bin;C:\Program Files\PostgreSQL\17\bin;C:\Users\Driti Sai\AppData\Roaming\npm;C:\Users\Driti Sai\AppData\Local\Programs\Antigravity\bin;C:\Users\Driti Sai\Desktop;
USERNAME=Driti Sai
OS=Windows_NT
PROCESSOR_IDENTIFIER=Intel64 Family 6 Model 140 Stepping 1, GenuineIntel
TMP=C:\Users\DRITIS~1\AppData\Local\Temp
TEMP=C:\Users\DRITIS~1\AppData\Local\Temp




Periodic native trim disabled

---------------  S Y S T E M  ---------------

OS:
 Windows 11 , 64 bit Build 26100 (10.0.26100.7920)
OS uptime: 0 days 1:35 hours
Hyper-V role detected

CPU: total 8 (initial active 8) (4 cores per cpu, 2 threads per core) family 6 model 140 stepping 1 microcode 0xa4, cx8, cmov, fxsr, ht, mmx, 3dnowpref, sse, sse2, sse3, ssse3, sse4.1, sse4.2, popcnt, lzcnt, tsc, tscinvbit, avx, avx2, aes, erms, clmul, bmi1, bmi2, adx, avx512f, avx512dq, avx512cd, avx512bw, avx512vl, sha, fma, vzeroupper, avx512_vpopcntdq, avx512_vpclmulqdq, avx512_vaes, avx512_vnni, clflush, clflushopt, clwb, avx512_vbmi2, avx512_vbmi, hv, rdtscp, rdpid, fsrm, gfni, avx512_bitalg, f16c, cet_ibt, cet_ss, avx512_ifma
Processor Information for processor 0
  Max Mhz: 3110, Current Mhz: 1203, Mhz Limit: 3110
Processor Information for processor 1
  Max Mhz: 3110, Current Mhz: 1203, Mhz Limit: 3110
Processor Information for processor 2
  Max Mhz: 3110, Current Mhz: 3110, Mhz Limit: 3110
Processor Information for processor 3
  Max Mhz: 3110, Current Mhz: 3110, Mhz Limit: 3110
Processor Information for processor 4
  Max Mhz: 3110, Current Mhz: 1203, Mhz Limit: 3110
Processor Information for processor 5
  Max Mhz: 3110, Current Mhz: 1203, Mhz Limit: 3110
Processor Information for processor 6
  Max Mhz: 3110, Current Mhz: 3110, Mhz Limit: 3110
Processor Information for processor 7
  Max Mhz: 3110, Current Mhz: 3110, Mhz Limit: 3110

Memory: 4k page, system-wide physical 7937M (566M free)
TotalPageFile size 23468M (AvailPageFile size 1M)
current process WorkingSet (physical memory assigned to process): 311M, peak: 378M
current process commit charge ("private bytes"): 372M, peak: 418M

vm_info: OpenJDK 64-Bit Server VM (21.0.6+7-LTS) for windows-amd64 JRE (21.0.6+7-LTS), built on 2025-01-21T00:00:00Z by "admin" with MS VC++ 17.7 (VS2022)

END.
